Component: ARM Compiler 5.06 update 7 (build 960) Tool: armlink [4d3601]

==============================================================================

Section Cross References

    isr.o(i.DMA1_Channel1_IRQHandler) refers to hal_dma.o(i.DMA_GetFlagStatus) for DMA_GetFlagStatus
    isr.o(i.DMA1_Channel1_IRQHandler) refers to hal_dma.o(i.DMA_ClearFlag) for DMA_ClearFlag
    isr.o(i.DMA1_Channel2_IRQHandler) refers to hal_dma.o(i.DMA_GetFlagStatus) for DMA_GetFlagStatus
    isr.o(i.DMA1_Channel2_IRQHandler) refers to hal_dma.o(i.DMA_ClearFlag) for DMA_ClearFlag
    isr.o(i.DMA1_Channel3_IRQHandler) refers to hal_dma.o(i.DMA_GetFlagStatus) for DMA_GetFlagStatus
    isr.o(i.DMA1_Channel3_IRQHandler) refers to hal_dma.o(i.DMA_ClearFlag) for DMA_ClearFlag
    isr.o(i.DMA1_Channel4_IRQHandler) refers to hal_dma.o(i.DMA_GetFlagStatus) for DMA_GetFlagStatus
    isr.o(i.DMA1_Channel4_IRQHandler) refers to hal_dma.o(i.DMA_ClearFlag) for DMA_ClearFlag
    isr.o(i.DMA1_Channel4_IRQHandler) refers to seekfree_7725.o(i.ov7725_dma) for ov7725_dma
    isr.o(i.DMA1_Channel4_IRQHandler) refers to seekfree_uart_7725.o(i.ov7725_uart_dma) for ov7725_uart_dma
    isr.o(i.DMA1_Channel4_IRQHandler) refers to seekfree_mt9v03x.o(i.mt9v03x_dma) for mt9v03x_dma
    isr.o(i.DMA1_Channel4_IRQHandler) refers to common.o(.data) for camera_type
    isr.o(i.DMA1_Channel5_IRQHandler) refers to hal_dma.o(i.DMA_GetFlagStatus) for DMA_GetFlagStatus
    isr.o(i.DMA1_Channel5_IRQHandler) refers to hal_dma.o(i.DMA_ClearFlag) for DMA_ClearFlag
    isr.o(i.DMA1_Channel6_IRQHandler) refers to hal_dma.o(i.DMA_GetFlagStatus) for DMA_GetFlagStatus
    isr.o(i.DMA1_Channel6_IRQHandler) refers to hal_dma.o(i.DMA_ClearFlag) for DMA_ClearFlag
    isr.o(i.DMA1_Channel7_IRQHandler) refers to hal_dma.o(i.DMA_GetFlagStatus) for DMA_GetFlagStatus
    isr.o(i.DMA1_Channel7_IRQHandler) refers to hal_dma.o(i.DMA_ClearFlag) for DMA_ClearFlag
    isr.o(i.DMA2_Channel1_IRQHandler) refers to hal_dma.o(i.DMA_GetFlagStatus) for DMA_GetFlagStatus
    isr.o(i.DMA2_Channel1_IRQHandler) refers to hal_dma.o(i.DMA_ClearFlag) for DMA_ClearFlag
    isr.o(i.DMA2_Channel2_IRQHandler) refers to hal_dma.o(i.DMA_GetFlagStatus) for DMA_GetFlagStatus
    isr.o(i.DMA2_Channel2_IRQHandler) refers to hal_dma.o(i.DMA_ClearFlag) for DMA_ClearFlag
    isr.o(i.DMA2_Channel3_IRQHandler) refers to hal_dma.o(i.DMA_GetFlagStatus) for DMA_GetFlagStatus
    isr.o(i.DMA2_Channel3_IRQHandler) refers to hal_dma.o(i.DMA_ClearFlag) for DMA_ClearFlag
    isr.o(i.DMA2_Channel4_IRQHandler) refers to hal_dma.o(i.DMA_GetFlagStatus) for DMA_GetFlagStatus
    isr.o(i.DMA2_Channel4_IRQHandler) refers to hal_dma.o(i.DMA_ClearFlag) for DMA_ClearFlag
    isr.o(i.DMA2_Channel5_IRQHandler) refers to hal_dma.o(i.DMA_GetFlagStatus) for DMA_GetFlagStatus
    isr.o(i.DMA2_Channel5_IRQHandler) refers to hal_dma.o(i.DMA_ClearFlag) for DMA_ClearFlag
    isr.o(i.EXTI0_IRQHandler) refers to hal_exti.o(i.EXTI_ClearFlag) for EXTI_ClearFlag
    isr.o(i.EXTI15_10_IRQHandler) refers to hal_exti.o(i.EXTI_GetITStatus) for EXTI_GetITStatus
    isr.o(i.EXTI15_10_IRQHandler) refers to hal_exti.o(i.EXTI_ClearFlag) for EXTI_ClearFlag
    isr.o(i.EXTI1_IRQHandler) refers to hal_exti.o(i.EXTI_ClearFlag) for EXTI_ClearFlag
    isr.o(i.EXTI2_IRQHandler) refers to hal_exti.o(i.EXTI_ClearFlag) for EXTI_ClearFlag
    isr.o(i.EXTI3_IRQHandler) refers to hal_exti.o(i.EXTI_ClearFlag) for EXTI_ClearFlag
    isr.o(i.EXTI4_IRQHandler) refers to hal_exti.o(i.EXTI_ClearFlag) for EXTI_ClearFlag
    isr.o(i.EXTI9_5_IRQHandler) refers to hal_exti.o(i.EXTI_GetITStatus) for EXTI_GetITStatus
    isr.o(i.EXTI9_5_IRQHandler) refers to hal_exti.o(i.EXTI_ClearFlag) for EXTI_ClearFlag
    isr.o(i.EXTI9_5_IRQHandler) refers to seekfree_7725.o(i.ov7725_vsync) for ov7725_vsync
    isr.o(i.EXTI9_5_IRQHandler) refers to seekfree_uart_7725.o(i.ov7725_uart_vsync) for ov7725_uart_vsync
    isr.o(i.EXTI9_5_IRQHandler) refers to seekfree_mt9v03x.o(i.mt9v03x_vsync) for mt9v03x_vsync
    isr.o(i.EXTI9_5_IRQHandler) refers to common.o(.data) for camera_type
    isr.o(i.UART2_IRQHandler) refers to uart2.o(i.get_uart2buff) for get_uart2buff
    isr.o(i.UART3_IRQHandler) refers to uart3.o(i.get_uart3buff) for get_uart3buff
    isr.o(i.UART8_IRQHandler) refers to seekfree_uart_7725.o(i.ov7725_cof_uart_interrupt) for ov7725_cof_uart_interrupt
    isr.o(i.UART8_IRQHandler) refers to seekfree_mt9v03x.o(i.mt9v03x_uart_callback) for mt9v03x_uart_callback
    isr.o(i.UART8_IRQHandler) refers to common.o(.data) for camera_type
    main.o(i.all_start) refers to ipc.o(i.rt_sem_create) for rt_sem_create
    main.o(i.all_start) refers to kservice.o(i.rt_kprintf) for rt_kprintf
    main.o(i.all_start) refers to thread.o(i.rt_thread_create) for rt_thread_create
    main.o(i.all_start) refers to thread.o(i.rt_thread_startup) for rt_thread_startup
    main.o(i.all_start) refers to main.o(.data) for dynamic_sem
[...]
    _get_lc_ctype                             - Undefined Weak Reference
    _get_lc_monetary                          - Undefined Weak Reference
    _get_lc_numeric                           - Undefined Weak Reference
    _get_lc_time                              - Undefined Weak Reference
    _getenv_init                              - Undefined Weak Reference
    _handle_redirection                       - Undefined Weak Reference
    _mutex_acquire                            - Undefined Weak Reference
    _mutex_free                               - Undefined Weak Reference
    _mutex_release                            - Undefined Weak Reference
    _printf_mbtowc                            - Undefined Weak Reference
    _printf_post_padding                      - Undefined Weak Reference
    _printf_pre_padding                       - Undefined Weak Reference
    _printf_truncate_signed                   - Undefined Weak Reference
    _printf_truncate_unsigned                 - Undefined Weak Reference
    _rand_init                                - Undefined Weak Reference
    _signal_finish                            - Undefined Weak Reference
    _signal_init                              - Undefined Weak Reference
    __Vectors_Size                           0x00000190   Number         0  startup_mm32f327x_keil.o ABSOLUTE
    __Vectors                                0x08000000   Data           4  startup_mm32f327x_keil.o(RESET)
    __Vectors_End                            0x08000190   Data           0  startup_mm32f327x_keil.o(RESET)
    __main                                   0x08000191   Thumb Code     8  __main.o(!!!main)
    __scatterload                            0x08000199   Thumb Code     0  __scatter.o(!!!scatter)
    __scatterload_rt2                        0x08000199   Thumb Code    44  __scatter.o(!!!scatter)
    __scatterload_rt2_thumb_only             0x08000199   Thumb Code     0  __scatter.o(!!!scatter)
    __scatterload_null                       0x080001a7   Thumb Code     0  __scatter.o(!!!scatter)
    __decompress                             0x080001cd   Thumb Code    90  __dczerorl2.o(!!dczerorl2)
    __decompress1                            0x080001cd   Thumb Code     0  __dczerorl2.o(!!dczerorl2)
    __scatterload_zeroinit                   0x08000229   Thumb Code    28  __scatter_zi.o(!!handler_zi)
    __rt_lib_init                            0x08000245   Thumb Code     0  libinit.o(.ARM.Collect$$libinit$$00000000)
    __rt_lib_init_alloca_1                   0x08000247   Thumb Code     0  libinit2.o(.ARM.Collect$$libinit$$0000002E)
    __rt_lib_init_argv_1                     0x08000247   Thumb Code     0  libinit2.o(.ARM.Collect$$libinit$$0000002C)
    __rt_lib_init_atexit_1                   0x08000247   Thumb Code     0  libinit2.o(.ARM.Collect$$libinit$$0000001B)
    __rt_lib_init_clock_1                    0x08000247   Thumb Code     0  libinit2.o(.ARM.Collect$$libinit$$00000021)
    __rt_lib_init_cpp_1                      0x08000247   Thumb Code     0  libinit2.o(.ARM.Collect$$libinit$$00000032)
    __rt_lib_init_exceptions_1               0x08000247   Thumb Code     0  libinit2.o(.ARM.Collect$$libinit$$00000030)
    __rt_lib_init_fp_1                       0x08000247   Thumb Code     0  libinit2.o(.ARM.Collect$$libinit$$00000002)
    __rt_lib_init_fp_trap_1                  0x08000247   Thumb Code     0  libinit2.o(.ARM.Collect$$libinit$$0000001F)
    __rt_lib_init_getenv_1                   0x08000247   Thumb Code     0  libinit2.o(.ARM.Collect$$libinit$$00000023)
    __rt_lib_init_heap_1                     0x08000247   Thumb Code     0  libinit2.o(.ARM.Collect$$libinit$$0000000A)
    __rt_lib_init_lc_collate_1               0x08000247   Thumb Code     0  libinit2.o(.ARM.Collect$$libinit$$00000011)
    __rt_lib_init_lc_ctype_1                 0x08000247   Thumb Code     0  libinit2.o(.ARM.Collect$$libinit$$00000013)
    __rt_lib_init_lc_monetary_1              0x08000247   Thumb Code     0  libinit2.o(.ARM.Collect$$libinit$$00000015)
    __rt_lib_init_lc_numeric_1               0x08000247   Thumb Code     0  libinit2.o(.ARM.Collect$$libinit$$00000017)
    __rt_lib_init_lc_time_1                  0x08000247   Thumb Code     0  libinit2.o(.ARM.Collect$$libinit$$00000019)
    __rt_lib_init_preinit_1                  0x08000247   Thumb Code     0  libinit2.o(.ARM.Collect$$libinit$$00000004)
    __rt_lib_init_rand_1                     0x08000247   Thumb Code     0  libinit2.o(.ARM.Collect$$libinit$$0000000E)
    __rt_lib_init_return                     0x08000247   Thumb Code     0  libinit2.o(.ARM.Collect$$libinit$$00000033)
    __rt_lib_init_signal_1                   0x08000247   Thumb Code     0  libinit2.o(.ARM.Collect$$libinit$$0000001D)
    __rt_lib_init_stdio_1                    0x08000247   Thumb Code     0  libinit2.o(.ARM.Collect$$libinit$$00000025)
    __rt_lib_init_user_alloc_1               0x08000247   Thumb Code     0  libinit2.o(.ARM.Collect$$libinit$$0000000C)
    __rt_lib_shutdown                        0x08000249   Thumb Code     0  libshutdown.o(.ARM.Collect$$libshutdown$$00000000)
    __rt_lib_shutdown_cpp_1                  0x0800024b   Thumb Code     0  libshutdown2.o(.ARM.Collect$$libshutdown$$00000004)
    __rt_lib_shutdown_fini_1                 0x0800024b   Thumb Code     0  libshutdown2.o(.ARM.Collect$$libshutdown$$00000002)
    __rt_lib_shutdown_fp_trap_1              0x0800024b   Thumb Code     0  libshutdown2.o(.ARM.Collect$$libshutdown$$00000009)
    __rt_lib_shutdown_heap_1                 0x0800024b   Thumb Code     0  libshutdown2.o(.ARM.Collect$$libshutdown$$00000011)
    __rt_lib_shutdown_return                 0x0800024b   Thumb Code     0  libshutdown2.o(.ARM.Collect$$libshutdown$$00000012)
    __rt_lib_shutdown_signal_1               0x0800024b   Thumb Code     0  libshutdown2.o(.ARM.Collect$$libshutdown$$0000000C)
    __rt_lib_shutdown_stdio_1                0x0800024b   Thumb Code     0  libshutdown2.o(.ARM.Collect$$libshutdown$$00000006)
    __rt_lib_shutdown_user_alloc_1           0x0800024b   Thumb Code     0  libshutdown2.o(.ARM.Collect$$libshutdown$$0000000E)
    __rt_entry                               0x0800024d   Thumb Code     0  __rtentry.o(.ARM.Collect$$rtentry$$00000000)
    __rt_entry_presh_1                       0x0800024d   Thumb Code     0  __rtentry2.o(.ARM.Collect$$rtentry$$00000002)
    __rt_entry_sh                            0x0800024d   Thumb Code     0  __rtentry4.o(.ARM.Collect$$rtentry$$00000004)
    __rt_entry_li                            0x08000253   Thumb Code     0  __rtentry2.o(.ARM.Collect$$rtentry$$0000000A)
    __rt_entry_postsh_1                      0x08000253   Thumb Code     0  __rtentry2.o(.ARM.Collect$$rtentry$$00000009)
    __rt_entry_main                          0x08000257   Thumb Code     0  __rtentry2.o(.ARM.Collect$$rtentry$$0000000D)
    __rt_entry_postli_1                      0x08000257   Thumb Code     0  __rtentry2.o(.ARM.Collect$$rtentry$$0000000C)
    __rt_exit                                0x0800025f   Thumb Code     0  rtexit.o(.ARM.Collect$$rtexit$$00000000)
    __rt_exit_ls                             0x08000261   Thumb Code     0  rtexit2.o(.ARM.Collect$$rtexit$$00000003)
    __rt_exit_prels_1                        0x08000261   Thumb Code     0  rtexit2.o(.ARM.Collect$$rtexit$$00000002)
    __rt_exit_exit                           0x08000265   Thumb Code     0  rtexit2.o(.ARM.Collect$$rtexit$$00000004)
    Reset_Handler                            0x0800026d   Thumb Code     8  startup_mm32f327x_keil.o(.text)
    ADC1_2_IRQHandler                        0x08000287   Thumb Code     0  startup_mm32f327x_keil.o(.text)
    ADC3_IRQHandler                          0x08000287   Thumb Code     0  startup_mm32f327x_keil.o(.text)
    CAN1_RX_IRQHandler                       0x08000287   Thumb Code     0  startup_mm32f327x_keil.o(.text)
    COMP1_2_IRQHandler                       0x08000287   Thumb Code     0  startup_mm32f327x_keil.o(.text)
    ETH_IRQHandler                           0x08000287   Thumb Code     0  startup_mm32f327x_keil.o(.text)
    FLASH_IRQHandler                         0x08000287   Thumb Code     0  startup_mm32f327x_keil.o(.text)
    FlashCache_IRQHandler                    0x08000287   Thumb Code     0  startup_mm32f327x_keil.o(.text)
    I2C1_IRQHandler                          0x08000287   Thumb Code     0  startup_mm32f327x_keil.o(.text)
    I2C2_IRQHandler                          0x08000287   Thumb Code     0  startup_mm32f327x_keil.o(.text)
    OTG_FS_IRQHandler                        0x08000287   Thumb Code     0  startup_mm32f327x_keil.o(.text)
    OTG_FS_WKUP_IRQHandler                   0x08000287   Thumb Code     0  startup_mm32f327x_keil.o(.text)
    PVD_IRQHandler                           0x08000287   Thumb Code     0  startup_mm32f327x_keil.o(.text)
    RCC_CRS_IRQHandler                       0x08000287   Thumb Code     0  startup_mm32f327x_keil.o(.text)
    RTCAlarm_IRQHandler                      0x08000287   Thumb Code     0  startup_mm32f327x_keil.o(.text)
    RTC_IRQHandler                           0x08000287   Thumb Code     0  startup_mm32f327x_keil.o(.text)
    SDIO_IRQHandler                          0x08000287   Thumb Code     0  startup_mm32f327x_keil.o(.text)
    SPI1_IRQHandler                          0x08000287   Thumb Code     0  startup_mm32f327x_keil.o(.text)
    SPI2_IRQHandler                          0x08000287   Thumb Code     0  startup_mm32f327x_keil.o(.text)
    SPI3_IRQHandler                          0x08000287   Thumb Code     0  startup_mm32f327x_keil.o(.text)
    TAMPER_IRQHandler                        0x08000287   Thumb Code     0  startup_mm32f327x_keil.o(.text)
    TIM1_BRK_IRQHandler                      0x08000287   Thumb Code     0  startup_mm32f327x_keil.o(.text)
    TIM1_CC_IRQHandler                       0x08000287   Thumb Code     0  startup_mm32f327x_keil.o(.text)
    TIM1_TRG_COM_IRQHandler                  0x08000287   Thumb Code     0  startup_mm32f327x_keil.o(.text)
    TIM8_BRK_IRQHandler                      0x08000287   Thumb Code     0  startup_mm32f327x_keil.o(.text)
    TIM8_CC_IRQHandler                       0x08000287   Thumb Code     0  startup_mm32f327x_keil.o(.text)
    TIM8_TRG_COM_IRQHandler                  0x08000287   Thumb Code     0  startup_mm32f327x_keil.o(.text)
    WWDG_IRQHandler                          0x08000287   Thumb Code     0  startup_mm32f327x_keil.o(.text)
    __user_initial_stackheap                 0x08000289   Thumb Code     0  startup_mm32f327x_keil.o(.text)
    rt_hw_interrupt_disable                  0x080002ad   Thumb Code     8  context_rvds.o(.text)
    rt_hw_interrupt_enable                   0x080002b5   Thumb Code     6  context_rvds.o(.text)
    rt_hw_context_switch                     0x080002bb   Thumb Code    32  context_rvds.o(.text)
    rt_hw_context_switch_interrupt           0x080002bb   Thumb Code     0  context_rvds.o(.text)
    PendSV_Handler                           0x080002db   Thumb Code    60  context_rvds.o(.text)
    rt_hw_context_switch_to                  0x08000317   Thumb Code    56  context_rvds.o(.text)
    rt_hw_interrupt_thread_switch            0x0800034f   Thumb Code     2  context_rvds.o(.text)
    HardFault_Handler                        0x08000351   Thumb Code    52  context_rvds.o(.text)
    strcpy                                   0x080003a1   Thumb Code    72  strcpy.o(.text)
    strlen                                   0x080003e9   Thumb Code    62  strlen.o(.text)
    strncmp                                  0x08000427   Thumb Code   150  strncmp.o(.text)
    strcat                                   0x080004bd   Thumb Code    24  strcat.o(.text)
    __aeabi_memcpy4                          0x080004d5   Thumb Code     0  rt_memcpy_w.o(.text)
    __aeabi_memcpy8                          0x080004d5   Thumb Code     0  rt_memcpy_w.o(.text)
    __rt_memcpy_w                            0x080004d5   Thumb Code   100  rt_memcpy_w.o(.text)
    _memcpy_lastbytes_aligned                0x0800051d   Thumb Code     0  rt_memcpy_w.o(.text)
    __aeabi_memclr                           0x08000539   Thumb Code     0  rt_memclr.o(.text)
    __rt_memclr                              0x08000539   Thumb Code    68  rt_memclr.o(.text)
    _memset                                  0x0800053d   Thumb Code     0  rt_memclr.o(.text)
    __aeabi_memclr4                          0x0800057d   Thumb Code     0  rt_memclr_w.o(.text)
    __aeabi_memclr8                          0x0800057d   Thumb Code     0  rt_memclr_w.o(.text)
    __rt_memclr_w                            0x0800057d   Thumb Code    78  rt_memclr_w.o(.text)
    _memset_w                                0x08000581   Thumb Code     0  rt_memclr_w.o(.text)
    strncpy                                  0x080005cb   Thumb Code    86  strncpy.o(.text)
    __use_two_region_memory                  0x08000621   Thumb Code     2  heapauxi.o(.text)
    __rt_heap_escrow                         0x08000623   Thumb Code     2  heapauxi.o(.text)
    __rt_heap_expand                         0x08000625   Thumb Code     2  heapauxi.o(.text)
    __user_setup_stackheap                   0x08000627   Thumb Code    74  sys_stackheap_outer.o(.text)
    exit                                     0x08000671   Thumb Code    18  exit.o(.text)
    __user_libspace                          0x08000685   Thumb Code     8  libspace.o(.text)
    __user_perproc_libspace                  0x08000685   Thumb Code     0  libspace.o(.text)
    __user_perthread_libspace                0x08000685   Thumb Code     0  libspace.o(.text)
    __I$use$semihosting                      0x0800068d   Thumb Code     0  use_no_semi.o(.text)
    __use_no_semihosting_swi                 0x0800068d   Thumb Code     2  use_no_semi.o(.text)
    __semihosting_library_function           0x0800068f   Thumb Code     0  indicate_semi.o(.text)
    _sys_exit                                0x08000691   Thumb Code     8  sys_exit.o(.text)
    main                                     0x0800069d   Thumb Code    10  components.o(i.$Sub$$main)
    AutoCalPllFactor                         0x080006a7   Thumb Code   102  system_mm32f327x.o(i.AutoCalPllFactor)
    BusFault_Handler                         0x0800070d   Thumb Code     4  common.o(i.BusFault_Handler)
    DMA1_Channel1_IRQHandler                 0x08000753   Thumb Code    20  isr.o(i.DMA1_Channel1_IRQHandler)
    DMA1_Channel2_IRQHandler                 0x08000767   Thumb Code    20  isr.o(i.DMA1_Channel2_IRQHandler)
    DMA1_Channel3_IRQHandler                 0x0800077b   Thumb Code    22  isr.o(i.DMA1_Channel3_IRQHandler)
    DMA1_Channel4_IRQHandler                 0x08000791   Thumb Code    62  isr.o(i.DMA1_Channel4_IRQHandler)
    DMA1_Channel5_IRQHandler                 0x080007d5   Thumb Code    22  isr.o(i.DMA1_Channel5_IRQHandler)
    DMA1_Channel6_IRQHandler                 0x080007eb   Thumb Code    22  isr.o(i.DMA1_Channel6_IRQHandler)
    DMA1_Channel7_IRQHandler                 0x08000801   Thumb Code    22  isr.o(i.DMA1_Channel7_IRQHandler)
    DMA2_Channel1_IRQHandler                 0x08000819   Thumb Code    20  isr.o(i.DMA2_Channel1_IRQHandler)
    DMA2_Channel2_IRQHandler                 0x08000831   Thumb Code    20  isr.o(i.DMA2_Channel2_IRQHandler)
    DMA2_Channel3_IRQHandler                 0x08000849   Thumb Code    20  isr.o(i.DMA2_Channel3_IRQHandler)
    DMA2_Channel4_IRQHandler                 0x08000861   Thumb Code    20  isr.o(i.DMA2_Channel4_IRQHandler)
    DMA2_Channel5_IRQHandler                 0x08000879   Thumb Code    20  isr.o(i.DMA2_Channel5_IRQHandler)
    DMA_ClearFlag                            0x08000891   Thumb Code    20  hal_dma.o(i.DMA_ClearFlag)
    DMA_GetFlagStatus                        0x080008ad   Thumb Code    40  hal_dma.o(i.DMA_GetFlagStatus)
    DebugMon_Handler                         0x080008dd   Thumb Code     4  common.o(i.DebugMon_Handler)
    EXTI0_IRQHandler                         0x080008e1   Thumb Code    10  isr.o(i.EXTI0_IRQHandler)
    EXTI15_10_IRQHandler                     0x080008eb   Thumb Code   112  isr.o(i.EXTI15_10_IRQHandler)
    EXTI1_IRQHandler                         0x0800095b   Thumb Code    10  isr.o(i.EXTI1_IRQHandler)
    EXTI2_IRQHandler                         0x08000965   Thumb Code    10  isr.o(i.EXTI2_IRQHandler)
    EXTI3_IRQHandler                         0x0800096f   Thumb Code    10  isr.o(i.EXTI3_IRQHandler)
    EXTI4_IRQHandler                         0x08000979   Thumb Code    10  isr.o(i.EXTI4_IRQHandler)
    EXTI9_5_IRQHandler                       0x08000985   Thumb Code   122  isr.o(i.EXTI9_5_IRQHandler)
    EXTI_ClearFlag                           0x08000a05   Thumb Code     6  hal_exti.o(i.EXTI_ClearFlag)
    EXTI_GetITStatus                         0x08000a11   Thumb Code    28  hal_exti.o(i.EXTI_GetITStatus)
    MemManage_Handler                        0x08000a31   Thumb Code     4  common.o(i.MemManage_Handler)
    NMI_Handler                              0x08000a35   Thumb Code     4  common.o(i.NMI_Handler)
    NVIC_Init                                0x08000a39   Thumb Code    96  hal_misc.o(i.NVIC_Init)
    SVC_Handler                              0x08000aa5   Thumb Code     4  common.o(i.SVC_Handler)
    SysTick_Handler                          0x08000ccd   Thumb Code    16  board.o(i.SysTick_Handler)
    SystemInit                               0x08000cdd   Thumb Code    82  system_mm32f327x.o(i.SystemInit)
    TIM1_UP_IRQHandler                       0x08000d41   Thumb Code    14  isr.o(i.TIM1_UP_IRQHandler)
    TIM2_IRQHandler                          0x08000d55   Thumb Code    18  isr.o(i.TIM2_IRQHandler)
    TIM3_IRQHandler                          0x08000d69   Thumb Code    14  isr.o(i.TIM3_IRQHandler)
    TIM4_IRQHandler                          0x08000d7d   Thumb Code    14  isr.o(i.TIM4_IRQHandler)
    TIM5_IRQHandler                          0x08000d91   Thumb Code    14  isr.o(i.TIM5_IRQHandler)
    TIM6_IRQHandler                          0x08000da5   Thumb Code    14  isr.o(i.TIM6_IRQHandler)
    TIM7_IRQHandler                          0x08000db9   Thumb Code    14  isr.o(i.TIM7_IRQHandler)
    TIM8_UP_IRQHandler                       0x08000dcd   Thumb Code    14  isr.o(i.TIM8_UP_IRQHandler)
    UART1_IRQHandler                         0x08000de1   Thumb Code    84  board.o(i.UART1_IRQHandler)
    UART2_IRQHandler                         0x08000e3d   Thumb Code    60  isr.o(i.UART2_IRQHandler)
    UART3_IRQHandler                         0x08000e7d   Thumb Code    60  isr.o(i.UART3_IRQHandler)
    UART4_IRQHandler                         0x08000ebd   Thumb Code    54  isr.o(i.UART4_IRQHandler)
    UART5_IRQHandler                         0x08000ef9   Thumb Code    46  isr.o(i.UART5_IRQHandler)
    UART6_IRQHandler                         0x08000f2d   Thumb Code    54  isr.o(i.UART6_IRQHandler)
    UART7_IRQHandler                         0x08000f69   Thumb Code    54  isr.o(i.UART7_IRQHandler)
    UART8_IRQHandler                         0x08000fa5   Thumb Code    86  isr.o(i.UART8_IRQHandler)
    UsageFault_Handler                       0x08001005   Thumb Code     4  common.o(i.UsageFault_Handler)
    __rt_ffs                                 0x08001009   Thumb Code    70  kservice.o(i.__rt_ffs)
    afio_init                                0x080012c5   Thumb Code   218  zf_gpio.o(i.afio_init)
    all_start                                0x080013a9   Thumb Code   130  main.o(i.all_start)
    alluart_init                             0x08001501   Thumb Code   102  main.o(i.alluart_init)
    board_init                               0x08001567   Thumb Code    32  board.o(i.board_init)
    cmd_free                                 0x08001699   Thumb Code    14  msh.o(i.cmd_free)
    cmd_ps                                   0x080016a7   Thumb Code    14  msh.o(i.cmd_ps)
    finsh_get_prompt                         0x080016b5   Thumb Code    86  shell.o(i.finsh_get_prompt)
    finsh_set_prompt_mode                    0x08001735   Thumb Code    22  shell.o(i.finsh_set_prompt_mode)
    finsh_system_function_init               0x08001751   Thumb Code    10  shell.o(i.finsh_system_function_init)
    finsh_system_init                        0x08001765   Thumb Code    98  shell.o(i.finsh_system_init)
    finsh_thread_entry                       0x08001801   Thumb Code   936  shell.o(i.finsh_thread_entry)
    float_to_str                             0x08001bc9   Thumb Code   306  seekfree_fun.o(i.float_to_str)
    get_GPS                                  0x08001d01   Thumb Code    70  uart3.o(i.get_GPS)
    get_uart2buff                            0x08001d71   Thumb Code    90  uart2.o(i.get_uart2buff)
    get_uart3buff                            0x08001ddd   Thumb Code    92  uart3.o(i.get_uart3buff)
    gpio_init                                0x08001e49   Thumb Code   322  zf_gpio.o(i.gpio_init)
    gpio_set                                 0x08001f95   Thumb Code    68  zf_gpio.o(i.gpio_set)
    gpio_toggle                              0x08001fdd   Thumb Code    86  zf_gpio.o(i.gpio_toggle)
    hello                                    0x080020b9   Thumb Code    12  cmd.o(i.hello)
    int_to_char                              0x080020d9   Thumb Code    92  uart3.o(i.int_to_char)
    list                                     0x08002135   Thumb Code    52  cmd.o(i.list)
    list_event                               0x0800218d   Thumb Code   204  cmd.o(i.list_event)
    list_mailbox                             0x08002385   Thumb Code   224  cmd.o(i.list_mailbox)
    list_mem                                 0x080024e1   Thumb Code    34  mem.o(i.list_mem)
    list_msgqueue                            0x08002559   Thumb Code   216  cmd.o(i.list_msgqueue)
    list_sem                                 0x0800269d   Thumb Code   216  cmd.o(i.list_sem)
    list_thread                              0x080027d5   Thumb Code   294  cmd.o(i.list_thread)
    list_timer                               0x080029b9   Thumb Code   190  cmd.o(i.list_timer)
    $Super$$main                             0x08002b19   Thumb Code     4  main.o(i.main)
    main_thread_entry                        0x08002b1d   Thumb Code    14  components.o(i.main_thread_entry)
    msh_auto_complete                        0x08002c15   Thumb Code   138  msh.o(i.msh_auto_complete)
    msh_exec                                 0x08002cb5   Thumb Code    84  msh.o(i.msh_exec)
    msh_help                                 0x08002d7d   Thumb Code    64  msh.o(i.msh_help)
    msh_is_used                              0x08002df1   Thumb Code     4  msh.o(i.msh_is_used)
    mt9v03x_dma                              0x08002ee5   Thumb Code    22  seekfree_mt9v03x.o(i.mt9v03x_dma)
    mt9v03x_uart_callback                    0x08002f05   Thumb Code    66  seekfree_mt9v03x.o(i.mt9v03x_uart_callback)
    mt9v03x_vsync                            0x08002f59   Thumb Code    20  seekfree_mt9v03x.o(i.mt9v03x_vsync)
    nvic_init                                0x08002f71   Thumb Code    40  common.o(i.nvic_init)
    online                                   0x08002fb5   Thumb Code   236  uart3.o(i.online)
    ov7725_cof_uart_interrupt                0x08003139   Thumb Code    66  seekfree_uart_7725.o(i.ov7725_cof_uart_interrupt)
    ov7725_dma                               0x0800318d   Thumb Code    22  seekfree_7725.o(i.ov7725_dma)
    ov7725_uart_dma                          0x080031ad   Thumb Code    22  seekfree_uart_7725.o(i.ov7725_uart_dma)
    ov7725_uart_vsync                        0x080031cd   Thumb Code    20  seekfree_uart_7725.o(i.ov7725_uart_vsync)
    ov7725_vsync                             0x080031e5   Thumb Code    20  seekfree_7725.o(i.ov7725_vsync)
    rt_application_init                      0x0800340d   Thumb Code    32  components.o(i.rt_application_init)
    rt_calloc                                0x08003439   Thumb Code    34  mem.o(i.rt_calloc)
    rt_components_board_init                 0x0800345d   Thumb Code    20  components.o(i.rt_components_board_init)
    rt_components_init                       0x08003479   Thumb Code    20  components.o(i.rt_components_init)
    rt_enter_critical                        0x080034f5   Thumb Code    28  scheduler.o(i.rt_enter_critical)
    rt_exit_critical                         0x08003515   Thumb Code    60  scheduler.o(i.rt_exit_critical)
    rt_free                                  0x08003559   Thumb Code   128  mem.o(i.rt_free)
    rt_heap_begin_get                        0x08003639   Thumb Code     4  board.o(i.rt_heap_begin_get)
    rt_heap_end_get                          0x08003641   Thumb Code     4  board.o(i.rt_heap_end_get)
    rt_hw_board_init                         0x08003649   Thumb Code    64  board.o(i.rt_hw_board_init)
    rt_hw_console_getchar                    0x08003699   Thumb Code    22  board.o(i.rt_hw_console_getchar)
    rt_hw_console_output                     0x080036b5   Thumb Code    38  board.o(i.rt_hw_console_output)
    rt_hw_hard_fault_exception               0x080036dd   Thumb Code   198  cpuport.o(i.rt_hw_hard_fault_exception)
    rt_hw_stack_init                         0x080038e5   Thumb Code    70  cpuport.o(i.rt_hw_stack_init)
    rt_interrupt_enter                       0x08003931   Thumb Code    26  irq.o(i.rt_interrupt_enter)
    rt_interrupt_leave                       0x08003951   Thumb Code    26  irq.o(i.rt_interrupt_leave)
    rt_kprintf                               0x08003971   Thumb Code    50  kservice.o(i.rt_kprintf)
    rt_malloc                                0x08003a59   Thumb Code   336  mem.o(i.rt_malloc)
    rt_mb_create                             0x08003bc5   Thumb Code    82  ipc.o(i.rt_mb_create)
    rt_mb_recv                               0x08003c17   Thumb Code   250  ipc.o(i.rt_mb_recv)
    rt_mb_send                               0x08003d11   Thumb Code    18  ipc.o(i.rt_mb_send)
    rt_mb_send_wait                          0x08003d23   Thumb Code   270  ipc.o(i.rt_mb_send_wait)
    rt_memmove                               0x08003e31   Thumb Code    66  kservice.o(i.rt_memmove)
    rt_memset                                0x08003e73   Thumb Code    72  kservice.o(i.rt_memset)
    rt_object_allocate                       0x08003ebb   Thumb Code    84  object.o(i.rt_object_allocate)
    rt_object_delete                         0x08003f0f   Thumb Code    36  object.o(i.rt_object_delete)
    rt_object_detach                         0x08003f33   Thumb Code    30  object.o(i.rt_object_detach)
    rt_object_get_information                0x08003f51   Thumb Code    36  object.o(i.rt_object_get_information)
    rt_object_init                           0x08003f79   Thumb Code    86  object.o(i.rt_object_init)
    rt_object_is_systemobject                0x08003fcf   Thumb Code    18  object.o(i.rt_object_is_systemobject)
    rt_schedule                              0x08003fe1   Thumb Code   262  scheduler.o(i.rt_schedule)
    rt_schedule_insert_thread                0x080040fd   Thumb Code   100  scheduler.o(i.rt_schedule_insert_thread)
    rt_schedule_remove_thread                0x0800416d   Thumb Code    76  scheduler.o(i.rt_schedule_remove_thread)
    rt_sem_create                            0x080041c1   Thumb Code    42  ipc.o(i.rt_sem_create)
    rt_sem_init                              0x080041eb   Thumb Code    38  ipc.o(i.rt_sem_init)
    rt_sem_release                           0x08004211   Thumb Code    82  ipc.o(i.rt_sem_release)
    rt_sem_take                              0x08004263   Thumb Code   116  ipc.o(i.rt_sem_take)
    rt_show_version                          0x080042d9   Thumb Code    42  kservice.o(i.rt_show_version)
    rt_sprintf                               0x0800439d   Thumb Code    34  kservice.o(i.rt_sprintf)
    rt_strncpy                               0x080043bf   Thumb Code    52  kservice.o(i.rt_strncpy)
    rt_system_heap_init                      0x080043f5   Thumb Code   160  mem.o(i.rt_system_heap_init)
    rt_system_scheduler_init                 0x080044ed   Thumb Code    38  scheduler.o(i.rt_system_scheduler_init)
    rt_system_scheduler_start                0x08004521   Thumb Code    36  scheduler.o(i.rt_system_scheduler_start)
    rt_system_timer_init                     0x08004549   Thumb Code    24  timer.o(i.rt_system_timer_init)
    rt_system_timer_thread_init              0x08004565   Thumb Code     2  timer.o(i.rt_system_timer_thread_init)
    rt_thread_create                         0x08004567   Thumb Code    80  thread.o(i.rt_thread_create)
    rt_thread_defunct_dequeue                0x080045b9   Thumb Code    46  idle.o(i.rt_thread_defunct_dequeue)
    rt_thread_defunct_enqueue                0x080045ed   Thumb Code    24  idle.o(i.rt_thread_defunct_enqueue)
    rt_thread_idle_init                      0x08004611   Thumb Code    74  idle.o(i.rt_thread_idle_init)
    rt_thread_init                           0x08004671   Thumb Code    52  thread.o(i.rt_thread_init)
    rt_thread_mdelay                         0x080046a5   Thumb Code    20  thread.o(i.rt_thread_mdelay)
    rt_thread_resume                         0x080046b9   Thumb Code    60  thread.o(i.rt_thread_resume)
    rt_thread_self                           0x080046f5   Thumb Code     6  thread.o(i.rt_thread_self)
    rt_thread_sleep                          0x08004701   Thumb Code    64  thread.o(i.rt_thread_sleep)
    rt_thread_startup                        0x08004741   Thumb Code    44  thread.o(i.rt_thread_startup)
    rt_thread_suspend                        0x0800476d   Thumb Code    72  thread.o(i.rt_thread_suspend)
    rt_thread_timeout                        0x080047b5   Thumb Code    44  thread.o(i.rt_thread_timeout)
    rt_tick_from_millisecond                 0x080047e1   Thumb Code    56  clock.o(i.rt_tick_from_millisecond)
    rt_tick_get                              0x08004819   Thumb Code     6  clock.o(i.rt_tick_get)
    rt_tick_increase                         0x08004825   Thumb Code    74  clock.o(i.rt_tick_increase)
    rt_timer_check                           0x08004875   Thumb Code   160  timer.o(i.rt_timer_check)
    rt_timer_control                         0x08004919   Thumb Code    98  timer.o(i.rt_timer_control)
    rt_timer_create                          0x0800497b   Thumb Code    54  timer.o(i.rt_timer_create)
    rt_timer_detach                          0x080049b1   Thumb Code    40  timer.o(i.rt_timer_detach)
    rt_timer_init                            0x080049d9   Thumb Code    46  timer.o(i.rt_timer_init)
    rt_timer_start                           0x08004a09   Thumb Code   226  timer.o(i.rt_timer_start)
    rt_timer_stop                            0x08004af5   Thumb Code    48  timer.o(i.rt_timer_stop)
    rt_vsnprintf                             0x08004b25   Thumb Code   824  kservice.o(i.rt_vsnprintf)
    rt_vsprintf                              0x08004e65   Thumb Code    22  kservice.o(i.rt_vsprintf)
    rtthread_startup                         0x08004e8b   Thumb Code    42  components.o(i.rtthread_startup)
    sent                                     0x08004eb5   Thumb Code   362  uart3.o(i.sent)
    thread2_entry_sent                       0x080051c5   Thumb Code    76  main.o(i.thread2_entry_sent)
    thread_entry_online                      0x08005239   Thumb Code    76  main.o(i.thread_entry_online)
    uart2_time_over                          0x080052ad   Thumb Code   540  uart2.o(i.uart2_time_over)
    uart2_timer_app                          0x080054f5   Thumb Code    40  main.o(i.uart2_timer_app)
    uart3_time_over                          0x0800553d   Thumb Code   628  uart3.o(i.uart3_time_over)
    uart3_timer_app                          0x0800585d   Thumb Code    40  main.o(i.uart3_timer_app)
    uart_getchar                             0x080058a5   Thumb Code    30  zf_uart.o(i.uart_getchar)
    uart_init                                0x080058c9   Thumb Code   392  zf_uart.o(i.uart_init)
    uart_putchar                             0x08005a81   Thumb Code    28  zf_uart.o(i.uart_putchar)
    uart_putstr                              0x08005aa1   Thumb Code    26  zf_uart.o(i.uart_putstr)
    uart_rx_irq                              0x08005abd   Thumb Code    64  zf_uart.o(i.uart_rx_irq)
    version                                  0x08005bed   Thumb Code    10  cmd.o(i.version)
    __aeabi_d2f                              0x08005bf9   Thumb Code     0  d2f.o(x$fpl$d2f)
    _d2f                                     0x08005bf9   Thumb Code    98  d2f.o(x$fpl$d2f)
    __fpl_dcmp_Inf                           0x08005c5b   Thumb Code    24  dcmpi.o(x$fpl$dcmpinf)
    __aeabi_ddiv                             0x08005c75   Thumb Code     0  ddiv.o(x$fpl$ddiv)
    _ddiv                                    0x08005c75   Thumb Code   552  ddiv.o(x$fpl$ddiv)
    __aeabi_cdcmpeq                          0x08005f25   Thumb Code     0  deqf.o(x$fpl$deqf)
    _dcmpeq                                  0x08005f25   Thumb Code   120  deqf.o(x$fpl$deqf)
    __aeabi_ui2d                             0x08005f9d   Thumb Code     0  dflt_clz.o(x$fpl$dfltu)
    _dfltu                                   0x08005f9d   Thumb Code    38  dflt_clz.o(x$fpl$dfltu)
    __fpl_dnaninf                            0x08005fc3   Thumb Code   156  dnaninf.o(x$fpl$dnaninf)
    __fpl_dretinf                            0x0800605f   Thumb Code    12  dretinf.o(x$fpl$dretinf)
    __aeabi_f2d                              0x0800606d   Thumb Code     0  f2d.o(x$fpl$f2d)
    _f2d                                     0x0800606d   Thumb Code    86  f2d.o(x$fpl$f2d)
    __aeabi_fadd                             0x080060c5   Thumb Code     0  faddsub_clz.o(x$fpl$fadd)
    _fadd                                    0x080060c5   Thumb Code   196  faddsub_clz.o(x$fpl$fadd)
    __fpl_fcmp_Inf                           0x08006189   Thumb Code    24  fcmpi.o(x$fpl$fcmpinf)
    __aeabi_f2iz                             0x080061a1   Thumb Code     0  ffix.o(x$fpl$ffix)
    _ffix                                    0x080061a1   Thumb Code    54  ffix.o(x$fpl$ffix)
    __aeabi_i2f                              0x080061d9   Thumb Code     0  fflt_clz.o(x$fpl$fflt)
    _fflt                                    0x080061d9   Thumb Code    48  fflt_clz.o(x$fpl$fflt)
    __aeabi_cfcmple                          0x08006209   Thumb Code     0  fleqf.o(x$fpl$fleqf)
    _fcmple                                  0x08006209   Thumb Code   104  fleqf.o(x$fpl$fleqf)
    __fpl_fcmple_InfNaN                      0x0800625b   Thumb Code     0  fleqf.o(x$fpl$fleqf)
    __aeabi_fmul                             0x08006271   Thumb Code     0  fmul.o(x$fpl$fmul)
    _fmul                                    0x08006271   Thumb Code   258  fmul.o(x$fpl$fmul)
    __fpl_fnaninf                            0x08006373   Thumb Code   140  fnaninf.o(x$fpl$fnaninf)
    __fpl_fretinf                            0x080063ff   Thumb Code    10  fretinf.o(x$fpl$fretinf)
    __aeabi_frsub                            0x08006409   Thumb Code     0  faddsub_clz.o(x$fpl$frsb)
    _frsb                                    0x08006409   Thumb Code    20  faddsub_clz.o(x$fpl$frsb)
    __aeabi_fsub                             0x0800641d   Thumb Code     0  faddsub_clz.o(x$fpl$fsub)
    _fsub                                    0x0800641d   Thumb Code   234  faddsub_clz.o(x$fpl$fsub)
    __I$use$fp                               0x08006506   Number         0  usenofp.o(x$fpl$usenofp)
    __lowest_bit_bitmap                      0x08006506   Data         256  kservice.o(.constdata)
    __fsym_list_mem_name                     0x08006628   Data           9  mem.o(.constdata)
    __fsym_hello_name                        0x08006631   Data           6  cmd.o(.constdata)
    __fsym_clear_name                        0x08006637   Data           6  cmd.o(.constdata)
    __fsym___cmd_clear_name                  0x0800663d   Data          12  cmd.o(.constdata)
    __fsym_version_name                      0x08006649   Data           8  cmd.o(.constdata)
    __fsym___cmd_version_name                0x08006651   Data          14  cmd.o(.constdata)
    __fsym_list_thread_name                  0x0800665f   Data          12  cmd.o(.constdata)
    __fsym___cmd_list_thread_name            0x0800666b   Data          18  cmd.o(.constdata)
    __fsym_list_sem_name                     0x0800667d   Data           9  cmd.o(.constdata)
    __fsym___cmd_list_sem_name               0x08006686   Data          15  cmd.o(.constdata)
    __fsym_list_event_name                   0x08006695   Data          11  cmd.o(.constdata)
    __fsym___cmd_list_event_name             0x080066a0   Data          17  cmd.o(.constdata)
    __fsym_list_mailbox_name                 0x080066b1   Data          13  cmd.o(.constdata)
    __fsym___cmd_list_mailbox_name           0x080066be   Data          19  cmd.o(.constdata)
    __fsym_list_msgqueue_name                0x080066d1   Data          14  cmd.o(.constdata)
    __fsym___cmd_list_msgqueue_name          0x080066df   Data          20  cmd.o(.constdata)
    __fsym_list_timer_name                   0x080066f3   Data          11  cmd.o(.constdata)
    __fsym___cmd_list_timer_name             0x080066fe   Data          17  cmd.o(.constdata)
    __fsym_list_name                         0x0800670f   Data           5  cmd.o(.constdata)
    __fsym___cmd_help_name                   0x08006714   Data          11  msh.o(.constdata)
    __fsym___cmd_ps_name                     0x0800671f   Data           9  msh.o(.constdata)
    __fsym___cmd_free_name                   0x08006728   Data          11  msh.o(.constdata)
    __rt_init_rti_start                      0x080067ec   Data           4  components.o(.rti_fn.0)
    __rt_init_rti_board_start                0x080067f0   Data           4  components.o(.rti_fn.0.end)
    __rt_init_alluart_init                   0x080067f4   Data           4  main.o(.rti_fn.1)
    __rt_init_rti_board_end                  0x080067f8   Data           4  components.o(.rti_fn.1.end)
    __rt_init_uart2_timer_app                0x080067fc   Data           4  main.o(.rti_fn.6)
    __rt_init_uart3_timer_app                0x08006800   Data           4  main.o(.rti_fn.6)
    __rt_init_all_start                      0x08006804   Data           4  main.o(.rti_fn.6)
    __rt_init_finsh_system_init              0x08006808   Data           4  shell.o(.rti_fn.6)
    __rt_init_rti_end                        0x0800680c   Data           4  components.o(.rti_fn.6.end)
    FSymTab$$Base                            0x08006810   Number         0  mem.o(FSymTab)
    __fsym_list_mem                          0x08006810   Data           8  mem.o(FSymTab)
    __fsym_hello                             0x08006818   Data           8  cmd.o(FSymTab)
    __fsym_clear                             0x08006820   Data           8  cmd.o(FSymTab)
    __fsym___cmd_clear                       0x08006828   Data           8  cmd.o(FSymTab)
    __fsym_version                           0x08006830   Data           8  cmd.o(FSymTab)
    __fsym___cmd_version                     0x08006838   Data           8  cmd.o(FSymTab)
    __fsym_list_thread                       0x08006840   Data           8  cmd.o(FSymTab)
    __fsym___cmd_list_thread                 0x08006848   Data           8  cmd.o(FSymTab)
    __fsym_list_sem                          0x08006850   Data           8  cmd.o(FSymTab)
    __fsym___cmd_list_sem                    0x08006858   Data           8  cmd.o(FSymTab)
    __fsym_list_event                        0x08006860   Data           8  cmd.o(FSymTab)
    __fsym___cmd_list_event                  0x08006868   Data           8  cmd.o(FSymTab)
    __fsym_list_mailbox                      0x08006870   Data           8  cmd.o(FSymTab)
    __fsym___cmd_list_mailbox                0x08006878   Data           8  cmd.o(FSymTab)
    __fsym_list_msgqueue                     0x08006880   Data           8  cmd.o(FSymTab)
    __fsym___cmd_list_msgqueue               0x08006888   Data           8  cmd.o(FSymTab)
    __fsym_list_timer                        0x08006890   Data           8  cmd.o(FSymTab)
    __fsym___cmd_list_timer                  0x08006898   Data           8  cmd.o(FSymTab)
    __fsym_list                              0x080068a0   Data           8  cmd.o(FSymTab)
    __fsym___cmd_help                        0x080068a8   Data           8  msh.o(FSymTab)
    __fsym___cmd_ps                          0x080068b0   Data           8  msh.o(FSymTab)
    __fsym___cmd_free                        0x080068b8   Data           8  msh.o(FSymTab)
    FSymTab$$Limit                           0x080068c0   Number         0  msh.o(FSymTab)
    Region$$Table$$Base                      0x080068c0   Number         0  anon$$obj.o(Region$$Table)
    Region$$Table$$Limit                     0x080068e0   Number         0  anon$$obj.o(Region$$Table)
    conut2                                   0x20000010   Data           4  uart2.o(.data)
    flag2                                    0x20000014   Data           4  uart2.o(.data)
    ttt2                                     0x20000018   Data           1  uart2.o(.data)
    Temperature                              0x20000019   Data           5  uart2.o(.data)
    step                                     0x2000001e   Data           7  uart2.o(.data)
    voltage                                  0x20000025   Data           5  uart2.o(.data)
    Temperature_data                         0x2000002a   Data           2  uart2.o(.data)
    step_data                                0x2000002c   Data           4  uart2.o(.data)
    vcc_data                                 0x20000030   Data           2  uart2.o(.data)
    conut3                                   0x20000034   Data           4  uart3.o(.data)
    flag3                                    0x20000038   Data           4  uart3.o(.data)
    ttt3                                     0x2000003c   Data           4  uart3.o(.data)
    Send_cloud_conut                         0x20000044   Data           1  uart3.o(.data)
    Send_cloud_flag                          0x20000045   Data           1  uart3.o(.data)
    Send_cloud_ok                            0x20000046   Data           1  uart3.o(.data)
    busy                                     0x20000047   Data           1  uart3.o(.data)
    A9G_send_flag                            0x20000048   Data           1  uart3.o(.data)
    int_ok                                   0x20000049   Data           1  uart3.o(.data)
    A9G_ok                                   0x2000004a   Data           1  uart3.o(.data)
    GPS_info                                 0x2000004b   Data           1  uart3.o(.data)
    online_ok                                0x2000004c   Data           1  uart3.o(.data)
    uart_mb                                  0x20000050   Data           4  board.o(.data)
    camera_type                              0x20000054   Data           1  common.o(.data)
    camera_buffer_addr                       0x20000058   Data           4  common.o(.data)
    SystemCoreClock                          0x2000005c   Data           4  system_mm32f327x.o(.data)
    AHBPrescTable                            0x20000060   Data          16  system_mm32f327x.o(.data)
    gpio_group                               0x20000070   Data          32  zf_gpio.o(.data)
    uart_index                               0x20000090   Data          32  zf_uart.o(.data)
    uart_irq                                 0x200000b0   Data           8  zf_uart.o(.data)
    ov7725_finish_flag                       0x200000b8   Data           1  seekfree_7725.o(.data)
    mt9v03x_finish_flag                      0x200000bc   Data           1  seekfree_mt9v03x.o(.data)
    MT9V03X_CFG                              0x200000c2   Data          36  seekfree_mt9v03x.o(.data)
    GET_CFG                                  0x200000e6   Data          32  seekfree_mt9v03x.o(.data)
    ov7725_uart_finish_flag                  0x20000106   Data           1  seekfree_uart_7725.o(.data)
    OV7725_CFG                               0x20000108   Data          24  seekfree_uart_7725.o(.data)
    OV7725_GET_CFG                           0x20000120   Data          20  seekfree_uart_7725.o(.data)
    rt_interrupt_nest                        0x20000148   Data           1  irq.o(.data)
    rt_thread_ready_priority_group           0x200001c4   Data           4  scheduler.o(.data)
    rt_current_thread                        0x200001cc   Data           4  scheduler.o(.data)
    rt_current_priority                      0x200001d0   Data           1  scheduler.o(.data)
    rt_interrupt_from_thread                 0x200001e0   Data           4  cpuport.o(.data)
    rt_interrupt_to_thread                   0x200001e4   Data           4  cpuport.o(.data)
    rt_thread_switch_interrupt_flag          0x200001e8   Data           4  cpuport.o(.data)
    _syscall_table_begin                     0x200001f0   Data           4  shell.o(.data)
    _syscall_table_end                       0x200001f4   Data           4  shell.o(.data)
    _sysvar_table_begin                      0x200001f8   Data           4  shell.o(.data)
    _sysvar_table_end                        0x200001fc   Data           4  shell.o(.data)
    shell                                    0x20000200   Data           4  shell.o(.data)
    uart2_rx                                 0x20000208   Data         256  uart2.o(.bss)
    strmy2                                   0x20000308   Data         256  uart2.o(.bss)
    mac                                      0x20000408   Data          13  uart2.o(.bss)
    uart3_rx                                 0x20000415   Data         512  uart3.o(.bss)
    strmy3                                   0x20000615   Data         512  uart3.o(.bss)
    lon                                      0x20000815   Data          50  uart3.o(.bss)
    lat                                      0x20000847   Data          50  uart3.o(.bss)
    str_tmp                                  0x20000879   Data          10  uart3.o(.bss)
    str_step                                 0x20000883   Data          10  uart3.o(.bss)
    str_vcc                                  0x2000088d   Data          10  uart3.o(.bss)
    str_mac                                  0x20000897   Data          60  uart3.o(.bss)
    str_mac_vo                               0x200008d3   Data          13  uart3.o(.bss)
    rt_thread_priority_table                 0x20001770   Data          64  scheduler.o(.bss)
    __libspace_start                         0x200019b4   Data          96  libspace.o(.bss)
    __temporary_stack_top$libspace           0x20001a14   Data           0  libspace.o(.bss)



==============================================================================

Memory Map of the image

  Image Entry point : 0x08000191

  Load Region LR_IROM1 (Base: 0x08000000, Size: 0x00006ae8, Max: 0x00080000, ABSOLUTE, COMPRESSED[0x000069a0])

    Execution Region ER_IROM1 (Exec base: 0x08000000, Load base: 0x08000000, Size: 0x000068e0, Max: 0x00080000, ABSOLUTE)

    Exec Addr    Load Addr    Size         Type   Attr      Idx    E Section Name        Object

    0x08000000   0x08000000   0x00000190   Data   RO         1625    RESET               startup_mm32f327x_keil.o
    0x08000190   0x08000190   0x00000008   Code   RO         9453  * !!!main             c_w.l(__main.o)
    0x08000198   0x08000198   0x00000034   Code   RO         9859    !!!scatter          c_w.l(__scatter.o)
    0x080001cc   0x080001cc   0x0000005a   Code   RO         9857    !!dczerorl2         c_w.l(__dczerorl2.o)
    0x08000226   0x08000226   0x00000002   PAD
    0x08000228   0x08000228   0x0000001c   Code   RO         9861    !!handler_zi        c_w.l(__scatter_zi.o)
    0x08000244   0x08000244   0x00000002   Code   RO         9666    .ARM.Collect$$libinit$$00000000  c_w.l(libinit.o)
    0x08000246   0x08000246   0x00000000   Code   RO         9668    .ARM.Collect$$libinit$$00000002  c_w.l(libinit2.o)
    0x08000246   0x08000246   0x00000000   Code   RO         9670    .ARM.Collect$$libinit$$00000004  c_w.l(libinit2.o)
    0x08000246   0x08000246   0x00000000   Code   RO         9673    .ARM.Collect$$libinit$$0000000A  c_w.l(libinit2.o)
    0x08000246   0x08000246   0x00000000   Code   RO         9675    .ARM.Collect$$libinit$$0000000C  c_w.l(libinit2.o)
    0x08000246   0x08000246   0x00000000   Code   RO         9677    .ARM.Collect$$libinit$$0000000E  c_w.l(libinit2.o)
    0x08000246   0x08000246   0x00000000   Code   RO         9680    .ARM.Collect$$libinit$$00000011  c_w.l(libinit2.o)
    0x08000246   0x08000246   0x00000000   Code   RO         9682    .ARM.Collect$$libinit$$00000013  c_w.l(libinit2.o)
    0x08000246   0x08000246   0x00000000   Code   RO         9684    .ARM.Collect$$libinit$$00000015  c_w.l(libinit2.o)
    0x08000246   0x08000246   0x00000000   Code   RO         9686    .ARM.Collect$$libinit$$00000017  c_w.l(libinit2.o)
    0x08000246   0x08000246   0x00000000   Code   RO         9688    .ARM.Collect$$libinit$$00000019  c_w.l(libinit2.o)
    0x08000246   0x08000246   0x00000000   Code   RO         9690    .ARM.Collect$$libinit$$0000001B  c_w.l(libinit2.o)
    0x08000246   0x08000246   0x00000000   Code   RO         9692    .ARM.Collect$$libinit$$0000001D  c_w.l(libinit2.o)
    0x08000246   0x08000246   0x00000000   Code   RO         9694    .ARM.Collect$$libinit$$0000001F  c_w.l(libinit2.o)
    0x08000246   0x08000246   0x00000000   Code   RO         9696    .ARM.Collect$$libinit$$00000021  c_w.l(libinit2.o)
    0x08000246   0x08000246   0x00000000   Code   RO         9698    .ARM.Collect$$libinit$$00000023  c_w.l(libinit2.o)
    0x08000246   0x08000246   0x00000000   Code   RO         9700    .ARM.Collect$$libinit$$00000025  c_w.l(libinit2.o)
    0x08000246   0x08000246   0x00000000   Code   RO         9704    .ARM.Collect$$libinit$$0000002C  c_w.l(libinit2.o)
    0x08000246   0x08000246   0x00000000   Code   RO         9706    .ARM.Collect$$libinit$$0000002E  c_w.l(libinit2.o)
    0x08000246   0x08000246   0x00000000   Code   RO         9708    .ARM.Collect$$libinit$$00000030  c_w.l(libinit2.o)
    0x08000246   0x08000246   0x00000000   Code   RO         9710    .ARM.Collect$$libinit$$00000032  c_w.l(libinit2.o)
    0x08000246   0x08000246   0x00000002   Code   RO         9711    .ARM.Collect$$libinit$$00000033  c_w.l(libinit2.o)
    0x08000248   0x08000248   0x00000002   Code   RO         9838    .ARM.Collect$$libshutdown$$00000000  c_w.l(libshutdown.o)
    0x0800024a   0x0800024a   0x00000000   Code   RO         9713    .ARM.Collect$$libshutdown$$00000002  c_w.l(libshutdown2.o)
    0x0800024a   0x0800024a   0x00000000   Code   RO         9715    .ARM.Collect$$libshutdown$$00000004  c_w.l(libshutdown2.o)
    0x0800024a   0x0800024a   0x00000000   Code   RO         9717    .ARM.Collect$$libshutdown$$00000006  c_w.l(libshutdown2.o)
    0x0800024a   0x0800024a   0x00000000   Code   RO         9720    .ARM.Collect$$libshutdown$$00000009  c_w.l(libshutdown2.o)
    0x0800024a   0x0800024a   0x00000000   Code   RO         9723    .ARM.Collect$$libshutdown$$0000000C  c_w.l(libshutdown2.o)
    0x0800024a   0x0800024a   0x00000000   Code   RO         9725    .ARM.Collect$$libshutdown$$0000000E  c_w.l(libshutdown2.o)
    0x0800024a   0x0800024a   0x00000000   Code   RO         9728    .ARM.Collect$$libshutdown$$00000011  c_w.l(libshutdown2.o)
    0x0800024a   0x0800024a   0x00000002   Code   RO         9729    .ARM.Collect$$libshutdown$$00000012  c_w.l(libshutdown2.o)
    0x0800024c   0x0800024c   0x00000000   Code   RO         9515    .ARM.Collect$$rtentry$$00000000  c_w.l(__rtentry.o)
    0x0800024c   0x0800024c   0x00000000   Code   RO         9547    .ARM.Collect$$rtentry$$00000002  c_w.l(__rtentry2.o)
    0x0800024c   0x0800024c   0x00000006   Code   RO         9559    .ARM.Collect$$rtentry$$00000004  c_w.l(__rtentry4.o)
    0x08000252   0x08000252   0x00000000   Code   RO         9549    .ARM.Collect$$rtentry$$00000009  c_w.l(__rtentry2.o)
    0x08000252   0x08000252   0x00000004   Code   RO         9550    .ARM.Collect$$rtentry$$0000000A  c_w.l(__rtentry2.o)
    0x08000256   0x08000256   0x00000000   Code   RO         9552    .ARM.Collect$$rtentry$$0000000C  c_w.l(__rtentry2.o)
    0x08000256   0x08000256   0x00000008   Code   RO         9553    .ARM.Collect$$rtentry$$0000000D  c_w.l(__rtentry2.o)
    0x0800025e   0x0800025e   0x00000002   Code   RO         9736    .ARM.Collect$$rtexit$$00000000  c_w.l(rtexit.o)
    0x08000260   0x08000260   0x00000000   Code   RO         9784    .ARM.Collect$$rtexit$$00000002  c_w.l(rtexit2.o)
    0x08000260   0x08000260   0x00000004   Code   RO         9785    .ARM.Collect$$rtexit$$00000003  c_w.l(rtexit2.o)
    0x08000264   0x08000264   0x00000006   Code   RO         9786    .ARM.Collect$$rtexit$$00000004  c_w.l(rtexit2.o)
    0x0800026a   0x0800026a   0x00000002   PAD
    0x0800026c   0x0800026c   0x00000040   Code   RO         1626    .text               startup_mm32f327x_keil.o
    0x080002ac   0x080002ac   0x000000f4   Code   RO         9069    .text               context_rvds.o
    0x080003a0   0x080003a0   0x00000048   Code   RO         9433    .text               c_w.l(strcpy.o)
    0x080003e8   0x080003e8   0x0000003e   Code   RO         9435    .text               c_w.l(strlen.o)
    0x08000426   0x08000426   0x00000096   Code   RO         9437    .text               c_w.l(strncmp.o)
    0x080004bc   0x080004bc   0x00000018   Code   RO         9439    .text               c_w.l(strcat.o)
    0x080004d4   0x080004d4   0x00000064   Code   RO         9443    .text               c_w.l(rt_memcpy_w.o)
    0x08000538   0x08000538   0x00000044   Code   RO         9445    .text               c_w.l(rt_memclr.o)
    0x0800057c   0x0800057c   0x0000004e   Code   RO         9447    .text               c_w.l(rt_memclr_w.o)
    0x080005ca   0x080005ca   0x00000056   Code   RO         9449    .text               c_w.l(strncpy.o)
    0x08000620   0x08000620   0x00000006   Code   RO         9451    .text               c_w.l(heapauxi.o)
    0x08000626   0x08000626   0x0000004a   Code   RO         9580    .text               c_w.l(sys_stackheap_outer.o)
    0x08000670   0x08000670   0x00000012   Code   RO         9651    .text               c_w.l(exit.o)
    0x08000682   0x08000682   0x00000002   PAD
    0x08000684   0x08000684   0x00000008   Code   RO         9730    .text               c_w.l(libspace.o)
    0x0800068c   0x0800068c   0x00000002   Code   RO         9733    .text               c_w.l(use_no_semi.o)
    0x0800068e   0x0800068e   0x00000000   Code   RO         9735    .text               c_w.l(indicate_semi.o)
    0x0800068e   0x0800068e   0x00000002   PAD
    0x08000690   0x08000690   0x0000000c   Code   RO         9781    .text               c_w.l(sys_exit.o)
    0x0800069c   0x0800069c   0x0000000a   Code   RO         8011    i.$Sub$$main        components.o
    0x080006a6   0x080006a6   0x00000066   Code   RO         1578    i.AutoCalPllFactor  system_mm32f327x.o
    0x0800070c   0x0800070c   0x00000004   Code   RO         1236    i.BusFault_Handler  common.o
    0x08000710   0x08000710   0x00000042   Code   RO         1579    i.DELAY_xUs         system_mm32f327x.o
    0x08000752   0x08000752   0x00000014   Code   RO            4    i.DMA1_Channel1_IRQHandler  isr.o
    0x08000766   0x08000766   0x00000014   Code   RO            5    i.DMA1_Channel2_IRQHandler  isr.o
    0x0800077a   0x0800077a   0x00000016   Code   RO            6    i.DMA1_Channel3_IRQHandler  isr.o
    0x08000790   0x08000790   0x00000044   Code   RO            7    i.DMA1_Channel4_IRQHandler  isr.o
    0x080007d4   0x080007d4   0x00000016   Code   RO            8    i.DMA1_Channel5_IRQHandler  isr.o
    0x080007ea   0x080007ea   0x00000016   Code   RO            9    i.DMA1_Channel6_IRQHandler  isr.o
    0x08000800   0x08000800   0x00000016   Code   RO           10    i.DMA1_Channel7_IRQHandler  isr.o
    0x08000816   0x08000816   0x00000002   PAD
    0x08000818   0x08000818   0x00000018   Code   RO           11    i.DMA2_Channel1_IRQHandler  isr.o
    0x08000830   0x08000830   0x00000018   Code   RO           12    i.DMA2_Channel2_IRQHandler  isr.o
    0x08000848   0x08000848   0x00000018   Code   RO           13    i.DMA2_Channel3_IRQHandler  isr.o
    0x08000860   0x08000860   0x00000018   Code   RO           14    i.DMA2_Channel4_IRQHandler  isr.o
    0x08000878   0x08000878   0x00000018   Code   RO           15    i.DMA2_Channel5_IRQHandler  isr.o
    0x08000890   0x08000890   0x0000001c   Code   RO         4623    i.DMA_ClearFlag     hal_dma.o
    0x080008ac   0x080008ac   0x00000030   Code   RO         4628    i.DMA_GetFlagStatus  hal_dma.o
    0x080008dc   0x080008dc   0x00000004   Code   RO         1237    i.DebugMon_Handler  common.o
    0x080008e0   0x080008e0   0x0000000a   Code   RO           16    i.EXTI0_IRQHandler  isr.o
    0x080008ea   0x080008ea   0x00000070   Code   RO           17    i.EXTI15_10_IRQHandler  isr.o
    0x0800095a   0x0800095a   0x0000000a   Code   RO           18    i.EXTI1_IRQHandler  isr.o
    0x08000964   0x08000964   0x0000000a   Code   RO           19    i.EXTI2_IRQHandler  isr.o
    0x0800096e   0x0800096e   0x0000000a   Code   RO           20    i.EXTI3_IRQHandler  isr.o
    0x08000978   0x08000978   0x0000000a   Code   RO           21    i.EXTI4_IRQHandler  isr.o
    0x08000982   0x08000982   0x00000002   PAD
    0x08000984   0x08000984   0x00000080   Code   RO           22    i.EXTI9_5_IRQHandler  isr.o
    0x08000a04   0x08000a04   0x0000000c   Code   RO         5233    i.EXTI_ClearFlag    hal_exti.o
    0x08000a10   0x08000a10   0x00000020   Code   RO         5238    i.EXTI_GetITStatus  hal_exti.o
    0x08000a30   0x08000a30   0x00000004   Code   RO         1238    i.MemManage_Handler  common.o
    0x08000a34   0x08000a34   0x00000004   Code   RO         1239    i.NMI_Handler       common.o
    0x08000a38   0x08000a38   0x0000006c   Code   RO         5953    i.NVIC_Init         hal_misc.o
    0x08000aa4   0x08000aa4   0x00000004   Code   RO         1240    i.SVC_Handler       common.o
    0x08000aa8   0x08000aa8   0x00000030   Code   RO         1580    i.SetSysClock       system_mm32f327x.o
    0x08000ad8   0x08000ad8   0x000001f4   Code   RO         1581    i.SetSysClockToXX   system_mm32f327x.o
    0x08000ccc   0x08000ccc   0x00000010   Code   RO         1157    i.SysTick_Handler   board.o
    0x08000cdc   0x08000cdc   0x00000064   Code   RO         1582    i.SystemInit        system_mm32f327x.o
    0x08000d40   0x08000d40   0x00000014   Code   RO           23    i.TIM1_UP_IRQHandler  isr.o
    0x08000d54   0x08000d54   0x00000012   Code   RO           24    i.TIM2_IRQHandler   isr.o
    0x08000d66   0x08000d66   0x00000002   PAD
    0x08000d68   0x08000d68   0x00000014   Code   RO           25    i.TIM3_IRQHandler   isr.o
    0x08000d7c   0x08000d7c   0x00000014   Code   RO           26    i.TIM4_IRQHandler   isr.o
    0x08000d90   0x08000d90   0x00000014   Code   RO           27    i.TIM5_IRQHandler   isr.o
    0x08000da4   0x08000da4   0x00000014   Code   RO           28    i.TIM6_IRQHandler   isr.o
    0x08000db8   0x08000db8   0x00000014   Code   RO           29    i.TIM7_IRQHandler   isr.o
    0x08000dcc   0x08000dcc   0x00000014   Code   RO           30    i.TIM8_UP_IRQHandler  isr.o
    0x08000de0   0x08000de0   0x0000005c   Code   RO         1158    i.UART1_IRQHandler  board.o
    0x08000e3c   0x08000e3c   0x00000040   Code   RO           31    i.UART2_IRQHandler  isr.o
    0x08000e7c   0x08000e7c   0x00000040   Code   RO           32    i.UART3_IRQHandler  isr.o
    0x08000ebc   0x08000ebc   0x0000003c   Code   RO           33    i.UART4_IRQHandler  isr.o
    0x08000ef8   0x08000ef8   0x00000034   Code   RO           34    i.UART5_IRQHandler  isr.o
    0x08000f2c   0x08000f2c   0x0000003c   Code   RO           35    i.UART6_IRQHandler  isr.o
    0x08000f68   0x08000f68   0x0000003c   Code   RO           36    i.UART7_IRQHandler  isr.o
    0x08000fa4   0x08000fa4   0x00000060   Code   RO           37    i.UART8_IRQHandler  isr.o
    0x08001004   0x08001004   0x00000004   Code   RO         1241    i.UsageFault_Handler  common.o
    0x08001008   0x08001008   0x0000004c   Code   RO         8403    i.__rt_ffs          kservice.o
    0x08001054   0x08001054   0x00000014   Code   RO         8131    i._ipc_list_resume  ipc.o
    0x08001068   0x08001068   0x0000006e   Code   RO         8133    i._ipc_list_suspend  ipc.o
    0x080010d6   0x080010d6   0x00000010   Code   RO         8134    i._ipc_object_init  ipc.o
    0x080010e6   0x080010e6   0x0000006a   Code   RO         9235    i._msh_exec_cmd     msh.o
    0x08001150   0x08001150   0x00000042   Code   RO         8957    i._rt_timer_init    timer.o
    0x08001192   0x08001192   0x0000001c   Code   RO         8958    i._rt_timer_remove  timer.o
    0x080011ae   0x080011ae   0x00000002   PAD
    0x080011b0   0x080011b0   0x00000028   Code   RO         8758    i._scheduler_get_highest_priority_thread  scheduler.o
    0x080011d8   0x080011d8   0x0000001c   Code   RO         8831    i._thread_cleanup_execute  thread.o
    0x080011f4   0x080011f4   0x0000004c   Code   RO         8832    i._thread_exit      thread.o
    0x08001240   0x08001240   0x00000084   Code   RO         8833    i._thread_init      thread.o
    0x080012c4   0x080012c4   0x000000e4   Code   RO         1851    i.afio_init         zf_gpio.o
    0x080013a8   0x080013a8   0x00000158   Code   RO          622    i.all_start         main.o
    0x08001500   0x08001500   0x00000066   Code   RO          623    i.alluart_init      main.o
    0x08001566   0x08001566   0x00000020   Code   RO         1159    i.board_init        board.o
    0x08001586   0x08001586   0x00000002   PAD
    0x08001588   0x08001588   0x000000fc   Code   RO         9073    i.bus_fault_track   cpuport.o
    0x08001684   0x08001684   0x00000014   Code   RO         9132    i.clear             cmd.o
    0x08001698   0x08001698   0x0000000e   Code   RO         9236    i.cmd_free          msh.o
    0x080016a6   0x080016a6   0x0000000e   Code   RO         9237    i.cmd_ps            msh.o
    0x080016b4   0x080016b4   0x00000078   Code   RO         9308    i.finsh_get_prompt  shell.o
    0x0800172c   0x0800172c   0x00000008   Code   RO         9310    i.finsh_getchar     shell.o
    0x08001734   0x08001734   0x0000001c   Code   RO         9313    i.finsh_set_prompt_mode  shell.o
    0x08001750   0x08001750   0x00000014   Code   RO         9314    i.finsh_system_function_init  shell.o
    0x08001764   0x08001764   0x0000009c   Code   RO         9315    i.finsh_system_init  shell.o
    0x08001800   0x08001800   0x000003c8   Code   RO         9317    i.finsh_thread_entry  shell.o
    0x08001bc8   0x08001bc8   0x00000138   Code   RO         1350    i.float_to_str      seekfree_fun.o
    0x08001d00   0x08001d00   0x00000070   Code   RO         1095    i.get_GPS           uart3.o
    0x08001d70   0x08001d70   0x0000006c   Code   RO         1058    i.get_uart2buff     uart2.o
    0x08001ddc   0x08001ddc   0x0000006c   Code   RO         1096    i.get_uart3buff     uart3.o
    0x08001e48   0x08001e48   0x0000014c   Code   RO         1854    i.gpio_init         zf_gpio.o
    0x08001f94   0x08001f94   0x00000048   Code   RO         1855    i.gpio_set          zf_gpio.o
    0x08001fdc   0x08001fdc   0x0000005c   Code   RO         1856    i.gpio_toggle       zf_gpio.o
    0x08002038   0x08002038   0x00000080   Code   RO         9074    i.hard_fault_track  cpuport.o
    0x080020b8   0x080020b8   0x00000020   Code   RO         9133    i.hello             cmd.o
    0x080020d8   0x080020d8   0x0000005c   Code   RO         1097    i.int_to_char       uart3.o
    0x08002134   0x08002134   0x00000058   Code   RO         9134    i.list              cmd.o
    0x0800218c   0x0800218c   0x00000144   Code   RO         9135    i.list_event        cmd.o
    0x080022d0   0x080022d0   0x0000002a   Code   RO         9136    i.list_find_init    cmd.o
    0x080022fa   0x080022fa   0x00000088   Code   RO         9137    i.list_get_next     cmd.o
    0x08002382   0x08002382   0x00000002   PAD
    0x08002384   0x08002384   0x0000015c   Code   RO         9138    i.list_mailbox      cmd.o
    0x080024e0   0x080024e0   0x00000078   Code   RO         8596    i.list_mem          mem.o
    0x08002558   0x08002558   0x00000144   Code   RO         9139    i.list_msgqueue     cmd.o
    0x0800269c   0x0800269c   0x00000138   Code   RO         9140    i.list_sem          cmd.o
    0x080027d4   0x080027d4   0x000001e4   Code   RO         9141    i.list_thread       cmd.o
    0x080029b8   0x080029b8   0x00000160   Code   RO         9142    i.list_timer        cmd.o
    0x08002b18   0x08002b18   0x00000004   Code   RO          624    i.main              main.o
    0x08002b1c   0x08002b1c   0x0000000e   Code   RO         8012    i.main_thread_entry  components.o
    0x08002b2a   0x08002b2a   0x00000002   PAD
    0x08002b2c   0x08002b2c   0x000000e8   Code   RO         9075    i.mem_manage_fault_track  cpuport.o
    0x08002c14   0x08002c14   0x000000a0   Code   RO         9238    i.msh_auto_complete  msh.o
    0x08002cb4   0x08002cb4   0x0000006c   Code   RO         9239    i.msh_exec          msh.o
    0x08002d20   0x08002d20   0x0000005c   Code   RO         9240    i.msh_get_cmd       msh.o
    0x08002d7c   0x08002d7c   0x00000074   Code   RO         9241    i.msh_help          msh.o
    0x08002df0   0x08002df0   0x00000004   Code   RO         9242    i.msh_is_used       msh.o
    0x08002df4   0x08002df4   0x000000f0   Code   RO         9243    i.msh_split         msh.o
    0x08002ee4   0x08002ee4   0x00000020   Code   RO         3303    i.mt9v03x_dma       seekfree_mt9v03x.o
    0x08002f04   0x08002f04   0x00000054   Code   RO         3308    i.mt9v03x_uart_callback  seekfree_mt9v03x.o
    0x08002f58   0x08002f58   0x00000018   Code   RO         3309    i.mt9v03x_vsync     seekfree_mt9v03x.o
    0x08002f70   0x08002f70   0x00000028   Code   RO         1242    i.nvic_init         common.o
    0x08002f98   0x08002f98   0x0000001c   Code   RO         9143    i.object_split      cmd.o
    0x08002fb4   0x08002fb4   0x00000184   Code   RO         1098    i.online            uart3.o
    0x08003138   0x08003138   0x00000054   Code   RO         3571    i.ov7725_cof_uart_interrupt  seekfree_uart_7725.o
    0x0800318c   0x0800318c   0x00000020   Code   RO         2439    i.ov7725_dma        seekfree_7725.o
    0x080031ac   0x080031ac   0x00000020   Code   RO         3575    i.ov7725_uart_dma   seekfree_uart_7725.o
    0x080031cc   0x080031cc   0x00000018   Code   RO         3581    i.ov7725_uart_vsync  seekfree_uart_7725.o
    0x080031e4   0x080031e4   0x00000018   Code   RO         2452    i.ov7725_vsync      seekfree_7725.o
    0x080031fc   0x080031fc   0x00000078   Code   RO         8597    i.plug_holes        mem.o
    0x08003274   0x08003274   0x00000198   Code   RO         8405    i.print_number      kservice.o
    0x0800340c   0x0800340c   0x0000002c   Code   RO         8013    i.rt_application_init  components.o
    0x08003438   0x08003438   0x00000022   Code   RO         8598    i.rt_calloc         mem.o
    0x0800345a   0x0800345a   0x00000002   PAD
    0x0800345c   0x0800345c   0x0000001c   Code   RO         8014    i.rt_components_board_init  components.o
    0x08003478   0x08003478   0x0000001c   Code   RO         8015    i.rt_components_init  components.o
    0x08003494   0x08003494   0x00000060   Code   RO         8085    i.rt_defunct_execute  idle.o
    0x080034f4   0x080034f4   0x00000020   Code   RO         8760    i.rt_enter_critical  scheduler.o
    0x08003514   0x08003514   0x00000044   Code   RO         8761    i.rt_exit_critical  scheduler.o
    0x08003558   0x08003558   0x000000e0   Code   RO         8599    i.rt_free           mem.o
    0x08003638   0x08003638   0x00000008   Code   RO         1160    i.rt_heap_begin_get  board.o
    0x08003640   0x08003640   0x00000008   Code   RO         1161    i.rt_heap_end_get   board.o
    0x08003648   0x08003648   0x00000050   Code   RO         1162    i.rt_hw_board_init  board.o
    0x08003698   0x08003698   0x0000001c   Code   RO         1163    i.rt_hw_console_getchar  board.o
    0x080036b4   0x080036b4   0x00000026   Code   RO         1164    i.rt_hw_console_output  board.o
    0x080036da   0x080036da   0x00000002   PAD
    0x080036dc   0x080036dc   0x00000208   Code   RO         9079    i.rt_hw_hard_fault_exception  cpuport.o
    0x080038e4   0x080038e4   0x0000004c   Code   RO         9080    i.rt_hw_stack_init  cpuport.o
    0x08003930   0x08003930   0x00000020   Code   RO         8373    i.rt_interrupt_enter  irq.o
    0x08003950   0x08003950   0x00000020   Code   RO         8375    i.rt_interrupt_leave  irq.o
    0x08003970   0x08003970   0x00000038   Code   RO         8409    i.rt_kprintf        kservice.o
    0x080039a8   0x080039a8   0x00000006   Code   RO         8142    i.rt_list_init      ipc.o
    0x080039ae   0x080039ae   0x00000006   Code   RO         8959    i.rt_list_init      timer.o
    0x080039b4   0x080039b4   0x0000000e   Code   RO         8677    i.rt_list_insert_after  object.o
    0x080039c2   0x080039c2   0x0000000e   Code   RO         8960    i.rt_list_insert_after  timer.o
    0x080039d0   0x080039d0   0x0000000e   Code   RO         8143    i.rt_list_insert_before  ipc.o
    0x080039de   0x080039de   0x00000010   Code   RO         8144    i.rt_list_isempty   ipc.o
    0x080039ee   0x080039ee   0x00000010   Code   RO         8961    i.rt_list_isempty   timer.o
    0x080039fe   0x080039fe   0x00000010   Code   RO         9144    i.rt_list_isempty   cmd.o
    0x08003a0e   0x08003a0e   0x00000014   Code   RO         9145    i.rt_list_len       cmd.o
    0x08003a22   0x08003a22   0x00000012   Code   RO         8678    i.rt_list_remove    object.o
    0x08003a34   0x08003a34   0x00000012   Code   RO         8834    i.rt_list_remove    thread.o
    0x08003a46   0x08003a46   0x00000012   Code   RO         8962    i.rt_list_remove    timer.o
    0x08003a58   0x08003a58   0x0000016c   Code   RO         8600    i.rt_malloc         mem.o
    0x08003bc4   0x08003bc4   0x00000052   Code   RO         8146    i.rt_mb_create      ipc.o
    0x08003c16   0x08003c16   0x000000fa   Code   RO         8150    i.rt_mb_recv        ipc.o
    0x08003d10   0x08003d10   0x00000012   Code   RO         8151    i.rt_mb_send        ipc.o
    0x08003d22   0x08003d22   0x0000010e   Code   RO         8152    i.rt_mb_send_wait   ipc.o
    0x08003e30   0x08003e30   0x00000042   Code   RO         8414    i.rt_memmove        kservice.o
    0x08003e72   0x08003e72   0x00000048   Code   RO         8415    i.rt_memset         kservice.o
    0x08003eba   0x08003eba   0x00000054   Code   RO         8679    i.rt_object_allocate  object.o
    0x08003f0e   0x08003f0e   0x00000024   Code   RO         8680    i.rt_object_delete  object.o
    0x08003f32   0x08003f32   0x0000001e   Code   RO         8681    i.rt_object_detach  object.o
    0x08003f50   0x08003f50   0x00000028   Code   RO         8683    i.rt_object_get_information  object.o
    0x08003f78   0x08003f78   0x00000056   Code   RO         8687    i.rt_object_init    object.o
    0x08003fce   0x08003fce   0x00000012   Code   RO         8688    i.rt_object_is_systemobject  object.o
    0x08003fe0   0x08003fe0   0x0000011c   Code   RO         8762    i.rt_schedule       scheduler.o
    0x080040fc   0x080040fc   0x00000070   Code   RO         8763    i.rt_schedule_insert_thread  scheduler.o
    0x0800416c   0x0800416c   0x00000054   Code   RO         8764    i.rt_schedule_remove_thread  scheduler.o
    0x080041c0   0x080041c0   0x0000002a   Code   RO         8164    i.rt_sem_create     ipc.o
    0x080041ea   0x080041ea   0x00000026   Code   RO         8167    i.rt_sem_init       ipc.o
    0x08004210   0x08004210   0x00000052   Code   RO         8168    i.rt_sem_release    ipc.o
    0x08004262   0x08004262   0x00000074   Code   RO         8169    i.rt_sem_take       ipc.o
    0x080042d6   0x080042d6   0x00000002   PAD
    0x080042d8   0x080042d8   0x000000c4   Code   RO         8417    i.rt_show_version   kservice.o
    0x0800439c   0x0800439c   0x00000022   Code   RO         8419    i.rt_sprintf        kservice.o
    0x080043be   0x080043be   0x00000034   Code   RO         8425    i.rt_strncpy        kservice.o
    0x080043f2   0x080043f2   0x00000002   PAD
    0x080043f4   0x080043f4   0x000000f8   Code   RO         8603    i.rt_system_heap_init  mem.o
    0x080044ec   0x080044ec   0x00000034   Code   RO         8765    i.rt_system_scheduler_init  scheduler.o
    0x08004520   0x08004520   0x00000028   Code   RO         8766    i.rt_system_scheduler_start  scheduler.o
    0x08004548   0x08004548   0x0000001c   Code   RO         8963    i.rt_system_timer_init  timer.o
    0x08004564   0x08004564   0x00000002   Code   RO         8964    i.rt_system_timer_thread_init  timer.o
    0x08004566   0x08004566   0x00000050   Code   RO         8836    i.rt_thread_create  thread.o
    0x080045b6   0x080045b6   0x00000002   PAD
    0x080045b8   0x080045b8   0x00000034   Code   RO         8086    i.rt_thread_defunct_dequeue  idle.o
    0x080045ec   0x080045ec   0x0000001c   Code   RO         8087    i.rt_thread_defunct_enqueue  idle.o
    0x08004608   0x08004608   0x00000008   Code   RO         8088    i.rt_thread_idle_entry  idle.o
    0x08004610   0x08004610   0x00000060   Code   RO         8090    i.rt_thread_idle_init  idle.o
    0x08004670   0x08004670   0x00000034   Code   RO         8842    i.rt_thread_init    thread.o
    0x080046a4   0x080046a4   0x00000014   Code   RO         8843    i.rt_thread_mdelay  thread.o
    0x080046b8   0x080046b8   0x0000003c   Code   RO         8844    i.rt_thread_resume  thread.o
    0x080046f4   0x080046f4   0x0000000c   Code   RO         8845    i.rt_thread_self    thread.o
    0x08004700   0x08004700   0x00000040   Code   RO         8846    i.rt_thread_sleep   thread.o
    0x08004740   0x08004740   0x0000002c   Code   RO         8847    i.rt_thread_startup  thread.o
    0x0800476c   0x0800476c   0x00000048   Code   RO         8848    i.rt_thread_suspend  thread.o
    0x080047b4   0x080047b4   0x0000002c   Code   RO         8849    i.rt_thread_timeout  thread.o
    0x080047e0   0x080047e0   0x00000038   Code   RO         7964    i.rt_tick_from_millisecond  clock.o
    0x08004818   0x08004818   0x0000000c   Code   RO         7965    i.rt_tick_get       clock.o
    0x08004824   0x08004824   0x00000050   Code   RO         7967    i.rt_tick_increase  clock.o
    0x08004874   0x08004874   0x000000a4   Code   RO         8965    i.rt_timer_check    timer.o
    0x08004918   0x08004918   0x00000062   Code   RO         8966    i.rt_timer_control  timer.o
    0x0800497a   0x0800497a   0x00000036   Code   RO         8967    i.rt_timer_create   timer.o
    0x080049b0   0x080049b0   0x00000028   Code   RO         8969    i.rt_timer_detach   timer.o
    0x080049d8   0x080049d8   0x0000002e   Code   RO         8970    i.rt_timer_init     timer.o
    0x08004a06   0x08004a06   0x00000002   PAD
    0x08004a08   0x08004a08   0x000000ec   Code   RO         8973    i.rt_timer_start    timer.o
    0x08004af4   0x08004af4   0x00000030   Code   RO         8974    i.rt_timer_stop     timer.o
    0x08004b24   0x08004b24   0x00000340   Code   RO         8428    i.rt_vsnprintf      kservice.o
    0x08004e64   0x08004e64   0x00000016   Code   RO         8429    i.rt_vsprintf       kservice.o
    0x08004e7a   0x08004e7a   0x00000004   Code   RO         8016    i.rti_board_end     components.o
    0x08004e7e   0x08004e7e   0x00000004   Code   RO         8017    i.rti_board_start   components.o
    0x08004e82   0x08004e82   0x00000004   Code   RO         8018    i.rti_end           components.o
    0x08004e86   0x08004e86   0x00000004   Code   RO         8019    i.rti_start         components.o
    0x08004e8a   0x08004e8a   0x0000002a   Code   RO         8020    i.rtthread_startup  components.o
    0x08004eb4   0x08004eb4   0x00000230   Code   RO         1099    i.sent              uart3.o
    0x080050e4   0x080050e4   0x00000038   Code   RO         9318    i.shell_auto_complete  shell.o
    0x0800511c   0x0800511c   0x00000030   Code   RO         9146    i.show_wait_queue   cmd.o
    0x0800514c   0x0800514c   0x00000026   Code   RO         8430    i.skip_atoi         kservice.o
    0x08005172   0x08005172   0x00000020   Code   RO         9244    i.str_common        msh.o
    0x08005192   0x08005192   0x00000032   Code   RO         1165    i.systick_config    board.o
    0x080051c4   0x080051c4   0x00000074   Code   RO          625    i.thread2_entry_sent  main.o
    0x08005238   0x08005238   0x00000074   Code   RO          626    i.thread_entry_online  main.o
    0x080052ac   0x080052ac   0x00000248   Code   RO         1059    i.uart2_time_over   uart2.o
    0x080054f4   0x080054f4   0x0000003c   Code   RO          627    i.uart2_timer_app   main.o
    0x08005530   0x08005530   0x0000000a   Code   RO          628    i.uart2_timer_timeout  main.o
    0x0800553a   0x0800553a   0x00000002   PAD
    0x0800553c   0x0800553c   0x00000320   Code   RO         1100    i.uart3_time_over   uart3.o
    0x0800585c   0x0800585c   0x0000003c   Code   RO          629    i.uart3_timer_app   main.o
    0x08005898   0x08005898   0x0000000a   Code   RO          630    i.uart3_timer_timeout  main.o
    0x080058a2   0x080058a2   0x00000002   PAD
    0x080058a4   0x080058a4   0x00000024   Code   RO         2197    i.uart_getchar      zf_uart.o
    0x080058c8   0x080058c8   0x00000194   Code   RO         2198    i.uart_init         zf_uart.o
    0x08005a5c   0x08005a5c   0x00000024   Code   RO         2199    i.uart_pin_init     zf_uart.o
    0x08005a80   0x08005a80   0x00000020   Code   RO         2201    i.uart_putchar      zf_uart.o
    0x08005aa0   0x08005aa0   0x0000001a   Code   RO         2202    i.uart_putstr       zf_uart.o
    0x08005aba   0x08005aba   0x00000002   PAD
    0x08005abc   0x08005abc   0x00000048   Code   RO         2204    i.uart_rx_irq       zf_uart.o
    0x08005b04   0x08005b04   0x000000e8   Code   RO         9081    i.usage_fault_track  cpuport.o
    0x08005bec   0x08005bec   0x0000000a   Code   RO         9147    i.version           cmd.o
    0x08005bf6   0x08005bf6   0x00000002   PAD
    0x08005bf8   0x08005bf8   0x00000062   Code   RO         9455    x$fpl$d2f           fz_ws.l(d2f.o)
    0x08005c5a   0x08005c5a   0x00000018   Code   RO         9533    x$fpl$dcmpinf       fz_ws.l(dcmpi.o)
    0x08005c72   0x08005c72   0x00000002   PAD
    0x08005c74   0x08005c74   0x000002b0   Code   RO         9464    x$fpl$ddiv          fz_ws.l(ddiv.o)
    0x08005f24   0x08005f24   0x00000078   Code   RO         9467    x$fpl$deqf          fz_ws.l(deqf.o)
    0x08005f9c   0x08005f9c   0x00000026   Code   RO         9473    x$fpl$dfltu         fz_ws.l(dflt_clz.o)
    0x08005fc2   0x08005fc2   0x0000009c   Code   RO         9535    x$fpl$dnaninf       fz_ws.l(dnaninf.o)
    0x0800605e   0x0800605e   0x0000000c   Code   RO         9537    x$fpl$dretinf       fz_ws.l(dretinf.o)
    0x0800606a   0x0800606a   0x00000002   PAD
    0x0800606c   0x0800606c   0x00000056   Code   RO         9485    x$fpl$f2d           fz_ws.l(f2d.o)
    0x080060c2   0x080060c2   0x00000002   PAD
    0x080060c4   0x080060c4   0x000000c4   Code   RO         9487    x$fpl$fadd          fz_ws.l(faddsub_clz.o)
    0x08006188   0x08006188   0x00000018   Code   RO         9539    x$fpl$fcmpinf       fz_ws.l(fcmpi.o)
    0x080061a0   0x080061a0   0x00000036   Code   RO         9497    x$fpl$ffix          fz_ws.l(ffix.o)
    0x080061d6   0x080061d6   0x00000002   PAD
    0x080061d8   0x080061d8   0x00000030   Code   RO         9506    x$fpl$fflt          fz_ws.l(fflt_clz.o)
    0x08006208   0x08006208   0x00000068   Code   RO         9511    x$fpl$fleqf         fz_ws.l(fleqf.o)
    0x08006270   0x08006270   0x00000102   Code   RO         9513    x$fpl$fmul          fz_ws.l(fmul.o)
    0x08006372   0x08006372   0x0000008c   Code   RO         9541    x$fpl$fnaninf       fz_ws.l(fnaninf.o)
    0x080063fe   0x080063fe   0x0000000a   Code   RO         9543    x$fpl$fretinf       fz_ws.l(fretinf.o)
    0x08006408   0x08006408   0x00000014   Code   RO         9488    x$fpl$frsb          fz_ws.l(faddsub_clz.o)
    0x0800641c   0x0800641c   0x000000ea   Code   RO         9489    x$fpl$fsub          fz_ws.l(faddsub_clz.o)
    0x08006506   0x08006506   0x00000000   Code   RO         9545    x$fpl$usenofp       fz_ws.l(usenofp.o)
    0x08006506   0x08006506   0x00000122   Data   RO         8432    .constdata          kservice.o
    0x08006628   0x08006628   0x00000009   Data   RO         8605    .constdata          mem.o
    0x08006631   0x08006631   0x000000e3   Data   RO         9148    .constdata          cmd.o
    0x08006714   0x08006714   0x0000001f   Data   RO         9245    .constdata          msh.o
    0x08006733   0x08006733   0x00000001   PAD
    0x08006734   0x08006734   0x00000073   Data   RO         1102    .conststring        uart3.o
    0x080067a7   0x080067a7   0x00000001   PAD
    0x080067a8   0x080067a8   0x00000044   Data   RO         9149    .conststring        cmd.o
    0x080067ec   0x080067ec   0x00000004   Data   RO         8021    .rti_fn.0           components.o
    0x080067f0   0x080067f0   0x00000004   Data   RO         8022    .rti_fn.0.end       components.o
    0x080067f4   0x080067f4   0x00000004   Data   RO          632    .rti_fn.1           main.o
    0x080067f8   0x080067f8   0x00000004   Data   RO         8023    .rti_fn.1.end       components.o
    0x080067fc   0x080067fc   0x0000000c   Data   RO          633    .rti_fn.6           main.o
    0x08006808   0x08006808   0x00000004   Data   RO         9321    .rti_fn.6           shell.o
    0x0800680c   0x0800680c   0x00000004   Data   RO         8024    .rti_fn.6.end       components.o
    0x08006810   0x08006810   0x00000008   Data   RO         8607    FSymTab             mem.o
    0x08006818   0x08006818   0x00000090   Data   RO         9150    FSymTab             cmd.o
    0x080068a8   0x080068a8   0x00000018   Data   RO         9246    FSymTab             msh.o
    0x080068c0   0x080068c0   0x00000020   Data   RO         9855    Region$$Table       anon$$obj.o


    Execution Region RW_IRAM1 (Exec base: 0x20000000, Load base: 0x080068e0, Size: 0x00003c18, Max: 0x00020000, ABSOLUTE, COMPRESSED[0x000000c0])

    Exec Addr    Load Addr    Size         Type   Attr      Idx    E Section Name        Object

    0x20000000   COMPRESSED   0x00000010   Data   RW          631    .data               main.o
    0x20000010   COMPRESSED   0x00000022   Data   RW         1061    .data               uart2.o
    0x20000032   COMPRESSED   0x00000002   PAD
    0x20000034   COMPRESSED   0x00000019   Data   RW         1103    .data               uart3.o
    0x2000004d   COMPRESSED   0x00000003   PAD
    0x20000050   COMPRESSED   0x00000004   Data   RW         1167    .data               board.o
    0x20000054   COMPRESSED   0x00000008   Data   RW         1245    .data               common.o
    0x2000005c   COMPRESSED   0x00000014   Data   RW         1583    .data               system_mm32f327x.o
    0x20000070   COMPRESSED   0x00000020   Data   RW         1857    .data               zf_gpio.o
    0x20000090   COMPRESSED   0x00000028   Data   RW         2206    .data               zf_uart.o
    0x200000b8   COMPRESSED   0x00000004   Data   RW         2454    .data               seekfree_7725.o
    0x200000bc   COMPRESSED   0x0000004a   Data   RW         3315    .data               seekfree_mt9v03x.o
    0x20000106   COMPRESSED   0x00000033   Data   RW         3584    .data               seekfree_uart_7725.o
    0x20000139   COMPRESSED   0x00000003   PAD
    0x2000013c   COMPRESSED   0x00000004   Data   RW         7969    .data               clock.o
    0x20000140   COMPRESSED   0x00000008   Data   RW         8092    .data               idle.o
    0x20000148   COMPRESSED   0x00000001   Data   RW         8376    .data               irq.o
    0x20000149   COMPRESSED   0x00000003   PAD
    0x2000014c   COMPRESSED   0x00000018   Data   RW         8606    .data               mem.o
    0x20000164   COMPRESSED   0x00000060   Data   RW         8689    .data               object.o
    0x200001c4   COMPRESSED   0x0000000d   Data   RW         8768    .data               scheduler.o
    0x200001d1   COMPRESSED   0x00000003   PAD
    0x200001d4   COMPRESSED   0x0000000c   Data   RW         8975    .data               timer.o
    0x200001e0   COMPRESSED   0x00000010   Data   RW         9082    .data               cpuport.o
    0x200001f0   COMPRESSED   0x00000018   Data   RW         9320    .data               shell.o
    0x20000208        -       0x0000020d   Zero   RW         1060    .bss                uart2.o
    0x20000415        -       0x000004cb   Zero   RW         1101    .bss                uart3.o
    0x200008e0        -       0x00000af0   Zero   RW         1166    .bss                board.o
    0x200013d0        -       0x00000180   Zero   RW         8091    .bss                idle.o
    0x20001550        -       0x00000200   Zero   RW         8431    .bss                kservice.o
    0x20001750        -       0x00000020   Zero   RW         8604    .bss                mem.o
    0x20001770        -       0x00000040   Zero   RW         8767    .bss                scheduler.o
    0x200017b0        -       0x00000201   Zero   RW         9319    .bss                shell.o
    0x200019b1   COMPRESSED   0x00000003   PAD
    0x200019b4        -       0x00000060   Zero   RW         9731    .bss                c_w.l(libspace.o)
    0x20001a14   COMPRESSED   0x00000004   PAD
    0x20001a18        -       0x00000200   Zero   RW         1624    HEAP                startup_mm32f327x_keil.o
    0x20001c18        -       0x00002000   Zero   RW         1623    STACK               startup_mm32f327x_keil.o


==============================================================================

Image component sizes


      Code (inc. data)   RO Data    RW Data    ZI Data      Debug   Object Name

       352         38          0          4       2800       8685   board.o
       148         12          0          4          0       2572   clock.o
      2584        878        439          0          0      18873   cmd.o
        64          0          0          8          0       7050   common.o
       182         28         16          0          0       6768   components.o
       244         28          0          0          0        828   context_rvds.o
      1440        724          0         16          0       5962   cpuport.o
        76         16          0          0          0       5028   hal_dma.o
        44         10          0          0          0       1228   hal_exti.o
       108         12          0          0          0       1240   hal_misc.o
       280         32          0          8        384       7022   idle.o
      1080          0          0          0          0      13548   ipc.o
        64         12          0          1          0       1958   irq.o
      1220        116          0          0          0      69677   isr.o
      1852        182        290          0        512      11308   kservice.o
       822        334         16         16          0      13822   main.o
      1110        310         17         24         32       5842   mem.o
       886        152         55          0          0      10125   msh.o
       326          4          0         96          0       9172   object.o
       712         82          0         13         64       9712   scheduler.o
         0          0          0          0          0       2289   seekfree_18tft.o
        56         14          0          4          0       2046   seekfree_7725.o
       312          6          0          0          0       1147   seekfree_fun.o
       140         32          0         74          0       2922   seekfree_mt9v03x.o
         0          0          0          0          0      11717   seekfree_printf.o
       140         32          0         51          0       3024   seekfree_uart_7725.o
      1356        154          4         24        513      10956   shell.o
        64         26        400          0       8704        932   startup_mm32f327x_keil.o
       816         60          0         20          0       4708   system_mm32f327x.o
       702         14          0          0          0      12133   thread.o
       864         24          0         12          0      13790   timer.o
       692         62          0         34        525       2939   uart2.o
      2060        580        115         25       1227       6121   uart3.o
       724         30          0         32          0       4862   zf_gpio.o
       606         38          0         40          0       6108   zf_uart.o

    ----------------------------------------------------------------------
     22160       4042       1386        520      14764     296114   Object Totals
         0          0         32          0          0          0   (incl. Generated)
        34          0          2         14          3          0   (incl. Padding)

    ----------------------------------------------------------------------

      Code (inc. data)   RO Data    RW Data    ZI Data      Debug   Library Member Name

        90          0          0          0          0          0   __dczerorl2.o
         8          0          0          0          0         68   __main.o
         0          0          0          0          0          0   __rtentry.o
        12          0          0          0          0          0   __rtentry2.o
         6          0          0          0          0          0   __rtentry4.o
        52          8          0          0          0          0   __scatter.o
        28          0          0          0          0          0   __scatter_zi.o
        18          0          0          0          0         80   exit.o
         6          0          0          0          0        152   heapauxi.o
         0          0          0          0          0          0   indicate_semi.o
         2          0          0          0          0          0   libinit.o
         2          0          0          0          0          0   libinit2.o
         2          0          0          0          0          0   libshutdown.o
         2          0          0          0          0          0   libshutdown2.o
         8          4          0          0         96         68   libspace.o
        68          0          0          0          0         68   rt_memclr.o
        78          0          0          0          0         80   rt_memclr_w.o
       100          0          0          0          0         80   rt_memcpy_w.o
         2          0          0          0          0          0   rtexit.o
        10          0          0          0          0          0   rtexit2.o
        24          0          0          0          0         68   strcat.o
        72          0          0          0          0         80   strcpy.o
        62          0          0          0          0         76   strlen.o
       150          0          0          0          0         80   strncmp.o
        86          0          0          0          0         76   strncpy.o
        12          4          0          0          0         68   sys_exit.o
        74          0          0          0          0         80   sys_stackheap_outer.o
         2          0          0          0          0         68   use_no_semi.o
        98          4          0          0          0         92   d2f.o
        24          0          0          0          0         68   dcmpi.o
       688        140          0          0          0        208   ddiv.o
       120          4          0          0          0         92   deqf.o
        38          0          0          0          0         68   dflt_clz.o
       156          4          0          0          0         92   dnaninf.o
        12          0          0          0          0         68   dretinf.o
        86          4          0          0          0         84   f2d.o
       450          8          0          0          0        236   faddsub_clz.o
        24          0          0          0          0         68   fcmpi.o
        54          4          0          0          0         84   ffix.o
        48          0          0          0          0         68   fflt_clz.o
       104          4          0          0          0         84   fleqf.o
       258          4          0          0          0         84   fmul.o
       140          4          0          0          0         84   fnaninf.o
        10          0          0          0          0         68   fretinf.o
         0          0          0          0          0          0   usenofp.o

    ----------------------------------------------------------------------
      3302        196          0          0        100       2740   Library Totals
        16          0          0          0          4          0   (incl. Padding)

    ----------------------------------------------------------------------

      Code (inc. data)   RO Data    RW Data    ZI Data      Debug   Library Name

       976         16          0          0         96       1192   c_w.l
      2310        180          0          0          0       1548   fz_ws.l

    ----------------------------------------------------------------------
      3302        196          0          0        100       2740   Library Totals

    ----------------------------------------------------------------------

==============================================================================


      Code (inc. data)   RO Data    RW Data    ZI Data      Debug   

     25462       4238       1386        520      14864     285590   Grand Totals
     25462       4238       1386        192      14864     285590   ELF Image Totals (compressed)
     25462       4238       1386        192          0          0   ROM Totals

==============================================================================

    Total RO  Size (Code + RO Data)                26848 (  26.22kB)
    Total RW  Size (RW Data + ZI Data)             15384 (  15.02kB)
    Total ROM Size (Code + RO Data + RW Data)      27040 (  26.41kB)

==============================================================================

