Component: ARM Compiler 5.06 update 7 (build 960) Tool: armlink [4d3601]

==============================================================================

Section Cross References

    main.o(i.hal_low_power_io_init) refers to gpio.o(i.hal_gpio_pull_set) for hal_gpio_pull_set
    main.o(i.hal_low_power_io_init) refers to pwrmgr.o(i.hal_pwrmgr_RAM_retention) for hal_pwrmgr_RAM_retention
    main.o(i.hal_low_power_io_init) refers to pwrmgr.o(i.hal_pwrmgr_RAM_retention_set) for hal_pwrmgr_RAM_retention_set
    main.o(i.hal_low_power_io_init) refers to pwrmgr.o(i.hal_pwrmgr_LowCurrentLdo_enable) for hal_pwrmgr_LowCurrentLdo_enable
    main.o(i.hal_low_power_io_init) refers to main.o(.constdata) for .constdata
    main.o(i.hal_rfphy_init) refers to patch.o(i.hal_rom_boot_init) for hal_rom_boot_init
    main.o(i.hal_rfphy_init) refers to main.o(i.__NVIC_SetPriority) for __NVIC_SetPriority
    main.o(i.hal_rfphy_init) refers to main.o(.bss) for .bss
    main.o(i.main) refers to patch.o(_section_xip_code_) for init_config
    main.o(i.main) refers to main.o(i.hal_rfphy_init) for hal_rfphy_init
    main.o(i.main) refers to main.o(i.hal_low_power_io_init) for hal_low_power_io_init
    main.o(i.main) refers to clock.o(i.hal_rtc_clock_config) for hal_rtc_clock_config
    main.o(i.main) refers to pwrmgr.o(i.hal_pwrmgr_init) for hal_pwrmgr_init
    main.o(i.main) refers to flash.o(i.hal_spif_cache_init) for hal_spif_cache_init
    main.o(i.main) refers to my_printf.o(i.dbg_printf_init) for dbg_printf_init
    main.o(i.main) refers to gpio.o(i.hal_gpio_init) for hal_gpio_init
    main.o(i.main) refers to adc.o(i.hal_adc_init) for hal_adc_init
    main.o(i.main) refers to phy_rf.o(i.app_main) for app_main
    main.o(i.main) refers to main.o(.data) for .data
    main.o(i.main) refers to main.o(.constdata) for .constdata
    phy_rf.o(i.PLUSPHY_IRQHandler) refers to rf_phy_driver.o(i.rf_phy_get_pktFoot) for rf_phy_get_pktFoot
    phy_rf.o(i.PLUSPHY_IRQHandler) refers to rf_phy_driver.o(i.rf_phy_get_pktFoot_fromPkt) for rf_phy_get_pktFoot_fromPkt
    phy_rf.o(i.PLUSPHY_IRQHandler) refers to phy_rf.o(i.phy_rx_data_check) for phy_rx_data_check
    phy_rf.o(i.PLUSPHY_IRQHandler) refers to phy_rf.o(.data) for .data
    phy_rf.o(i.PLUSPHY_IRQHandler) refers to phy_rf.o(.bss) for .bss
    phy_rf.o(i.PhyRf_Init) refers to flash.o(i.hal_flash_read) for hal_flash_read
    phy_rf.o(i.PhyRf_Init) refers to phy_rf.o(i.phy_tx_buf_updata) for phy_tx_buf_updata
    phy_rf.o(i.PhyRf_Init) refers to my.o(i.my_inti) for my_inti
    phy_rf.o(i.PhyRf_Init) refers to phy_rf.o(.data) for .data
    phy_rf.o(i.PhyRf_Init) refers to phy_rf.o(i.PLUSPHY_IRQHandler) for PLUSPHY_IRQHandler
    phy_rf.o(i.PhyRf_Init) refers to phy_rf.o(.bss) for .bss
    phy_rf.o(i.PhyRf_ProcessEvent) refers to my.o(i.time_cb) for time_cb
    phy_rf.o(i.PhyRf_ProcessEvent) refers to phy_rf.o(i.phy_rf_tx) for phy_rf_tx
    phy_rf.o(i.PhyRf_ProcessEvent) refers to gpio.o(i.hal_gpio_write) for hal_gpio_write
    phy_rf.o(i.PhyRf_ProcessEvent) refers to phy_rf.o(.bss) for .bss
    phy_rf.o(i.PhyRf_ProcessEvent) refers to phy_rf.o(.data) for .data
    phy_rf.o(i.phy_hw_go) refers to phy_rf.o(.bss) for .bss
    phy_rf.o(i.phy_hw_pktFmt_Config) refers to rf_phy_driver.o(i.rf_phy_bb_cfg) for rf_phy_bb_cfg
    phy_rf.o(i.phy_rf_tx) refers to phy_rf.o(i.phy_hw_stop) for phy_hw_stop
    phy_rf.o(i.phy_rf_tx) refers to phy_rf.o(i.phy_hw_pktFmt_Config) for phy_hw_pktFmt_Config
    phy_rf.o(i.phy_rf_tx) refers to phy_rf.o(i.phy_hw_timing_setting) for phy_hw_timing_setting
    phy_rf.o(i.phy_rf_tx) refers to phy_rf.o(i.phy_set_channel) for phy_set_channel
    phy_rf.o(i.phy_rf_tx) refers to phy_rf.o(i.phy_hw_set_stx) for phy_hw_set_stx
    phy_rf.o(i.phy_rf_tx) refers to phy_rf.o(i.phy_hw_go) for phy_hw_go
    phy_rf.o(i.phy_rf_tx) refers to phy_rf.o(i.phy_hw_set_trx) for phy_hw_set_trx
    phy_rf.o(i.phy_rf_tx) refers to phy_rf.o(.bss) for .bss
    phy_rf.o(i.phy_rx_data_check) refers to phy_rf.o(.bss) for .bss
    phy_rf.o(i.phy_rx_data_check) refers to phy_rf.o(.data) for .data
    phy_rf.o(i.phy_tx_buf_updata) refers to phy_rf.o(.bss) for .bss
    osal_phyrf.o(i.osalInitTasks) refers to phy_rf.o(i.PhyRf_Init) for PhyRf_Init
    osal_phyrf.o(i.osalInitTasks) refers to osal_phyrf.o(.data) for .data
    osal_phyrf.o(.constdata) refers to phy_rf.o(i.PhyRf_ProcessEvent) for PhyRf_ProcessEvent
    smart_rf_app.o(i.SmartRf_App_Init) refers to smart_rf_app.o(.data) for .data
    adc.o(i.adc_init_r) refers to clock.o(i.hal_clk_gate_enable) for hal_clk_gate_enable
    adc.o(i.adc_init_r) refers to gpio.o(i.hal_gpio_cfg_analog_io) for hal_gpio_cfg_analog_io
    adc.o(i.clear_adcc_cfg) refers to adc.o(.bss) for .bss
    adc.o(i.hal_ADC_IRQHandler) refers to adc.o(i.hal_adc_stop) for hal_adc_stop
    adc.o(i.hal_ADC_IRQHandler) refers to adc.o(.bss) for .bss
    adc.o(i.hal_adc_clock_config) refers to adc.o(.data) for .data
[...]
    spif_cmd                                 0x00016d49   Thumb Code     0  bb_rom_sym_m0.txt ABSOLUTE
    spif_config                              0x00016dc5   Thumb Code     0  bb_rom_sym_m0.txt ABSOLUTE
    spif_erase_all                           0x00016ea1   Thumb Code     0  bb_rom_sym_m0.txt ABSOLUTE
    spif_erase_block64                       0x00016ed1   Thumb Code     0  bb_rom_sym_m0.txt ABSOLUTE
    spif_erase_chip                          0x00016f55   Thumb Code     0  bb_rom_sym_m0.txt ABSOLUTE
    spif_erase_sector                        0x00016fa9   Thumb Code     0  bb_rom_sym_m0.txt ABSOLUTE
    spif_flash_size                          0x00017029   Thumb Code     0  bb_rom_sym_m0.txt ABSOLUTE
    spif_flash_status_reg_0                  0x0001703d   Thumb Code     0  bb_rom_sym_m0.txt ABSOLUTE
    spif_flash_status_reg_1                  0x00017047   Thumb Code     0  bb_rom_sym_m0.txt ABSOLUTE
    spif_init                                0x00017051   Thumb Code     0  bb_rom_sym_m0.txt ABSOLUTE
    spif_rddata                              0x0001713d   Thumb Code     0  bb_rom_sym_m0.txt ABSOLUTE
    spif_read                                0x00017165   Thumb Code     0  bb_rom_sym_m0.txt ABSOLUTE
    spif_release_deep_sleep                  0x000172cd   Thumb Code     0  bb_rom_sym_m0.txt ABSOLUTE
    spif_set_deep_sleep                      0x00017349   Thumb Code     0  bb_rom_sym_m0.txt ABSOLUTE
    spif_wrdata                              0x0001736d   Thumb Code     0  bb_rom_sym_m0.txt ABSOLUTE
    spif_write                               0x00017395   Thumb Code     0  bb_rom_sym_m0.txt ABSOLUTE
    spif_write_dma                           0x0001744d   Thumb Code     0  bb_rom_sym_m0.txt ABSOLUTE
    spif_write_protect                       0x000174f9   Thumb Code     0  bb_rom_sym_m0.txt ABSOLUTE
    sram_ret_patch                           0x00017591   Thumb Code     0  bb_rom_sym_m0.txt ABSOLUTE
    update_rx_read_ptr                       0x00017609   Thumb Code     0  bb_rom_sym_m0.txt ABSOLUTE
    update_rx_write_ptr                      0x00017635   Thumb Code     0  bb_rom_sym_m0.txt ABSOLUTE
    update_tx_read_ptr                       0x00017659   Thumb Code     0  bb_rom_sym_m0.txt ABSOLUTE
    update_tx_write_ptr                      0x00017685   Thumb Code     0  bb_rom_sym_m0.txt ABSOLUTE
    wakeupProcess                            0x000176a9   Thumb Code     0  bb_rom_sym_m0.txt ABSOLUTE
    wakeupProcess0                           0x000176c5   Thumb Code     0  bb_rom_sym_m0.txt ABSOLUTE
    wakeup_init                              0x000178a5   Thumb Code     0  bb_rom_sym_m0.txt ABSOLUTE
    wakeup_init0                             0x000178bd   Thumb Code     0  bb_rom_sym_m0.txt ABSOLUTE
    zigbee_crc16_gen                         0x0001798d   Thumb Code     0  bb_rom_sym_m0.txt ABSOLUTE
    supportedCmdsTable                       0x00017c00   Data           0  bb_rom_sym_m0.txt ABSOLUTE
    hciCmdTable                              0x00017c44   Data           0  bb_rom_sym_m0.txt ABSOLUTE
    SCA                                      0x00017c4c   Data           0  bb_rom_sym_m0.txt ABSOLUTE
    jump_table_base                          0x1fff0000   Data        1024  jump_table.o(jump_table_mem_area)
    global_config                            0x1fff0400   Data        1024  jump_table.o(global_config_area)
    hclk_per_us                              0x1fff0818   Data           0  bb_rom_sym_m0.txt ABSOLUTE
    hclk_per_us_shift                        0x1fff081c   Data           0  bb_rom_sym_m0.txt ABSOLUTE
    s_prog_time_save                         0x1fff0828   Data           0  bb_rom_sym_m0.txt ABSOLUTE
    s_prog_timeout                           0x1fff082c   Data           0  bb_rom_sym_m0.txt ABSOLUTE
    DFL_ENTRY_BASE                           0x1fff0830   Data           0  bb_rom_sym_m0.txt ABSOLUTE
    receive_timeout_flag                     0x1fff0850   Data           0  bb_rom_sym_m0.txt ABSOLUTE
    osal_sys_tick                            0x1fff0860   Data           0  bb_rom_sym_m0.txt ABSOLUTE
    g_timer4_irq_pending_time                0x1fff0864   Data           0  bb_rom_sym_m0.txt ABSOLUTE
    g_hclk                                   0x1fff0874   Data           0  bb_rom_sym_m0.txt ABSOLUTE
    m_in_critical_region                     0x1fff0878   Data           0  bb_rom_sym_m0.txt ABSOLUTE
    s_rom_debug_level                        0x1fff0888   Data           0  bb_rom_sym_m0.txt ABSOLUTE
    s_spif_ctx                               0x1fff0894   Data           0  bb_rom_sym_m0.txt ABSOLUTE
    osal_qHead                               0x1fff08b8   Data           0  bb_rom_sym_m0.txt ABSOLUTE
    baseTaskID                               0x1fff08c0   Data           0  bb_rom_sym_m0.txt ABSOLUTE
    OSAL_timeSeconds                         0x1fff08cc   Data           0  bb_rom_sym_m0.txt ABSOLUTE
    ll_remain_time                           0x1fff08e4   Data           0  bb_rom_sym_m0.txt ABSOLUTE
    pwrmgr_attribute                         0x1fff08e8   Data           0  bb_rom_sym_m0.txt ABSOLUTE
    timerHead                                0x1fff08f0   Data           0  bb_rom_sym_m0.txt ABSOLUTE
    hciPTMenabled                            0x1fff08f8   Data           0  bb_rom_sym_m0.txt ABSOLUTE
    ctrlToHostEnable                         0x1fff08f9   Data           0  bb_rom_sym_m0.txt ABSOLUTE
    numHostBufs                              0x1fff08fa   Data           0  bb_rom_sym_m0.txt ABSOLUTE
    hciCtrlCmdToken                          0x1fff08fc   Data           0  bb_rom_sym_m0.txt ABSOLUTE
    bleEvtMask                               0x1fff0900   Data           0  bb_rom_sym_m0.txt ABSOLUTE
    pHciEvtMask                              0x1fff0904   Data           0  bb_rom_sym_m0.txt ABSOLUTE
    hciTaskID                                0x1fff090c   Data           0  bb_rom_sym_m0.txt ABSOLUTE
    hciTestTaskID                            0x1fff090d   Data           0  bb_rom_sym_m0.txt ABSOLUTE
    hciGapTaskID                             0x1fff090e   Data           0  bb_rom_sym_m0.txt ABSOLUTE
    hciL2capTaskID                           0x1fff090f   Data           0  bb_rom_sym_m0.txt ABSOLUTE
    hciSmpTaskID                             0x1fff0910   Data           0  bb_rom_sym_m0.txt ABSOLUTE
    hciExtTaskID                             0x1fff0911   Data           0  bb_rom_sym_m0.txt ABSOLUTE
    g_maxConnNum                             0x1fff0914   Data           0  bb_rom_sym_m0.txt ABSOLUTE
    g_maxPktPerEventTx                       0x1fff0915   Data           0  bb_rom_sym_m0.txt ABSOLUTE
    g_maxPktPerEventRx                       0x1fff0916   Data           0  bb_rom_sym_m0.txt ABSOLUTE
    g_blePktVersion                          0x1fff0917   Data           0  bb_rom_sym_m0.txt ABSOLUTE
    g_llRlEnable                             0x1fff0918   Data           0  bb_rom_sym_m0.txt ABSOLUTE
    g_llScanMode                             0x1fff0919   Data           0  bb_rom_sym_m0.txt ABSOLUTE
    g_llAdvMode                              0x1fff091a   Data           0  bb_rom_sym_m0.txt ABSOLUTE
    LL_TaskID                                0x1fff091b   Data           0  bb_rom_sym_m0.txt ABSOLUTE
    llState                                  0x1fff091c   Data           0  bb_rom_sym_m0.txt ABSOLUTE
    numComplPkts                             0x1fff091d   Data           0  bb_rom_sym_m0.txt ABSOLUTE
    numComplPktsLimit                        0x1fff091e   Data           0  bb_rom_sym_m0.txt ABSOLUTE
    fastTxRespTime                           0x1fff091f   Data           0  bb_rom_sym_m0.txt ABSOLUTE
    g_llWlDeviceNum                          0x1fff0920   Data           0  bb_rom_sym_m0.txt ABSOLUTE
    g_llRlDeviceNum                          0x1fff0921   Data           0  bb_rom_sym_m0.txt ABSOLUTE
    rxFifoFlowCtrl                           0x1fff0922   Data           0  bb_rom_sym_m0.txt ABSOLUTE
    llSecondaryState                         0x1fff0923   Data           0  bb_rom_sym_m0.txt ABSOLUTE
    g_extAdvNumber                           0x1fff0924   Data           0  bb_rom_sym_m0.txt ABSOLUTE
    g_perioAdvNumber                         0x1fff0925   Data           0  bb_rom_sym_m0.txt ABSOLUTE
    g_schExtAdvNum                           0x1fff0926   Data           0  bb_rom_sym_m0.txt ABSOLUTE
    g_currentExtAdv                          0x1fff0927   Data           0  bb_rom_sym_m0.txt ABSOLUTE
    g_schExtAdvNum_periodic                  0x1fff0928   Data           0  bb_rom_sym_m0.txt ABSOLUTE
    g_currentExtAdv_periodic                 0x1fff0929   Data           0  bb_rom_sym_m0.txt ABSOLUTE
    g_llRlTimeout                            0x1fff092c   Data           0  bb_rom_sym_m0.txt ABSOLUTE
    g_advSetMaximumLen                       0x1fff0930   Data           0  bb_rom_sym_m0.txt ABSOLUTE
    conn_param                               0x1fff0934   Data           0  bb_rom_sym_m0.txt ABSOLUTE
    g_pExtendedAdvInfo                       0x1fff0938   Data           0  bb_rom_sym_m0.txt ABSOLUTE
    g_pPeriodicAdvInfo                       0x1fff093c   Data           0  bb_rom_sym_m0.txt ABSOLUTE
    g_pLLcteISample                          0x1fff0940   Data           0  bb_rom_sym_m0.txt ABSOLUTE
    g_pLLcteQSample                          0x1fff0944   Data           0  bb_rom_sym_m0.txt ABSOLUTE
    g_llHdcDirAdvTime                        0x1fff0948   Data           0  bb_rom_sym_m0.txt ABSOLUTE
    g_pAdvSchInfo                            0x1fff094c   Data           0  bb_rom_sym_m0.txt ABSOLUTE
    g_advPerSlotTick                         0x1fff0950   Data           0  bb_rom_sym_m0.txt ABSOLUTE
    g_advSlotPeriodic                        0x1fff0954   Data           0  bb_rom_sym_m0.txt ABSOLUTE
    g_pAdvSchInfo_periodic                   0x1fff0958   Data           0  bb_rom_sym_m0.txt ABSOLUTE
    g_timerExpiryTick                        0x1fff095c   Data           0  bb_rom_sym_m0.txt ABSOLUTE
    chanMapUpdate                            0x1fff0960   Data           0  bb_rom_sym_m0.txt ABSOLUTE
    ownPublicAddr                            0x1fff0965   Data           0  bb_rom_sym_m0.txt ABSOLUTE
    ownRandomAddr                            0x1fff096b   Data           0  bb_rom_sym_m0.txt ABSOLUTE
    verInfo                                  0x1fff0972   Data           0  bb_rom_sym_m0.txt ABSOLUTE
    peerInfo                                 0x1fff0978   Data           0  bb_rom_sym_m0.txt ABSOLUTE
    g_currentAdvTimer                        0x1fff0980   Data           0  bb_rom_sym_m0.txt ABSOLUTE
    g_currentTimerTask                       0x1fff0984   Data           0  bb_rom_sym_m0.txt ABSOLUTE
    g_adv_taskID                             0x1fff0988   Data           0  bb_rom_sym_m0.txt ABSOLUTE
    g_conn_taskID                            0x1fff0989   Data           0  bb_rom_sym_m0.txt ABSOLUTE
    g_smartWindowRTOCnt                      0x1fff098a   Data           0  bb_rom_sym_m0.txt ABSOLUTE
    isPeerRpaStore                           0x1fff098b   Data           0  bb_rom_sym_m0.txt ABSOLUTE
    g_same_rf_channel_flag                   0x1fff098c   Data           0  bb_rom_sym_m0.txt ABSOLUTE
    g_currentPeerAddrType                    0x1fff098d   Data           0  bb_rom_sym_m0.txt ABSOLUTE
    g_currentLocalAddrType                   0x1fff098e   Data           0  bb_rom_sym_m0.txt ABSOLUTE
    storeRpaListIndex                        0x1fff098f   Data           0  bb_rom_sym_m0.txt ABSOLUTE
    llTaskState                              0x1fff0990   Data           0  bb_rom_sym_m0.txt ABSOLUTE
    g_adv_taskEvent                          0x1fff0992   Data           0  bb_rom_sym_m0.txt ABSOLUTE
    g_conn_taskEvent                         0x1fff0994   Data           0  bb_rom_sym_m0.txt ABSOLUTE
    llWaitingIrq                             0x1fff0998   Data           0  bb_rom_sym_m0.txt ABSOLUTE
    ISR_entry_time                           0x1fff099c   Data           0  bb_rom_sym_m0.txt ABSOLUTE
    slave_conn_event_recv_delay              0x1fff09a0   Data           0  bb_rom_sym_m0.txt ABSOLUTE
    g_smartWindowLater                       0x1fff09a4   Data           0  bb_rom_sym_m0.txt ABSOLUTE
    g_smartWindowActiveCnt                   0x1fff09a8   Data           0  bb_rom_sym_m0.txt ABSOLUTE
    g_smartWindowPreAnchPoint                0x1fff09ac   Data           0  bb_rom_sym_m0.txt ABSOLUTE
    g_getPn23_cnt                            0x1fff09b0   Data           0  bb_rom_sym_m0.txt ABSOLUTE
    g_getPn23_seed                           0x1fff09b4   Data           0  bb_rom_sym_m0.txt ABSOLUTE
    llScanTime                               0x1fff09b8   Data           0  bb_rom_sym_m0.txt ABSOLUTE
    p_perStatsByChan                         0x1fff09bc   Data           0  bb_rom_sym_m0.txt ABSOLUTE
    LL_PLUS_AdvDataFilterCBack               0x1fff09c0   Data           0  bb_rom_sym_m0.txt ABSOLUTE
    LL_PLUS_ScanRequestFilterCBack           0x1fff09c4   Data           0  bb_rom_sym_m0.txt ABSOLUTE
    g_new_master_delta                       0x1fff09c8   Data           0  bb_rom_sym_m0.txt ABSOLUTE
    llScanT1                                 0x1fff09cc   Data           0  bb_rom_sym_m0.txt ABSOLUTE
    llCurrentScanChn                         0x1fff09d0   Data           0  bb_rom_sym_m0.txt ABSOLUTE
    g_currentLocalRpa                        0x1fff09d4   Data           0  bb_rom_sym_m0.txt ABSOLUTE
    g_currentPeerRpa                         0x1fff09da   Data           0  bb_rom_sym_m0.txt ABSOLUTE
    currentPeerRpa                           0x1fff09e0   Data           0  bb_rom_sym_m0.txt ABSOLUTE
    g_dle_taskID                             0x1fff09e6   Data           0  bb_rom_sym_m0.txt ABSOLUTE
    g_dle_taskEvent                          0x1fff09e8   Data           0  bb_rom_sym_m0.txt ABSOLUTE
    g_phyChg_taskID                          0x1fff09ea   Data           0  bb_rom_sym_m0.txt ABSOLUTE
    g_phyChg_taskEvent                       0x1fff09ec   Data           0  bb_rom_sym_m0.txt ABSOLUTE
    g_smartWindowSize                        0x1fff09f0   Data           0  bb_rom_sym_m0.txt ABSOLUTE
    g_smartWindowSizeNew                     0x1fff09f4   Data           0  bb_rom_sym_m0.txt ABSOLUTE
    g_smartWindowActive                      0x1fff09f8   Data           0  bb_rom_sym_m0.txt ABSOLUTE
    g_interAuxPduDuration                    0x1fff09fc   Data           0  bb_rom_sym_m0.txt ABSOLUTE
    connUpdateTimer                          0x1fff0a04   Data           0  bb_rom_sym_m0.txt ABSOLUTE
    sleep_flag                               0x1fff0a0c   Data           0  bb_rom_sym_m0.txt ABSOLUTE
    g_wakeup_rtc_tick                        0x1fff0a10   Data           0  bb_rom_sym_m0.txt ABSOLUTE
    g_counter_traking_avg                    0x1fff0a14   Data           0  bb_rom_sym_m0.txt ABSOLUTE
    g_TIM2_IRQ_TIM3_CurrCount                0x1fff0a18   Data           0  bb_rom_sym_m0.txt ABSOLUTE
    g_TIM2_IRQ_to_Sleep_DeltTick             0x1fff0a1c   Data           0  bb_rom_sym_m0.txt ABSOLUTE
    g_TIM2_IRQ_PendingTick                   0x1fff0a20   Data           0  bb_rom_sym_m0.txt ABSOLUTE
    g_osal_tick_trim                         0x1fff0a24   Data           0  bb_rom_sym_m0.txt ABSOLUTE
    g_osalTickTrim_mod                       0x1fff0a28   Data           0  bb_rom_sym_m0.txt ABSOLUTE
    rtc_mod_value                            0x1fff0a2c   Data           0  bb_rom_sym_m0.txt ABSOLUTE
    g_counter_traking_cnt                    0x1fff0a30   Data           0  bb_rom_sym_m0.txt ABSOLUTE
    sleep_tick                               0x1fff0a34   Data           0  bb_rom_sym_m0.txt ABSOLUTE
    counter_tracking                         0x1fff0a38   Data           0  bb_rom_sym_m0.txt ABSOLUTE
    forever_write                            0x1fff0a3c   Data           0  bb_rom_sym_m0.txt ABSOLUTE
    g_TIM2_wakeup_delay                      0x1fff0a40   Data           0  bb_rom_sym_m0.txt ABSOLUTE
    g_rfPhyTpCal0                            0x1fff0a44   Data           0  bb_rom_sym_m0.txt ABSOLUTE
    g_rfPhyTpCal1                            0x1fff0a45   Data           0  bb_rom_sym_m0.txt ABSOLUTE
    g_rfPhyTpCal0_2Mbps                      0x1fff0a46   Data           0  bb_rom_sym_m0.txt ABSOLUTE
    g_rfPhyTpCal1_2Mbps                      0x1fff0a47   Data           0  bb_rom_sym_m0.txt ABSOLUTE
    g_rfPhyTxPower                           0x1fff0a48   Data           0  bb_rom_sym_m0.txt ABSOLUTE
    g_rfPhyPktFmt                            0x1fff0a49   Data           0  bb_rom_sym_m0.txt ABSOLUTE
    g_system_clk                             0x1fff0a4a   Data           0  bb_rom_sym_m0.txt ABSOLUTE
    g_rfPhyClkSel                            0x1fff0a4b   Data           0  bb_rom_sym_m0.txt ABSOLUTE
    g_rxAdcClkSel                            0x1fff0a4c   Data           0  bb_rom_sym_m0.txt ABSOLUTE
    g_dtmModeType                            0x1fff0a4d   Data           0  bb_rom_sym_m0.txt ABSOLUTE
    g_dtmLength                              0x1fff0a4e   Data           0  bb_rom_sym_m0.txt ABSOLUTE
    g_dtmExtLen                              0x1fff0a4f   Data           0  bb_rom_sym_m0.txt ABSOLUTE
    g_dtmPKT                                 0x1fff0a50   Data           0  bb_rom_sym_m0.txt ABSOLUTE
    g_dtmTxPower                             0x1fff0a51   Data           0  bb_rom_sym_m0.txt ABSOLUTE
    g_dtmRssi                                0x1fff0a52   Data           0  bb_rom_sym_m0.txt ABSOLUTE
    g_dtmCarrSens                            0x1fff0a53   Data           0  bb_rom_sym_m0.txt ABSOLUTE
    g_dtmPktIntv                             0x1fff0a54   Data           0  bb_rom_sym_m0.txt ABSOLUTE
    g_dtmPktCount                            0x1fff0a56   Data           0  bb_rom_sym_m0.txt ABSOLUTE
    g_dtmRxCrcNum                            0x1fff0a58   Data           0  bb_rom_sym_m0.txt ABSOLUTE
    g_dtmRxTONum                             0x1fff0a5a   Data           0  bb_rom_sym_m0.txt ABSOLUTE
    g_dtmRsp                                 0x1fff0a5c   Data           0  bb_rom_sym_m0.txt ABSOLUTE
    g_dtmFoff                                0x1fff0a5e   Data           0  bb_rom_sym_m0.txt ABSOLUTE
    g_rfPhyRxDcIQ                            0x1fff0a60   Data           0  bb_rom_sym_m0.txt ABSOLUTE
    g_dtmTick                                0x1fff0a64   Data           0  bb_rom_sym_m0.txt ABSOLUTE
    g_rfPhyFreqOffSet                        0x1fff0a68   Data           0  bb_rom_sym_m0.txt ABSOLUTE
    g_rfPhyDtmCmd                            0x1fff0a69   Data           0  bb_rom_sym_m0.txt ABSOLUTE
    g_rfPhyDtmEvt                            0x1fff0a6b   Data           0  bb_rom_sym_m0.txt ABSOLUTE
    g_dtmCmd                                 0x1fff0a6d   Data           0  bb_rom_sym_m0.txt ABSOLUTE
    g_dtmFreq                                0x1fff0a6e   Data           0  bb_rom_sym_m0.txt ABSOLUTE
    g_dtmCtrl                                0x1fff0a6f   Data           0  bb_rom_sym_m0.txt ABSOLUTE
    g_dtmPara                                0x1fff0a70   Data           0  bb_rom_sym_m0.txt ABSOLUTE
    g_dtmEvt                                 0x1fff0a71   Data           0  bb_rom_sym_m0.txt ABSOLUTE
    g_dtmStatus                              0x1fff0a72   Data           0  bb_rom_sym_m0.txt ABSOLUTE
    g_dtmTpCalEnable                         0x1fff0a73   Data           0  bb_rom_sym_m0.txt ABSOLUTE
    g_dtmPerAutoIntv                         0x1fff0a74   Data           0  bb_rom_sym_m0.txt ABSOLUTE
    g_dtmAccessCode                          0x1fff0a78   Data           0  bb_rom_sym_m0.txt ABSOLUTE
    g_system_reset_cause                     0x1fff0a80   Data           0  bb_rom_sym_m0.txt ABSOLUTE
    cbTimers                                 0x1fff0afc   Data           0  bb_rom_sym_m0.txt ABSOLUTE
    g_llSleepContext                         0x1fff0b74   Data           0  bb_rom_sym_m0.txt ABSOLUTE
    syncInfo                                 0x1fff0b84   Data           0  bb_rom_sym_m0.txt ABSOLUTE
    scanSyncInfo                             0x1fff0b96   Data           0  bb_rom_sym_m0.txt ABSOLUTE
    adv_param                                0x1fff0ba6   Data           0  bb_rom_sym_m0.txt ABSOLUTE
    scanInfo                                 0x1fff0bbc   Data           0  bb_rom_sym_m0.txt ABSOLUTE
    initInfo                                 0x1fff0bd4   Data           0  bb_rom_sym_m0.txt ABSOLUTE
    extScanInfo                              0x1fff0be8   Data           0  bb_rom_sym_m0.txt ABSOLUTE
    extInitInfo                              0x1fff0c10   Data           0  bb_rom_sym_m0.txt ABSOLUTE
    g_llPeriodAdvSyncInfo                    0x1fff0c50   Data           0  bb_rom_sym_m0.txt ABSOLUTE
    g_ll_conn_ctx                            0x1fff0d30   Data           0  bb_rom_sym_m0.txt ABSOLUTE
    deviceFeatureSet                         0x1fff0e48   Data           0  bb_rom_sym_m0.txt ABSOLUTE
    g_llWhitelist                            0x1fff0e51   Data           0  bb_rom_sym_m0.txt ABSOLUTE
    g_llResolvinglist                        0x1fff0e89   Data           0  bb_rom_sym_m0.txt ABSOLUTE
    g_pmCounters                             0x1fff0ffc   Data           0  bb_rom_sym_m0.txt ABSOLUTE
    g_llPduLen                               0x1fff1084   Data           0  bb_rom_sym_m0.txt ABSOLUTE
    rfCounters                               0x1fff10e0   Data           0  bb_rom_sym_m0.txt ABSOLUTE
    ext_adv_hdr                              0x1fff10ec   Data           0  bb_rom_sym_m0.txt ABSOLUTE
    dataPkt                                  0x1fff1118   Data           0  bb_rom_sym_m0.txt ABSOLUTE
    cachedTRNGdata                           0x1fff1138   Data           0  bb_rom_sym_m0.txt ABSOLUTE
    whiten_seed                              0x1fff1144   Data           0  bb_rom_sym_m0.txt ABSOLUTE
    g_tx_adv_buf                             0x1fff116c   Data           0  bb_rom_sym_m0.txt ABSOLUTE
    g_tx_ext_adv_buf                         0x1fff1278   Data           0  bb_rom_sym_m0.txt ABSOLUTE
    tx_scanRsp_desc                          0x1fff1384   Data           0  bb_rom_sym_m0.txt ABSOLUTE
    g_rx_adv_buf                             0x1fff1490   Data           0  bb_rom_sym_m0.txt ABSOLUTE
    __Vectors                                0x1fff1838   Data           4  startup_armcm0.o(RESET)
    __Vectors_End                            0x1fff1840   Data           0  startup_armcm0.o(RESET)
    __main                                   0x1fff1841   Thumb Code     0  entry.o(.ARM.Collect$$$$00000000)
    _main_stk                                0x1fff1841   Thumb Code     0  entry2.o(.ARM.Collect$$$$00000001)
    _main_scatterload                        0x1fff1845   Thumb Code     0  entry5.o(.ARM.Collect$$$$00000004)
    __main_after_scatterload                 0x1fff1849   Thumb Code     0  entry5.o(.ARM.Collect$$$$00000004)
    _main_clock                              0x1fff1849   Thumb Code     0  entry7b.o(.ARM.Collect$$$$00000008)
    _main_cpp_init                           0x1fff1849   Thumb Code     0  entry8b.o(.ARM.Collect$$$$0000000A)
    _main_init                               0x1fff1849   Thumb Code     0  entry9a.o(.ARM.Collect$$$$0000000B)
    __rt_lib_shutdown_fini                   0x1fff1851   Thumb Code     0  entry12b.o(.ARM.Collect$$$$0000000E)
    __rt_final_cpp                           0x1fff1855   Thumb Code     0  entry10a.o(.ARM.Collect$$$$0000000F)
    __rt_final_exit                          0x1fff1855   Thumb Code     0  entry11a.o(.ARM.Collect$$$$00000011)
    hard_fault                               0x1fff1859   Thumb Code    40  jump_table.o(.emb_text)
    Reset_Handler                            0x1fff1889   Thumb Code     8  startup_armcm0.o(.text)
    __aeabi_dadd                             0x1fff189d   Thumb Code   330  dadd.o(.text)
    __aeabi_dsub                             0x1fff19e7   Thumb Code    12  dadd.o(.text)
    __aeabi_drsub                            0x1fff19f3   Thumb Code    12  dadd.o(.text)
    __aeabi_dmul                             0x1fff1a05   Thumb Code   202  dmul.o(.text)
    __aeabi_ddiv                             0x1fff1ad5   Thumb Code   234  ddiv.o(.text)
    __aeabi_ui2d                             0x1fff1bc5   Thumb Code    24  dfltui.o(.text)
    __aeabi_d2uiz                            0x1fff1be1   Thumb Code    50  dfixui.o(.text)
    __aeabi_llsl                             0x1fff1c1d   Thumb Code    32  llshl.o(.text)
    _ll_shift_l                              0x1fff1c1d   Thumb Code     0  llshl.o(.text)
    __aeabi_llsr                             0x1fff1c3d   Thumb Code    34  llushr.o(.text)
    _ll_ushift_r                             0x1fff1c3d   Thumb Code     0  llushr.o(.text)
    __aeabi_lasr                             0x1fff1c5f   Thumb Code    38  llsshr.o(.text)
    _ll_sshift_r                             0x1fff1c5f   Thumb Code     0  llsshr.o(.text)
    __I$use$fp                               0x1fff1c85   Thumb Code     0  iusefp.o(.text)
    _double_round                            0x1fff1c85   Thumb Code    26  depilogue.o(.text)
    _double_epilogue                         0x1fff1c9f   Thumb Code   164  depilogue.o(.text)
    __scatterload                            0x1fff1d45   Thumb Code    28  init.o(.text)
    __scatterload_rt2                        0x1fff1d45   Thumb Code     0  init.o(.text)
    __decompress                             0x1fff1d69   Thumb Code     0  __dczerorl2.o(.text)
    __decompress1                            0x1fff1d69   Thumb Code    86  __dczerorl2.o(.text)
    Long Thumb to Thumb Veneer to osal_pwrmgr_powerconserve0 0x1fff1dc1   Thumb Code    12  anon$$obj.o(Veneer$$Code)
    Long Thumb to Thumb Veneer to drv_disable_irq 0x1fff1dcd   Thumb Code    12  anon$$obj.o(Veneer$$Code)
    Long Thumb to Thumb Veneer to config_RTC 0x1fff1dd9   Thumb Code    12  anon$$obj.o(Veneer$$Code)
    Long Thumb to Thumb Veneer to enter_sleep_off_mode 0x1fff1de5   Thumb Code    12  anon$$obj.o(Veneer$$Code)
    Long Thumb to Thumb Veneer to drv_enable_irq 0x1fff1df1   Thumb Code    12  anon$$obj.o(Veneer$$Code)
    Long Thumb to Thumb Veneer to enableSleep 0x1fff1dfd   Thumb Code    12  anon$$obj.o(Veneer$$Code)
    Long Thumb to Thumb Veneer to setSleepMode 0x1fff1e09   Thumb Code    12  anon$$obj.o(Veneer$$Code)
    Long Thumb to Thumb Veneer to WaitRTCCount 0x1fff1e15   Thumb Code    12  anon$$obj.o(Veneer$$Code)
    Long Thumb to Thumb Veneer to LL_ENC_AES128_Encrypt 0x1fff1e21   Thumb Code    12  anon$$obj.o(Veneer$$Code)
    Long Thumb to Thumb Veneer to osal_memcpy 0x1fff1e2d   Thumb Code    12  anon$$obj.o(Veneer$$Code)
    Long Thumb to Thumb Veneer to read_current_fine_time 0x1fff1e39   Thumb Code    12  anon$$obj.o(Veneer$$Code)
    Long Thumb to Thumb Veneer to LL_ENC_AES128_Encrypt0 0x1fff1e45   Thumb Code    12  anon$$obj.o(Veneer$$Code)
    Long Thumb to Thumb Veneer to LL_ENC_LoadKey 0x1fff1e51   Thumb Code    12  anon$$obj.o(Veneer$$Code)
    Long Thumb to Thumb Veneer to LL_ENC_GenerateNonce 0x1fff1e5d   Thumb Code    12  anon$$obj.o(Veneer$$Code)
    Long Thumb to Thumb Veneer to __aeabi_uread4 0x1fff1e69   Thumb Code    12  anon$$obj.o(Veneer$$Code)
    Long Thumb to Thumb Veneer to ll_debug_output 0x1fff1e75   Thumb Code    12  anon$$obj.o(Veneer$$Code)
    Long Thumb to Thumb Veneer to ll_hw_get_irq_status 0x1fff1e81   Thumb Code    12  anon$$obj.o(Veneer$$Code)
    Long Thumb to Thumb Veneer to ll_hw_get_tr_mode 0x1fff1e8d   Thumb Code    12  anon$$obj.o(Veneer$$Code)
    Long Thumb to Thumb Veneer to ll_hw_clr_irq 0x1fff1e99   Thumb Code    12  anon$$obj.o(Veneer$$Code)
    Long Thumb to Thumb Veneer to ll_processExtAdvIRQ 0x1fff1ea5   Thumb Code    12  anon$$obj.o(Veneer$$Code)
    Long Thumb to Thumb Veneer to ll_processExtScanIRQ 0x1fff1eb1   Thumb Code    12  anon$$obj.o(Veneer$$Code)
    Long Thumb to Thumb Veneer to ll_processExtInitIRQ 0x1fff1ebd   Thumb Code    12  anon$$obj.o(Veneer$$Code)
    Long Thumb to Thumb Veneer to ll_processPrdAdvIRQ 0x1fff1ec9   Thumb Code    12  anon$$obj.o(Veneer$$Code)
    Long Thumb to Thumb Veneer to ll_processPrdScanIRQ 0x1fff1ed5   Thumb Code    12  anon$$obj.o(Veneer$$Code)
    Long Thumb to Thumb Veneer to ll_processBasicIRQ 0x1fff1ee1   Thumb Code    12  anon$$obj.o(Veneer$$Code)
    Long Thumb to Thumb Veneer to ll_schedule_next_event 0x1fff1eed   Thumb Code    12  anon$$obj.o(Veneer$$Code)
    Long Thumb to Thumb Veneer to llSecAdvAllow 0x1fff1ef9   Thumb Code    12  anon$$obj.o(Veneer$$Code)
    Long Thumb to Thumb Veneer to llSetupSecAdvEvt 0x1fff1f05   Thumb Code    12  anon$$obj.o(Veneer$$Code)
    Long Thumb to Thumb Veneer to ll_hw_set_rx_timeout 0x1fff1f11   Thumb Code    12  anon$$obj.o(Veneer$$Code)
    Long Thumb to Thumb Veneer to llSetupSecScan 0x1fff1f1d   Thumb Code    12  anon$$obj.o(Veneer$$Code)
    Long Thumb to Thumb Veneer to llSetupSecInit 0x1fff1f29   Thumb Code    12  anon$$obj.o(Veneer$$Code)
    Long Thumb to Thumb Veneer to LL_SetDataLengh0 0x1fff1f35   Thumb Code    12  anon$$obj.o(Veneer$$Code)
    Long Thumb to Thumb Veneer to LL_set_default_conn_params0 0x1fff1f41   Thumb Code    12  anon$$obj.o(Veneer$$Code)
    Long Thumb to Thumb Veneer to ll_hw_read_rfifo 0x1fff1f4d   Thumb Code    12  anon$$obj.o(Veneer$$Code)
    Long Thumb to Thumb Veneer to ll_hw_read_rfifo_pplus 0x1fff1f59   Thumb Code    12  anon$$obj.o(Veneer$$Code)
    Long Thumb to Thumb Veneer to osal_set_event 0x1fff1f65   Thumb Code    12  anon$$obj.o(Veneer$$Code)
    Long Thumb to Thumb Veneer to osal_start_timerEx 0x1fff1f71   Thumb Code    12  anon$$obj.o(Veneer$$Code)
    Long Thumb to Thumb Veneer to __aeabi_uidivmod 0x1fff1f7d   Thumb Code    12  anon$$obj.o(Veneer$$Code)
    Long Thumb to Thumb Veneer to efuse_read 0x1fff1f89   Thumb Code    12  anon$$obj.o(Veneer$$Code)
    Long Thumb to Thumb Veneer to log_printf 0x1fff1f95   Thumb Code    12  anon$$obj.o(Veneer$$Code)
    Long Thumb to Thumb Veneer to spif_cmd   0x1fff1fa1   Thumb Code    12  anon$$obj.o(Veneer$$Code)
    Long Thumb to Thumb Veneer to spif_rddata 0x1fff1fad   Thumb Code    12  anon$$obj.o(Veneer$$Code)
    Long Thumb to Thumb Veneer to __ARM_common_switch8 0x1fff1fb9   Thumb Code    12  anon$$obj.o(Veneer$$Code)
    Long Thumb to Thumb Veneer to osal_init_system 0x1fff1fc5   Thumb Code    12  anon$$obj.o(Veneer$$Code)
    Long Thumb to Thumb Veneer to osal_pwrmgr_device 0x1fff1fd1   Thumb Code    12  anon$$obj.o(Veneer$$Code)
    Long Thumb to Thumb Veneer to osal_start_system 0x1fff1fdd   Thumb Code    12  anon$$obj.o(Veneer$$Code)
    Long Thumb to Thumb Veneer to rtc_get_counter 0x1fff1fe9   Thumb Code    12  anon$$obj.o(Veneer$$Code)
    Long Thumb to Thumb Veneer to set_sleep_flag 0x1fff1ff5   Thumb Code    12  anon$$obj.o(Veneer$$Code)
    Long Thumb to Thumb Veneer to __aeabi_memclr4 0x1fff2001   Thumb Code    12  anon$$obj.o(Veneer$$Code)
    Long Thumb to Thumb Veneer to read_LL_remainder_time 0x1fff200d   Thumb Code    12  anon$$obj.o(Veneer$$Code)
    Long Thumb to Thumb Veneer to enterSleepProcess0 0x1fff2019   Thumb Code    12  anon$$obj.o(Veneer$$Code)
    Long Thumb to Thumb Veneer to osal_memcmp 0x1fff2025   Thumb Code    12  anon$$obj.o(Veneer$$Code)
    Long Thumb to Thumb Veneer to __aeabi_idivmod 0x1fff2031   Thumb Code    12  anon$$obj.o(Veneer$$Code)
    Long Thumb to Thumb Veneer to __aeabi_memcpy4 0x1fff203d   Thumb Code    12  anon$$obj.o(Veneer$$Code)
    Long Thumb to Thumb Veneer to disableSleep 0x1fff2049   Thumb Code    12  anon$$obj.o(Veneer$$Code)
    Long Thumb to Thumb Veneer to osal_mem_set_heap 0x1fff2055   Thumb Code    12  anon$$obj.o(Veneer$$Code)
    Long Thumb to Thumb Veneer to spif_config 0x1fff2061   Thumb Code    12  anon$$obj.o(Veneer$$Code)
    Long Thumb to Thumb Veneer to llConnTerminate0 0x1fff206d   Thumb Code    12  anon$$obj.o(Veneer$$Code)
    Long Thumb to Thumb Veneer to llProcessChanMap 0x1fff2079   Thumb Code    12  anon$$obj.o(Veneer$$Code)
    Long Thumb to Thumb Veneer to llProcessTxData0 0x1fff2085   Thumb Code    12  anon$$obj.o(Veneer$$Code)
    Long Thumb to Thumb Veneer to ll_hw_get_loop_cycle 0x1fff2091   Thumb Code    12  anon$$obj.o(Veneer$$Code)
    Long Thumb to Thumb Veneer to ll_hw_get_anchor 0x1fff209d   Thumb Code    12  anon$$obj.o(Veneer$$Code)
    Long Thumb to Thumb Veneer to ll_hw_write_tfifo 0x1fff20a9   Thumb Code    12  anon$$obj.o(Veneer$$Code)
    Long Thumb to Thumb Veneer to ll_hw_get_tfifo_wrptr 0x1fff20b5   Thumb Code    12  anon$$obj.o(Veneer$$Code)
    Long Thumb to Thumb Veneer to getTxBufferSize 0x1fff20c1   Thumb Code    12  anon$$obj.o(Veneer$$Code)
    Long Thumb to Thumb Veneer to get_tx_read_ptr 0x1fff20cd   Thumb Code    12  anon$$obj.o(Veneer$$Code)
    Long Thumb to Thumb Veneer to update_tx_read_ptr 0x1fff20d9   Thumb Code    12  anon$$obj.o(Veneer$$Code)
    Long Thumb to Thumb Veneer to llEnqueueCtrlPkt 0x1fff20e5   Thumb Code    12  anon$$obj.o(Veneer$$Code)
    Long Thumb to Thumb Veneer to set_max_length 0x1fff20f1   Thumb Code    12  anon$$obj.o(Veneer$$Code)
    Long Thumb to Thumb Veneer to drv_irq_init 0x1fff20fd   Thumb Code    12  anon$$obj.o(Veneer$$Code)
    Long Thumb to Thumb Veneer to clk_init   0x1fff2109   Thumb Code    12  anon$$obj.o(Veneer$$Code)
    Long Thumb to Thumb Veneer to osal_mem_alloc 0x1fff2115   Thumb Code    12  anon$$obj.o(Veneer$$Code)
    Long Thumb to Thumb Veneer to osal_memset 0x1fff2121   Thumb Code    12  anon$$obj.o(Veneer$$Code)
    Long Thumb to Thumb Veneer to ll_hw_set_crc_fmt 0x1fff212d   Thumb Code    12  anon$$obj.o(Veneer$$Code)
    Long Thumb to Thumb Veneer to ll_hw_ign_rfifo 0x1fff2139   Thumb Code    12  anon$$obj.o(Veneer$$Code)
    Long Thumb to Thumb Veneer to ll_hw_set_pplus_pktfmt 0x1fff2145   Thumb Code    12  anon$$obj.o(Veneer$$Code)
    Long Thumb to Thumb Veneer to ll_hw_set_stx 0x1fff2151   Thumb Code    12  anon$$obj.o(Veneer$$Code)
    Long Thumb to Thumb Veneer to ll_hw_set_trx_settle 0x1fff215d   Thumb Code    12  anon$$obj.o(Veneer$$Code)
    Long Thumb to Thumb Veneer to ll_hw_set_trx 0x1fff2169   Thumb Code    12  anon$$obj.o(Veneer$$Code)
    Long Thumb to Thumb Veneer to ll_hw_set_tx_rx_release 0x1fff2175   Thumb Code    12  anon$$obj.o(Veneer$$Code)
    Long Thumb to Thumb Veneer to ll_hw_set_rx_tx_interval 0x1fff2181   Thumb Code    12  anon$$obj.o(Veneer$$Code)
    Long Thumb to Thumb Veneer to ll_hw_set_tx_rx_interval 0x1fff218d   Thumb Code    12  anon$$obj.o(Veneer$$Code)
    Long Thumb to Thumb Veneer to ll_hw_rst_tfifo 0x1fff2199   Thumb Code    12  anon$$obj.o(Veneer$$Code)
    Long Thumb to Thumb Veneer to ll_hw_rst_rfifo 0x1fff21a5   Thumb Code    12  anon$$obj.o(Veneer$$Code)
    Long Thumb to Thumb Veneer to ll_hw_tx2rx_timing_config 0x1fff21b1   Thumb Code    12  anon$$obj.o(Veneer$$Code)
    Long Thumb to Thumb Veneer to __aeabi_memcpy 0x1fff21bd   Thumb Code    12  anon$$obj.o(Veneer$$Code)
    Long Thumb to Thumb Veneer to clk_get_pclk 0x1fff21c9   Thumb Code    12  anon$$obj.o(Veneer$$Code)
    Long Thumb to Thumb Veneer to osalTimeUpdate 0x1fff21d5   Thumb Code    12  anon$$obj.o(Veneer$$Code)
    Long Thumb to Thumb Veneer to set_timer  0x1fff21e1   Thumb Code    12  anon$$obj.o(Veneer$$Code)
    Long Thumb to Thumb Veneer to app_wakeup_process 0x1fff21ed   Thumb Code    12  anon$$obj.o(Veneer$$Code)
    Long Thumb to Thumb Veneer to ll_hw_set_empty_head 0x1fff21f9   Thumb Code    12  anon$$obj.o(Veneer$$Code)
    Long Thumb to Thumb Veneer to ll_hw_set_rx_timeout_1st 0x1fff2205   Thumb Code    12  anon$$obj.o(Veneer$$Code)
    Long Thumb to Thumb Veneer to ll_hw_set_loop_timeout 0x1fff2211   Thumb Code    12  anon$$obj.o(Veneer$$Code)
    Long Thumb to Thumb Veneer to ll_hw_set_timing 0x1fff221d   Thumb Code    12  anon$$obj.o(Veneer$$Code)
    hal_UART1_IRQHandler                     0x1fff2307   Thumb Code    52  uart.o(_section_sram_code_)
    hal_UART0_IRQHandler                     0x1fff233b   Thumb Code    52  uart.o(_section_sram_code_)
    osal_idle_task                           0x1fff2381   Thumb Code    14  pwrmgr.o(_section_sram_code_)
    hal_pwrmgr_enter_sleep_rtc_reset         0x1fff238f   Thumb Code    42  pwrmgr.o(_section_sram_code_)
    init_config                              0x1fff23f9   Thumb Code   588  patch.o(_section_xip_code_)
    TRNG_INIT                                0x1fff268d   Thumb Code    34  patch.o(_section_xip_code_)
    TRNG_Rand                                0x1fff26af   Thumb Code   152  patch.o(_section_xip_code_)
    IIC_Ack                                  0x1fff27f1   Thumb Code    52  iic_1.o(i.IIC_Ack)
    IIC_NAck                                 0x1fff2825   Thumb Code    52  iic_1.o(i.IIC_NAck)
    IIC_Read_Byte                            0x1fff2859   Thumb Code    68  iic_1.o(i.IIC_Read_Byte)
    IIC_Send_Byte                            0x1fff289d   Thumb Code    82  iic_1.o(i.IIC_Send_Byte)
    IIC_Start                                0x1fff28ef   Thumb Code    52  iic_1.o(i.IIC_Start)
    IIC_Stop                                 0x1fff2923   Thumb Code    44  iic_1.o(i.IIC_Stop)
    IIC_Wait_Ack                             0x1fff2951   Thumb Code    76  iic_1.o(i.IIC_Wait_Ack)
    InsertSort                               0x1fff29a5   Thumb Code    54  adc_demo.o(i.InsertSort)
    LL_ENC_AES128_Encrypt1                   0x1fff29db   Thumb Code    26  patch.o(i.LL_ENC_AES128_Encrypt1)
    LL_ENC_Decrypt1                          0x1fff29f5   Thumb Code   364  patch.o(i.LL_ENC_Decrypt1)
    LL_ENC_Encrypt1                          0x1fff2b6d   Thumb Code   342  patch.o(i.LL_ENC_Encrypt1)
    LL_IRQHandler1                           0x1fff2ccd   Thumb Code   350  patch.o(i.LL_IRQHandler1)
    LL_SetDataLengh1                         0x1fff2e4d   Thumb Code    40  patch.o(i.LL_SetDataLengh1)
    LL_set_default_conn_params1              0x1fff2e7d   Thumb Code    14  patch.o(i.LL_set_default_conn_params1)
    PLUSPHY_IRQHandler                       0x1fff2ea5   Thumb Code   250  phy_rf.o(i.PLUSPHY_IRQHandler)
    PhyRf_Init                               0x1fff2fb1   Thumb Code   250  phy_rf.o(i.PhyRf_Init)
    PhyRf_ProcessEvent                       0x1fff30cd   Thumb Code   132  phy_rf.o(i.PhyRf_ProcessEvent)
    SDA_IN                                   0x1fff315d   Thumb Code    20  iic_1.o(i.SDA_IN)
    SDA_OUT                                  0x1fff3171   Thumb Code    12  iic_1.o(i.SDA_OUT)
    SystemInit                               0x1fff317d   Thumb Code     8  system_armcm0.o(i.SystemInit)
    WaitMs                                   0x1fff318d   Thumb Code    18  clock.o(i.WaitMs)
    WaitUs                                   0x1fff31a1   Thumb Code    36  clock.o(i.WaitUs)
    __ARM_clz                                0x1fff31cd   Thumb Code    46  depilogue.o(i.__ARM_clz)
    __scatterload_copy                       0x1fff32e1   Thumb Code    14  handlers.o(i.__scatterload_copy)
    __scatterload_null                       0x1fff32ef   Thumb Code     2  handlers.o(i.__scatterload_null)
    __scatterload_zeroinit                   0x1fff32f1   Thumb Code    14  handlers.o(i.__scatterload_zeroinit)
    __wdt_init                               0x1fff3301   Thumb Code    12  patch.o(i.__wdt_init)
    _efuse_chip_version_check                0x1fff3311   Thumb Code    26  phy_sec_ext.o(i._efuse_chip_version_check)
    _hard_fault                              0x1fff3331   Thumb Code   166  jump_table.o(i._hard_fault)
    _rom_sec_boot_init                       0x1fff3519   Thumb Code    22  phy_sec_ext.o(i._rom_sec_boot_init)
    adcMeasureCh                             0x1fff35ad   Thumb Code   130  adc_demo.o(i.adcMeasureCh)
    adc_init_r                               0x1fff363d   Thumb Code   444  adc.o(i.adc_init_r)
    adc_stop_r                               0x1fff37fd   Thumb Code     8  adc.o(i.adc_stop_r)
    app_main                                 0x1fff3821   Thumb Code    20  phy_rf.o(i.app_main)
    change_adv_buffer                        0x1fff3835   Thumb Code    52  my.o(i.change_adv_buffer)
    config_RTC1                              0x1fff3ae5   Thumb Code   110  patch.o(i.config_RTC1)
    dbg_printf                               0x1fff3b75   Thumb Code    22  my_printf.o(i.dbg_printf)
    dbg_printf_init                          0x1fff3b91   Thumb Code    16  my_printf.o(i.dbg_printf_init)
    delay_ms                                 0x1fff3ba5   Thumb Code     8  iic_1.o(i.delay_ms)
    delay_us                                 0x1fff3bad   Thumb Code    10  iic_1.o(i.delay_us)
    efuse_init                               0x1fff3bb9   Thumb Code    14  phy_sec_ext.o(i.efuse_init)
    enterSleepProcess1                       0x1fff3bd1   Thumb Code    34  patch.o(i.enterSleepProcess1)
    finidv                                   0x1fff3bfd   Thumb Code   126  phy_sec_ext.o(i.finidv)
    get_adc                                  0x1fff3c89   Thumb Code   134  adc_demo.o(i.get_adc)
    hal_ADC_IRQHandler                       0x1fff3d41   Thumb Code   182  adc.o(i.hal_ADC_IRQHandler)
    hal_GPIO_IRQHandler                      0x1fff3e09   Thumb Code    20  gpio.o(i.hal_GPIO_IRQHandler)
    hal_TIMER5_IRQHandler                    0x1fff3e21   Thumb Code    28  timer.o(i.hal_TIMER5_IRQHandler)
    hal_TIMER6_IRQHandler                    0x1fff3e45   Thumb Code    28  timer.o(i.hal_TIMER6_IRQHandler)
    hal_adc_init                             0x1fff3e69   Thumb Code    24  adc.o(i.hal_adc_init)
    hal_adc_stop                             0x1fff3e89   Thumb Code   152  adc.o(i.hal_adc_stop)
    hal_clk_gate_disable                     0x1fff3f85   Thumb Code    52  clock.o(i.hal_clk_gate_disable)
    hal_clk_gate_enable                      0x1fff3fb9   Thumb Code    52  clock.o(i.hal_clk_gate_enable)
    hal_clk_reset                            0x1fff3fed   Thumb Code   122  clock.o(i.hal_clk_reset)
    hal_flash_read                           0x1fff4069   Thumb Code   164  flash.o(i.hal_flash_read)
    hal_get_flash_info                       0x1fff4119   Thumb Code   188  flash.o(i.hal_get_flash_info)
    hal_gpio_cfg_analog_io                   0x1fff41e5   Thumb Code    44  gpio.o(i.hal_gpio_cfg_analog_io)
    hal_gpio_fmux                            0x1fff4215   Thumb Code    22  gpio.o(i.hal_gpio_fmux)
    hal_gpio_fmux_set                        0x1fff4231   Thumb Code    50  gpio.o(i.hal_gpio_fmux_set)
    hal_gpio_init                            0x1fff4269   Thumb Code    70  gpio.o(i.hal_gpio_init)
    hal_gpio_pin2pin3_control                0x1fff4305   Thumb Code    24  gpio.o(i.hal_gpio_pin2pin3_control)
    hal_gpio_pin_init                        0x1fff4321   Thumb Code    88  gpio.o(i.hal_gpio_pin_init)
    hal_gpio_pull_set                        0x1fff4381   Thumb Code    60  gpio.o(i.hal_gpio_pull_set)
    hal_gpio_read                            0x1fff43c5   Thumb Code    30  gpio.o(i.hal_gpio_read)
    hal_gpio_wakeup_set                      0x1fff4559   Thumb Code   104  gpio.o(i.hal_gpio_wakeup_set)
    hal_gpio_write                           0x1fff45d1   Thumb Code    30  gpio.o(i.hal_gpio_write)
    hal_gpioin_enable                        0x1fff45f5   Thumb Code    94  gpio.o(i.hal_gpioin_enable)
    hal_gpioretention_register               0x1fff46e5   Thumb Code    30  gpio.o(i.hal_gpioretention_register)
    hal_pwrmgr_LowCurrentLdo_enable          0x1fff4775   Thumb Code     4  pwrmgr.o(i.hal_pwrmgr_LowCurrentLdo_enable)
    hal_pwrmgr_RAM_retention                 0x1fff4779   Thumb Code    20  pwrmgr.o(i.hal_pwrmgr_RAM_retention)
    hal_pwrmgr_RAM_retention_clr             0x1fff4791   Thumb Code    16  pwrmgr.o(i.hal_pwrmgr_RAM_retention_clr)
    hal_pwrmgr_RAM_retention_set             0x1fff47a5   Thumb Code    24  pwrmgr.o(i.hal_pwrmgr_RAM_retention_set)
    hal_pwrmgr_init                          0x1fff47c5   Thumb Code    54  pwrmgr.o(i.hal_pwrmgr_init)
    hal_pwrmgr_lock                          0x1fff4811   Thumb Code    80  pwrmgr.o(i.hal_pwrmgr_lock)
    hal_pwrmgr_register                      0x1fff4869   Thumb Code    56  pwrmgr.o(i.hal_pwrmgr_register)
    hal_pwrmgr_sleep_process                 0x1fff48a5   Thumb Code    42  pwrmgr.o(i.hal_pwrmgr_sleep_process)
    hal_pwrmgr_unlock                        0x1fff48d5   Thumb Code    94  pwrmgr.o(i.hal_pwrmgr_unlock)
    hal_pwrmgr_wakeup_process                0x1fff493d   Thumb Code   102  pwrmgr.o(i.hal_pwrmgr_wakeup_process)
    hal_rom_boot_init                        0x1fff4a21   Thumb Code     8  patch.o(i.hal_rom_boot_init)
    hal_rtc_clock_config                     0x1fff4a29   Thumb Code   118  clock.o(i.hal_rtc_clock_config)
    hal_spif_cache_init                      0x1fff4aad   Thumb Code    26  flash.o(i.hal_spif_cache_init)
    hal_uart_init                            0x1fff4ad1   Thumb Code    88  uart.o(i.hal_uart_init)
    hal_uart_send_buff                       0x1fff4b35   Thumb Code    26  uart.o(i.hal_uart_send_buff)
    l2capPocessFragmentTxData                0x1fff4bd1   Thumb Code     2  patch.o(i.l2capPocessFragmentTxData)
    llConnTerminate1                         0x1fff4bd5   Thumb Code    64  patch.o(i.llConnTerminate1)
    llProcessTxData1                         0x1fff4c19   Thumb Code    12  patch.o(i.llProcessTxData1)
    ll_adptive_adj_next_time1                0x1fff4c25   Thumb Code   154  patch.o(i.ll_adptive_adj_next_time1)
    ll_generateTxBuffer1                     0x1fff4ce1   Thumb Code   410  patch.o(i.ll_generateTxBuffer1)
    ll_hw_go1                                0x1fff4e8d   Thumb Code   314  patch.o(i.ll_hw_go1)
    ll_processBasicIRQ_SRX                   0x1fff5029   Thumb Code    20  patch.o(i.ll_processBasicIRQ_SRX)
    ll_processBasicIRQ_ScanTRX               0x1fff5041   Thumb Code    20  patch.o(i.ll_processBasicIRQ_ScanTRX)
    ll_processBasicIRQ_secondaryAdvTRX       0x1fff5059   Thumb Code    20  patch.o(i.ll_processBasicIRQ_secondaryAdvTRX)
    ll_processBasicIRQ_secondaryInitSRX      0x1fff5071   Thumb Code    20  patch.o(i.ll_processBasicIRQ_secondaryInitSRX)
    ll_processBasicIRQ_secondaryScanSRX      0x1fff5089   Thumb Code    20  patch.o(i.ll_processBasicIRQ_secondaryScanSRX)
    main                                     0x1fff5309   Thumb Code    74  main.o(i.main)
    my_inti                                  0x1fff5361   Thumb Code    38  my.o(i.my_inti)
    osalInitTasks                            0x1fff54f1   Thumb Code    30  osal_phyrf.o(i.osalInitTasks)
    phy_hw_go                                0x1fff5515   Thumb Code   106  phy_rf.o(i.phy_hw_go)
    phy_hw_pktFmt_Config                     0x1fff55a5   Thumb Code    78  phy_rf.o(i.phy_hw_pktFmt_Config)
    phy_hw_set_stx                           0x1fff55f9   Thumb Code    18  phy_rf.o(i.phy_hw_set_stx)
    phy_hw_set_trx                           0x1fff560b   Thumb Code    22  phy_rf.o(i.phy_hw_set_trx)
    phy_hw_stop                              0x1fff5621   Thumb Code    36  phy_rf.o(i.phy_hw_stop)
    phy_hw_timing_setting                    0x1fff5649   Thumb Code    34  phy_rf.o(i.phy_hw_timing_setting)
    phy_rf_tx                                0x1fff566d   Thumb Code    90  phy_rf.o(i.phy_rf_tx)
    phy_set_channel                          0x1fff56f9   Thumb Code    54  phy_rf.o(i.phy_set_channel)
    phy_tx_buf_updata                        0x1fff5741   Thumb Code    42  phy_rf.o(i.phy_tx_buf_updata)
    qma7981_init                             0x1fff5771   Thumb Code   102  qma7981.o(i.qma7981_init)
    qma_read_reg                             0x1fff57d7   Thumb Code    64  qma7981.o(i.qma_read_reg)
    qma_read_regs                            0x1fff5817   Thumb Code    88  qma7981.o(i.qma_read_regs)
    qma_write_reg                            0x1fff586f   Thumb Code    46  qma7981.o(i.qma_write_reg)
    rc32k_calibration                        0x1fff589d   Thumb Code   112  rf_phy_driver.o(i.rc32k_calibration)
    rc32k_cap_cal                            0x1fff5911   Thumb Code    74  patch.o(i.rc32k_cap_cal)
    rf_calibrate1                            0x1fff5969   Thumb Code    32  rf_phy_driver.o(i.rf_calibrate1)
    rf_phy_ana_cfg                           0x1fff5999   Thumb Code   228  rf_phy_driver.o(i.rf_phy_ana_cfg)
    rf_phy_bb_cfg                            0x1fff5ab1   Thumb Code   304  rf_phy_driver.o(i.rf_phy_bb_cfg)
    rf_phy_change_cfg0                       0x1fff5c55   Thumb Code   138  rf_phy_driver.o(i.rf_phy_change_cfg0)
    rf_phy_get_pktFoot                       0x1fff5cfd   Thumb Code    42  rf_phy_driver.o(i.rf_phy_get_pktFoot)
    rf_phy_get_pktFoot_fromPkt               0x1fff5d2d   Thumb Code    38  rf_phy_driver.o(i.rf_phy_get_pktFoot_fromPkt)
    rf_phy_ini                               0x1fff5d55   Thumb Code    42  rf_phy_driver.o(i.rf_phy_ini)
    rf_phy_set_txPower                       0x1fff5d91   Thumb Code   108  rf_phy_driver.o(i.rf_phy_set_txPower)
    rf_rxDcoc_cfg                            0x1fff5e05   Thumb Code   236  rf_phy_driver.o(i.rf_rxDcoc_cfg)
    rf_tpCal_gen_cap_arrary                  0x1fff5f25   Thumb Code    60  rf_phy_driver.o(i.rf_tpCal_gen_cap_arrary)
    rf_tp_cal                                0x1fff5f71   Thumb Code   236  rf_phy_driver.o(i.rf_tp_cal)
    time_cb                                  0x1fff60ad   Thumb Code    62  my.o(i.time_cb)
    wakeupProcess1                           0x1fff6411   Thumb Code   392  patch.o(i.wakeupProcess1)
    wakeup_init1                             0x1fff65ed   Thumb Code   270  patch.o(i.wakeup_init1)
    tasksArr                                 0x1fff674c   Data           4  osal_phyrf.o(.constdata)
    tasksCnt                                 0x1fff6750   Data           1  osal_phyrf.o(.constdata)
    adc_base_addr                            0x1fff6754   Data          24  adc_demo.o(.constdata)
    c_gpio_index                             0x1fff6778   Data          23  gpio.o(.constdata)
    c_gpio_pull                              0x1fff678f   Data          69  gpio.o(.constdata)
    retention_reg                            0x1fff67d4   Data          46  gpio.o(.constdata)
    Region$$Table$$Base                      0x1fff6878   Number         0  anon$$obj.o(Region$$Table)
    Region$$Table$$Limit                     0x1fff68a8   Number         0  anon$$obj.o(Region$$Table)
    g_clk32K_config                          0x1fff68a8   Data           1  main.o(.data)
    phyCarrSens                              0x1fff68ac   Data           1  phy_rf.o(.data)
    phyRssi                                  0x1fff68ad   Data           1  phy_rf.o(.data)
    PhyRf_TaskID                             0x1fff68ae   Data           1  phy_rf.o(.data)
    phyFoff                                  0x1fff68b0   Data           2  phy_rf.o(.data)
    advHead                                  0x1fff68b2   Data           2  phy_rf.o(.data)
    PHY_ISR_entry_time                       0x1fff68b4   Data           4  phy_rf.o(.data)
    s_pubAddr                                0x1fff68b8   Data           6  phy_rf.o(.data)
    tasksEvents                              0x1fff68c0   Data           4  osal_phyrf.o(.data)
    s_pinmap                                 0x1fff68ca   Data           9  adc.o(.data)
    ble_data                                 0x1fff68d4   Data           1  my.o(.data)
    adc_data                                 0x1fff68d6   Data           2  my.o(.data)
    adc_data_yuan                            0x1fff68d8   Data           2  my.o(.data)
    _data                                    0x1fff68da   Data           3  my.o(.data)
    walk                                     0x1fff68e0   Data           4  my.o(.data)
    s_config_swClk1                          0x1fff68f0   Data           4  pwrmgr.o(.data)
    s_gpio_wakeup_src_group1                 0x1fff68f8   Data           4  pwrmgr.o(.data)
    s_gpio_wakeup_src_group2                 0x1fff68fc   Data           4  pwrmgr.o(.data)
    g_chipMAddr                              0x1fff6908   Data           7  flash.o(.data)
    phy_flash                                0x1fff6918   Data          12  flash.o(.data)
    trap_c_callback                          0x1fff6924   Data           4  jump_table.o(.data)
    SystemCoreClock                          0x1fff6928   Data           4  system_armcm0.o(.data)
    CreateConn_Flag                          0x1fff692c   Data           1  patch.o(.data)
    g_lastSlaveLatency                       0x1fff692e   Data           2  patch.o(.data)
    pGlobal_config                           0x1fff6930   Data           4  patch.o(.data)
    g_t_llhwgo                               0x1fff6934   Data           4  patch.o(.data)
    g_xtal16M_tmp                            0x1fff6938   Data           4  patch.o(.data)
    g_xtal96M_temp                           0x1fff693c   Data           4  patch.o(.data)
    DLL_enable_num                           0x1fff6940   Data           4  patch.o(.data)
    tracking_cnt                             0x1fff6944   Data           4  patch.o(.data)
    sleep_total                              0x1fff6948   Data           4  patch.o(.data)
    s_company_id                             0x1fff694c   Data           4  phy_sec_ext.o(.data)
    g_ota_sec_key_valid                      0x1fff6950   Data           1  phy_sec_ext.o(.data)
    pwroff_register_number                   0x1fff6952   Data           1  pwrmgr.o(_section_standby_code_)
    s_pwroff_cfg                             0x1fff6954   Data          12  pwrmgr.o(_section_standby_code_)
    g_largeHeap                              0x1fff6960   Data        1024  main.o(.bss)
    phyBufRx                                 0x1fff6d60   Data         256  phy_rf.o(.bss)
    phyBufTx                                 0x1fff6e60   Data         256  phy_rf.o(.bss)
    adv_buffer                               0x1fff6f60   Data          32  phy_rf.o(.bss)
    adc_buf                                  0x1fff6fcc   Data         128  adc_demo.o(.bss)
    g_ota_sec_key                            0x1fff7250   Data          16  phy_sec_ext.o(.bss)
    __initial_sp                             0x1fff7660   Data           0  startup_armcm0.o(STACK)



==============================================================================

Memory Map of the image

  Image Entry point : 0x1fff1841

  Load Region LR_IROM1 (Base: 0x1fff1838, Size: 0x00005128, Max: 0x00006000, ABSOLUTE)

    Execution Region ER_IROM1 (Exec base: 0x1fff1838, Load base: 0x1fff1838, Size: 0x00005e28, Max: 0x00006000, ABSOLUTE)

    Exec Addr    Load Addr    Size         Type   Attr      Idx    E Section Name        Object

    0x1fff1838   0x1fff1838   0x00000008   Data   RO         1789    RESET               startup_armcm0.o
    0x1fff1840   0x1fff1840   0x00000000   Code   RO         2114  * .ARM.Collect$$$$00000000  mc_p.l(entry.o)
    0x1fff1840   0x1fff1840   0x00000004   Code   RO         2147    .ARM.Collect$$$$00000001  mc_p.l(entry2.o)
    0x1fff1844   0x1fff1844   0x00000004   Code   RO         2150    .ARM.Collect$$$$00000004  mc_p.l(entry5.o)
    0x1fff1848   0x1fff1848   0x00000000   Code   RO         2152    .ARM.Collect$$$$00000008  mc_p.l(entry7b.o)
    0x1fff1848   0x1fff1848   0x00000000   Code   RO         2154    .ARM.Collect$$$$0000000A  mc_p.l(entry8b.o)
    0x1fff1848   0x1fff1848   0x00000008   Code   RO         2155    .ARM.Collect$$$$0000000B  mc_p.l(entry9a.o)
    0x1fff1850   0x1fff1850   0x00000004   Code   RO         2162    .ARM.Collect$$$$0000000E  mc_p.l(entry12b.o)
    0x1fff1854   0x1fff1854   0x00000000   Code   RO         2157    .ARM.Collect$$$$0000000F  mc_p.l(entry10a.o)
    0x1fff1854   0x1fff1854   0x00000000   Code   RO         2159    .ARM.Collect$$$$00000011  mc_p.l(entry11a.o)
    0x1fff1854   0x1fff1854   0x00000004   Code   RO         2148    .ARM.Collect$$$$00002712  mc_p.l(entry2.o)
    0x1fff1858   0x1fff1858   0x00000030   Code   RO         1756    .emb_text           jump_table.o
    0x1fff1888   0x1fff1888   0x00000014   Code   RO         1790    .text               startup_armcm0.o
    0x1fff189c   0x1fff189c   0x00000168   Code   RO         2125    .text               mf_p.l(dadd.o)
    0x1fff1a04   0x1fff1a04   0x000000d0   Code   RO         2127    .text               mf_p.l(dmul.o)
    0x1fff1ad4   0x1fff1ad4   0x000000f0   Code   RO         2129    .text               mf_p.l(ddiv.o)
    0x1fff1bc4   0x1fff1bc4   0x0000001c   Code   RO         2139    .text               mf_p.l(dfltui.o)
    0x1fff1be0   0x1fff1be0   0x0000003c   Code   RO         2141    .text               mf_p.l(dfixui.o)
    0x1fff1c1c   0x1fff1c1c   0x00000020   Code   RO         2163    .text               mc_p.l(llshl.o)
    0x1fff1c3c   0x1fff1c3c   0x00000022   Code   RO         2165    .text               mc_p.l(llushr.o)
    0x1fff1c5e   0x1fff1c5e   0x00000026   Code   RO         2167    .text               mc_p.l(llsshr.o)
    0x1fff1c84   0x1fff1c84   0x00000000   Code   RO         2169    .text               mc_p.l(iusefp.o)
    0x1fff1c84   0x1fff1c84   0x000000be   Code   RO         2172    .text               mf_p.l(depilogue.o)
    0x1fff1d42   0x1fff1d42   0x00000002   PAD
    0x1fff1d44   0x1fff1d44   0x00000024   Code   RO         2176    .text               mc_p.l(init.o)
    0x1fff1d68   0x1fff1d68   0x00000056   Code   RO         2186    .text               mc_p.l(__dczerorl2.o)
    0x1fff1dbe   0x1fff1dbe   0x00000002   PAD
    0x1fff1dc0   0x1fff1dc0   0x0000000c   Ven    RO         2188    Veneer$$Code        anon$$obj.o
    0x1fff1dcc   0x1fff1dcc   0x0000000c   Ven    RO         2189    Veneer$$Code        anon$$obj.o
    0x1fff1dd8   0x1fff1dd8   0x0000000c   Ven    RO         2190    Veneer$$Code        anon$$obj.o
    0x1fff1de4   0x1fff1de4   0x0000000c   Ven    RO         2191    Veneer$$Code        anon$$obj.o
    0x1fff1df0   0x1fff1df0   0x0000000c   Ven    RO         2192    Veneer$$Code        anon$$obj.o
    0x1fff1dfc   0x1fff1dfc   0x0000000c   Ven    RO         2193    Veneer$$Code        anon$$obj.o
    0x1fff1e08   0x1fff1e08   0x0000000c   Ven    RO         2194    Veneer$$Code        anon$$obj.o
    0x1fff1e14   0x1fff1e14   0x0000000c   Ven    RO         2195    Veneer$$Code        anon$$obj.o
    0x1fff1e20   0x1fff1e20   0x0000000c   Ven    RO         2196    Veneer$$Code        anon$$obj.o
    0x1fff1e2c   0x1fff1e2c   0x0000000c   Ven    RO         2197    Veneer$$Code        anon$$obj.o
    0x1fff1e38   0x1fff1e38   0x0000000c   Ven    RO         2198    Veneer$$Code        anon$$obj.o
    0x1fff1e44   0x1fff1e44   0x0000000c   Ven    RO         2199    Veneer$$Code        anon$$obj.o
    0x1fff1e50   0x1fff1e50   0x0000000c   Ven    RO         2200    Veneer$$Code        anon$$obj.o
    0x1fff1e5c   0x1fff1e5c   0x0000000c   Ven    RO         2201    Veneer$$Code        anon$$obj.o
    0x1fff1e68   0x1fff1e68   0x0000000c   Ven    RO         2202    Veneer$$Code        anon$$obj.o
    0x1fff1e74   0x1fff1e74   0x0000000c   Ven    RO         2203    Veneer$$Code        anon$$obj.o
    0x1fff1e80   0x1fff1e80   0x0000000c   Ven    RO         2204    Veneer$$Code        anon$$obj.o
    0x1fff1e8c   0x1fff1e8c   0x0000000c   Ven    RO         2205    Veneer$$Code        anon$$obj.o
    0x1fff1e98   0x1fff1e98   0x0000000c   Ven    RO         2206    Veneer$$Code        anon$$obj.o
    0x1fff1ea4   0x1fff1ea4   0x0000000c   Ven    RO         2207    Veneer$$Code        anon$$obj.o
    0x1fff1eb0   0x1fff1eb0   0x0000000c   Ven    RO         2208    Veneer$$Code        anon$$obj.o
    0x1fff1ebc   0x1fff1ebc   0x0000000c   Ven    RO         2209    Veneer$$Code        anon$$obj.o
    0x1fff1ec8   0x1fff1ec8   0x0000000c   Ven    RO         2210    Veneer$$Code        anon$$obj.o
    0x1fff1ed4   0x1fff1ed4   0x0000000c   Ven    RO         2211    Veneer$$Code        anon$$obj.o
    0x1fff1ee0   0x1fff1ee0   0x0000000c   Ven    RO         2212    Veneer$$Code        anon$$obj.o
    0x1fff1eec   0x1fff1eec   0x0000000c   Ven    RO         2213    Veneer$$Code        anon$$obj.o
    0x1fff1ef8   0x1fff1ef8   0x0000000c   Ven    RO         2214    Veneer$$Code        anon$$obj.o
    0x1fff1f04   0x1fff1f04   0x0000000c   Ven    RO         2215    Veneer$$Code        anon$$obj.o
    0x1fff1f10   0x1fff1f10   0x0000000c   Ven    RO         2216    Veneer$$Code        anon$$obj.o
    0x1fff1f1c   0x1fff1f1c   0x0000000c   Ven    RO         2217    Veneer$$Code        anon$$obj.o
    0x1fff1f28   0x1fff1f28   0x0000000c   Ven    RO         2218    Veneer$$Code        anon$$obj.o
    0x1fff1f34   0x1fff1f34   0x0000000c   Ven    RO         2219    Veneer$$Code        anon$$obj.o
    0x1fff1f40   0x1fff1f40   0x0000000c   Ven    RO         2220    Veneer$$Code        anon$$obj.o
    0x1fff1f4c   0x1fff1f4c   0x0000000c   Ven    RO         2221    Veneer$$Code        anon$$obj.o
    0x1fff1f58   0x1fff1f58   0x0000000c   Ven    RO         2222    Veneer$$Code        anon$$obj.o
    0x1fff1f64   0x1fff1f64   0x0000000c   Ven    RO         2223    Veneer$$Code        anon$$obj.o
    0x1fff1f70   0x1fff1f70   0x0000000c   Ven    RO         2224    Veneer$$Code        anon$$obj.o
    0x1fff1f7c   0x1fff1f7c   0x0000000c   Ven    RO         2225    Veneer$$Code        anon$$obj.o
    0x1fff1f88   0x1fff1f88   0x0000000c   Ven    RO         2226    Veneer$$Code        anon$$obj.o
    0x1fff1f94   0x1fff1f94   0x0000000c   Ven    RO         2227    Veneer$$Code        anon$$obj.o
    0x1fff1fa0   0x1fff1fa0   0x0000000c   Ven    RO         2228    Veneer$$Code        anon$$obj.o
    0x1fff1fac   0x1fff1fac   0x0000000c   Ven    RO         2229    Veneer$$Code        anon$$obj.o
    0x1fff1fb8   0x1fff1fb8   0x0000000c   Ven    RO         2230    Veneer$$Code        anon$$obj.o
    0x1fff1fc4   0x1fff1fc4   0x0000000c   Ven    RO         2231    Veneer$$Code        anon$$obj.o
    0x1fff1fd0   0x1fff1fd0   0x0000000c   Ven    RO         2232    Veneer$$Code        anon$$obj.o
    0x1fff1fdc   0x1fff1fdc   0x0000000c   Ven    RO         2233    Veneer$$Code        anon$$obj.o
    0x1fff1fe8   0x1fff1fe8   0x0000000c   Ven    RO         2234    Veneer$$Code        anon$$obj.o
    0x1fff1ff4   0x1fff1ff4   0x0000000c   Ven    RO         2235    Veneer$$Code        anon$$obj.o
    0x1fff2000   0x1fff2000   0x0000000c   Ven    RO         2236    Veneer$$Code        anon$$obj.o
    0x1fff200c   0x1fff200c   0x0000000c   Ven    RO         2237    Veneer$$Code        anon$$obj.o
    0x1fff2018   0x1fff2018   0x0000000c   Ven    RO         2238    Veneer$$Code        anon$$obj.o
    0x1fff2024   0x1fff2024   0x0000000c   Ven    RO         2239    Veneer$$Code        anon$$obj.o
    0x1fff2030   0x1fff2030   0x0000000c   Ven    RO         2240    Veneer$$Code        anon$$obj.o
    0x1fff203c   0x1fff203c   0x0000000c   Ven    RO         2241    Veneer$$Code        anon$$obj.o
    0x1fff2048   0x1fff2048   0x0000000c   Ven    RO         2242    Veneer$$Code        anon$$obj.o
    0x1fff2054   0x1fff2054   0x0000000c   Ven    RO         2243    Veneer$$Code        anon$$obj.o
    0x1fff2060   0x1fff2060   0x0000000c   Ven    RO         2244    Veneer$$Code        anon$$obj.o
    0x1fff206c   0x1fff206c   0x0000000c   Ven    RO         2245    Veneer$$Code        anon$$obj.o
    0x1fff2078   0x1fff2078   0x0000000c   Ven    RO         2246    Veneer$$Code        anon$$obj.o
    0x1fff2084   0x1fff2084   0x0000000c   Ven    RO         2247    Veneer$$Code        anon$$obj.o
    0x1fff2090   0x1fff2090   0x0000000c   Ven    RO         2248    Veneer$$Code        anon$$obj.o
    0x1fff209c   0x1fff209c   0x0000000c   Ven    RO         2249    Veneer$$Code        anon$$obj.o
    0x1fff20a8   0x1fff20a8   0x0000000c   Ven    RO         2250    Veneer$$Code        anon$$obj.o
    0x1fff20b4   0x1fff20b4   0x0000000c   Ven    RO         2251    Veneer$$Code        anon$$obj.o
    0x1fff20c0   0x1fff20c0   0x0000000c   Ven    RO         2252    Veneer$$Code        anon$$obj.o
    0x1fff20cc   0x1fff20cc   0x0000000c   Ven    RO         2253    Veneer$$Code        anon$$obj.o
    0x1fff20d8   0x1fff20d8   0x0000000c   Ven    RO         2254    Veneer$$Code        anon$$obj.o
    0x1fff20e4   0x1fff20e4   0x0000000c   Ven    RO         2255    Veneer$$Code        anon$$obj.o
    0x1fff20f0   0x1fff20f0   0x0000000c   Ven    RO         2256    Veneer$$Code        anon$$obj.o
    0x1fff20fc   0x1fff20fc   0x0000000c   Ven    RO         2257    Veneer$$Code        anon$$obj.o
    0x1fff2108   0x1fff2108   0x0000000c   Ven    RO         2258    Veneer$$Code        anon$$obj.o
    0x1fff2114   0x1fff2114   0x0000000c   Ven    RO         2259    Veneer$$Code        anon$$obj.o
    0x1fff2120   0x1fff2120   0x0000000c   Ven    RO         2260    Veneer$$Code        anon$$obj.o
    0x1fff212c   0x1fff212c   0x0000000c   Ven    RO         2261    Veneer$$Code        anon$$obj.o
    0x1fff2138   0x1fff2138   0x0000000c   Ven    RO         2262    Veneer$$Code        anon$$obj.o
    0x1fff2144   0x1fff2144   0x0000000c   Ven    RO         2263    Veneer$$Code        anon$$obj.o
    0x1fff2150   0x1fff2150   0x0000000c   Ven    RO         2264    Veneer$$Code        anon$$obj.o
    0x1fff215c   0x1fff215c   0x0000000c   Ven    RO         2265    Veneer$$Code        anon$$obj.o
    0x1fff2168   0x1fff2168   0x0000000c   Ven    RO         2266    Veneer$$Code        anon$$obj.o
    0x1fff2174   0x1fff2174   0x0000000c   Ven    RO         2267    Veneer$$Code        anon$$obj.o
    0x1fff2180   0x1fff2180   0x0000000c   Ven    RO         2268    Veneer$$Code        anon$$obj.o
    0x1fff218c   0x1fff218c   0x0000000c   Ven    RO         2269    Veneer$$Code        anon$$obj.o
    0x1fff2198   0x1fff2198   0x0000000c   Ven    RO         2270    Veneer$$Code        anon$$obj.o
    0x1fff21a4   0x1fff21a4   0x0000000c   Ven    RO         2271    Veneer$$Code        anon$$obj.o
    0x1fff21b0   0x1fff21b0   0x0000000c   Ven    RO         2272    Veneer$$Code        anon$$obj.o
    0x1fff21bc   0x1fff21bc   0x0000000c   Ven    RO         2273    Veneer$$Code        anon$$obj.o
    0x1fff21c8   0x1fff21c8   0x0000000c   Ven    RO         2274    Veneer$$Code        anon$$obj.o
    0x1fff21d4   0x1fff21d4   0x0000000c   Ven    RO         2275    Veneer$$Code        anon$$obj.o
    0x1fff21e0   0x1fff21e0   0x0000000c   Ven    RO         2276    Veneer$$Code        anon$$obj.o
    0x1fff21ec   0x1fff21ec   0x0000000c   Ven    RO         2277    Veneer$$Code        anon$$obj.o
    0x1fff21f8   0x1fff21f8   0x0000000c   Ven    RO         2278    Veneer$$Code        anon$$obj.o
    0x1fff2204   0x1fff2204   0x0000000c   Ven    RO         2279    Veneer$$Code        anon$$obj.o
    0x1fff2210   0x1fff2210   0x0000000c   Ven    RO         2280    Veneer$$Code        anon$$obj.o
    0x1fff221c   0x1fff221c   0x0000000c   Ven    RO         2281    Veneer$$Code        anon$$obj.o
    0x1fff2228   0x1fff2228   0x00000158   Code   RO          653    _section_sram_code_  uart.o
    0x1fff2380   0x1fff2380   0x00000040   Code   RO         1119    _section_sram_code_  pwrmgr.o
    0x1fff23c0   0x1fff23c0   0x00000038   Code   RO         1303    _section_sram_code_  flash.o
    0x1fff23f8   0x1fff23f8   0x000003f8   Code   RO         1834    _section_xip_code_  rf.lib(patch.o)
    0x1fff27f0   0x1fff27f0   0x00000034   Code   RO         1616    i.IIC_Ack           iic_1.o
    0x1fff2824   0x1fff2824   0x00000034   Code   RO         1617    i.IIC_NAck          iic_1.o
    0x1fff2858   0x1fff2858   0x00000044   Code   RO         1618    i.IIC_Read_Byte     iic_1.o
    0x1fff289c   0x1fff289c   0x00000052   Code   RO         1619    i.IIC_Send_Byte     iic_1.o
    0x1fff28ee   0x1fff28ee   0x00000034   Code   RO         1620    i.IIC_Start         iic_1.o
    0x1fff2922   0x1fff2922   0x0000002c   Code   RO         1621    i.IIC_Stop          iic_1.o
    0x1fff294e   0x1fff294e   0x00000002   PAD
    0x1fff2950   0x1fff2950   0x00000054   Code   RO         1622    i.IIC_Wait_Ack      iic_1.o
    0x1fff29a4   0x1fff29a4   0x00000036   Code   RO          554    i.InsertSort        adc_demo.o
    0x1fff29da   0x1fff29da   0x0000001a   Code   RO         1841    i.LL_ENC_AES128_Encrypt1  rf.lib(patch.o)
    0x1fff29f4   0x1fff29f4   0x00000178   Code   RO         1842    i.LL_ENC_Decrypt1   rf.lib(patch.o)
    0x1fff2b6c   0x1fff2b6c   0x00000160   Code   RO         1843    i.LL_ENC_Encrypt1   rf.lib(patch.o)
    0x1fff2ccc   0x1fff2ccc   0x00000180   Code   RO         1846    i.LL_IRQHandler1    rf.lib(patch.o)
    0x1fff2e4c   0x1fff2e4c   0x00000030   Code   RO         1853    i.LL_SetDataLengh1  rf.lib(patch.o)
    0x1fff2e7c   0x1fff2e7c   0x00000014   Code   RO         1857    i.LL_set_default_conn_params1  rf.lib(patch.o)
    0x1fff2e90   0x1fff2e90   0x00000014   Code   RO         1859    i.NVIC_EnableIRQ    rf.lib(patch.o)
    0x1fff2ea4   0x1fff2ea4   0x0000010c   Code   RO          201    i.PLUSPHY_IRQHandler  phy_rf.o
    0x1fff2fb0   0x1fff2fb0   0x0000011c   Code   RO          202    i.PhyRf_Init        phy_rf.o
    0x1fff30cc   0x1fff30cc   0x00000090   Code   RO          203    i.PhyRf_ProcessEvent  phy_rf.o
    0x1fff315c   0x1fff315c   0x00000014   Code   RO         1623    i.SDA_IN            iic_1.o
    0x1fff3170   0x1fff3170   0x0000000c   Code   RO         1624    i.SDA_OUT           iic_1.o
    0x1fff317c   0x1fff317c   0x00000010   Code   RO         1797    i.SystemInit        system_armcm0.o
    0x1fff318c   0x1fff318c   0x00000012   Code   RO          743    i.WaitMs            clock.o
    0x1fff319e   0x1fff319e   0x00000002   PAD
    0x1fff31a0   0x1fff31a0   0x0000002c   Code   RO          744    i.WaitUs            clock.o
    0x1fff31cc   0x1fff31cc   0x0000002e   Code   RO         2174    i.__ARM_clz         mf_p.l(depilogue.o)
    0x1fff31fa   0x1fff31fa   0x00000002   PAD
    0x1fff31fc   0x1fff31fc   0x00000018   Code   RO          829    i.__NVIC_EnableIRQ  gpio.o
    0x1fff3214   0x1fff3214   0x00000044   Code   RO            3    i.__NVIC_SetPriority  main.o
    0x1fff3258   0x1fff3258   0x00000044   Code   RO          830    i.__NVIC_SetPriority  gpio.o
    0x1fff329c   0x1fff329c   0x00000044   Code   RO         1121    i.__NVIC_SetPriority  pwrmgr.o
    0x1fff32e0   0x1fff32e0   0x0000000e   Code   RO         2180    i.__scatterload_copy  mc_p.l(handlers.o)
    0x1fff32ee   0x1fff32ee   0x00000002   Code   RO         2181    i.__scatterload_null  mc_p.l(handlers.o)
    0x1fff32f0   0x1fff32f0   0x0000000e   Code   RO         2182    i.__scatterload_zeroinit  mc_p.l(handlers.o)
    0x1fff32fe   0x1fff32fe   0x00000002   PAD
    0x1fff3300   0x1fff3300   0x00000010   Code   RO         1860    i.__wdt_init        rf.lib(patch.o)
    0x1fff3310   0x1fff3310   0x00000020   Code   RO         2057    i._efuse_chip_version_check  rf.lib(phy_sec_ext.o)
    0x1fff3330   0x1fff3330   0x000001e8   Code   RO         1757    i._hard_fault       jump_table.o
    0x1fff3518   0x1fff3518   0x0000001c   Code   RO         2058    i._rom_sec_boot_init  rf.lib(phy_sec_ext.o)
    0x1fff3534   0x1fff3534   0x00000068   Code   RO         1305    i._spif_wait_nobusy_x  flash.o
    0x1fff359c   0x1fff359c   0x0000000e   Code   RO         1244    i._uart_putc        my_printf.o
    0x1fff35aa   0x1fff35aa   0x00000002   PAD
    0x1fff35ac   0x1fff35ac   0x00000090   Code   RO          555    i.adcMeasureCh      adc_demo.o
    0x1fff363c   0x1fff363c   0x000001c0   Code   RO          419    i.adc_init_r        adc.o
    0x1fff37fc   0x1fff37fc   0x0000000c   Code   RO          420    i.adc_stop_r        adc.o
    0x1fff3808   0x1fff3808   0x00000018   Code   RO          421    i.adc_wakeup_hdl    adc.o
    0x1fff3820   0x1fff3820   0x00000014   Code   RO          204    i.app_main          phy_rf.o
    0x1fff3834   0x1fff3834   0x0000003c   Code   RO          606    i.change_adv_buffer  my.o
    0x1fff3870   0x1fff3870   0x00000154   Code   RO         1861    i.check_16MXtal_by_rcTracking  rf.lib(patch.o)
    0x1fff39c4   0x1fff39c4   0x00000110   Code   RO         1862    i.check_96MXtal_by_rcTracking  rf.lib(patch.o)
    0x1fff3ad4   0x1fff3ad4   0x00000010   Code   RO          422    i.clear_adcc_cfg    adc.o
    0x1fff3ae4   0x1fff3ae4   0x00000090   Code   RO         1864    i.config_RTC1       rf.lib(patch.o)
    0x1fff3b74   0x1fff3b74   0x0000001c   Code   RO         1245    i.dbg_printf        my_printf.o
    0x1fff3b90   0x1fff3b90   0x00000014   Code   RO         1246    i.dbg_printf_init   my_printf.o
    0x1fff3ba4   0x1fff3ba4   0x00000008   Code   RO         1625    i.delay_ms          iic_1.o
    0x1fff3bac   0x1fff3bac   0x0000000a   Code   RO         1626    i.delay_us          iic_1.o
    0x1fff3bb6   0x1fff3bb6   0x00000002   PAD
    0x1fff3bb8   0x1fff3bb8   0x00000018   Code   RO         2059    i.efuse_init        rf.lib(phy_sec_ext.o)
    0x1fff3bd0   0x1fff3bd0   0x0000002c   Code   RO         1866    i.enterSleepProcess1  rf.lib(patch.o)
    0x1fff3bfc   0x1fff3bfc   0x0000008c   Code   RO         2060    i.finidv            rf.lib(phy_sec_ext.o)
    0x1fff3c88   0x1fff3c88   0x000000b8   Code   RO          557    i.get_adc           adc_demo.o
    0x1fff3d40   0x1fff3d40   0x000000c8   Code   RO          423    i.hal_ADC_IRQHandler  adc.o
    0x1fff3e08   0x1fff3e08   0x00000018   Code   RO          831    i.hal_GPIO_IRQHandler  gpio.o
    0x1fff3e20   0x1fff3e20   0x00000024   Code   RO         1023    i.hal_TIMER5_IRQHandler  timer.o
    0x1fff3e44   0x1fff3e44   0x00000024   Code   RO         1024    i.hal_TIMER6_IRQHandler  timer.o
    0x1fff3e68   0x1fff3e68   0x00000020   Code   RO          426    i.hal_adc_init      adc.o
    0x1fff3e88   0x1fff3e88   0x000000b4   Code   RO          428    i.hal_adc_stop      adc.o
    0x1fff3f3c   0x1fff3f3c   0x00000048   Code   RO         1308    i.hal_cache_tag_flush  flash.o
    0x1fff3f84   0x1fff3f84   0x00000034   Code   RO          745    i.hal_clk_gate_disable  clock.o
    0x1fff3fb8   0x1fff3fb8   0x00000034   Code   RO          746    i.hal_clk_gate_enable  clock.o
    0x1fff3fec   0x1fff3fec   0x0000007a   Code   RO          749    i.hal_clk_reset     clock.o
    0x1fff4066   0x1fff4066   0x00000002   PAD
    0x1fff4068   0x1fff4068   0x000000b0   Code   RO         1312    i.hal_flash_read    flash.o
    0x1fff4118   0x1fff4118   0x000000cc   Code   RO         1315    i.hal_get_flash_info  flash.o
    0x1fff41e4   0x1fff41e4   0x00000030   Code   RO          832    i.hal_gpio_cfg_analog_io  gpio.o
    0x1fff4214   0x1fff4214   0x0000001c   Code   RO          836    i.hal_gpio_fmux     gpio.o
    0x1fff4230   0x1fff4230   0x00000038   Code   RO          837    i.hal_gpio_fmux_set  gpio.o
    0x1fff4268   0x1fff4268   0x0000005c   Code   RO          838    i.hal_gpio_init     gpio.o
    0x1fff42c4   0x1fff42c4   0x00000040   Code   RO          839    i.hal_gpio_interrupt_enable  gpio.o
    0x1fff4304   0x1fff4304   0x0000001c   Code   RO          840    i.hal_gpio_pin2pin3_control  gpio.o
    0x1fff4320   0x1fff4320   0x00000060   Code   RO          841    i.hal_gpio_pin_init  gpio.o
    0x1fff4380   0x1fff4380   0x00000044   Code   RO          842    i.hal_gpio_pull_set  gpio.o
    0x1fff43c4   0x1fff43c4   0x00000024   Code   RO          843    i.hal_gpio_read     gpio.o
    0x1fff43e8   0x1fff43e8   0x0000005c   Code   RO          844    i.hal_gpio_retention_enable  gpio.o
    0x1fff4444   0x1fff4444   0x00000048   Code   RO          845    i.hal_gpio_sleep_handler  gpio.o
    0x1fff448c   0x1fff448c   0x00000044   Code   RO          846    i.hal_gpio_wakeup_control  gpio.o
    0x1fff44d0   0x1fff44d0   0x00000088   Code   RO          847    i.hal_gpio_wakeup_handler  gpio.o
    0x1fff4558   0x1fff4558   0x00000078   Code   RO          848    i.hal_gpio_wakeup_set  gpio.o
    0x1fff45d0   0x1fff45d0   0x00000024   Code   RO          849    i.hal_gpio_write    gpio.o
    0x1fff45f4   0x1fff45f4   0x00000064   Code   RO          851    i.hal_gpioin_enable  gpio.o
    0x1fff4658   0x1fff4658   0x00000068   Code   RO          852    i.hal_gpioin_event  gpio.o
    0x1fff46c0   0x1fff46c0   0x00000024   Code   RO          853    i.hal_gpioin_event_pin  gpio.o
    0x1fff46e4   0x1fff46e4   0x00000024   Code   RO          857    i.hal_gpioretention_register  gpio.o
    0x1fff4708   0x1fff4708   0x0000006c   Code   RO            4    i.hal_low_power_io_init  main.o
    0x1fff4774   0x1fff4774   0x00000004   Code   RO         1123    i.hal_pwrmgr_LowCurrentLdo_enable  pwrmgr.o
    0x1fff4778   0x1fff4778   0x00000018   Code   RO         1124    i.hal_pwrmgr_RAM_retention  pwrmgr.o
    0x1fff4790   0x1fff4790   0x00000014   Code   RO         1125    i.hal_pwrmgr_RAM_retention_clr  pwrmgr.o
    0x1fff47a4   0x1fff47a4   0x00000020   Code   RO         1126    i.hal_pwrmgr_RAM_retention_set  pwrmgr.o
    0x1fff47c4   0x1fff47c4   0x0000004c   Code   RO         1128    i.hal_pwrmgr_init   pwrmgr.o
    0x1fff4810   0x1fff4810   0x00000058   Code   RO         1130    i.hal_pwrmgr_lock   pwrmgr.o
    0x1fff4868   0x1fff4868   0x0000003c   Code   RO         1132    i.hal_pwrmgr_register  pwrmgr.o
    0x1fff48a4   0x1fff48a4   0x00000030   Code   RO         1133    i.hal_pwrmgr_sleep_process  pwrmgr.o
    0x1fff48d4   0x1fff48d4   0x00000068   Code   RO         1134    i.hal_pwrmgr_unlock  pwrmgr.o
    0x1fff493c   0x1fff493c   0x00000074   Code   RO         1136    i.hal_pwrmgr_wakeup_process  pwrmgr.o
    0x1fff49b0   0x1fff49b0   0x00000070   Code   RO            5    i.hal_rfphy_init    main.o
    0x1fff4a20   0x1fff4a20   0x00000008   Code   RO         1868    i.hal_rom_boot_init  rf.lib(patch.o)
    0x1fff4a28   0x1fff4a28   0x00000084   Code   RO          751    i.hal_rtc_clock_config  clock.o
    0x1fff4aac   0x1fff4aac   0x00000024   Code   RO         1316    i.hal_spif_cache_init  flash.o
    0x1fff4ad0   0x1fff4ad0   0x00000064   Code   RO          656    i.hal_uart_init     uart.o
    0x1fff4b34   0x1fff4b34   0x00000020   Code   RO          657    i.hal_uart_send_buff  uart.o
    0x1fff4b54   0x1fff4b54   0x0000007c   Code   RO         1317    i.hw_spif_cache_config  flash.o
    0x1fff4bd0   0x1fff4bd0   0x00000002   Code   RO         1869    i.l2capPocessFragmentTxData  rf.lib(patch.o)
    0x1fff4bd2   0x1fff4bd2   0x00000002   PAD
    0x1fff4bd4   0x1fff4bd4   0x00000044   Code   RO         1872    i.llConnTerminate1  rf.lib(patch.o)
    0x1fff4c18   0x1fff4c18   0x0000000c   Code   RO         1876    i.llProcessTxData1  rf.lib(patch.o)
    0x1fff4c24   0x1fff4c24   0x000000bc   Code   RO         1882    i.ll_adptive_adj_next_time1  rf.lib(patch.o)
    0x1fff4ce0   0x1fff4ce0   0x000001ac   Code   RO         1883    i.ll_generateTxBuffer1  rf.lib(patch.o)
    0x1fff4e8c   0x1fff4e8c   0x0000019c   Code   RO         1884    i.ll_hw_go1         rf.lib(patch.o)
    0x1fff5028   0x1fff5028   0x00000018   Code   RO         1889    i.ll_processBasicIRQ_SRX  rf.lib(patch.o)
    0x1fff5040   0x1fff5040   0x00000018   Code   RO         1891    i.ll_processBasicIRQ_ScanTRX  rf.lib(patch.o)
    0x1fff5058   0x1fff5058   0x00000018   Code   RO         1893    i.ll_processBasicIRQ_secondaryAdvTRX  rf.lib(patch.o)
    0x1fff5070   0x1fff5070   0x00000018   Code   RO         1895    i.ll_processBasicIRQ_secondaryInitSRX  rf.lib(patch.o)
    0x1fff5088   0x1fff5088   0x00000018   Code   RO         1897    i.ll_processBasicIRQ_secondaryScanSRX  rf.lib(patch.o)
    0x1fff50a0   0x1fff50a0   0x00000268   Code   RO         1247    i.log_vsprintf      my_printf.o
    0x1fff5308   0x1fff5308   0x00000058   Code   RO            6    i.main              main.o
    0x1fff5360   0x1fff5360   0x00000026   Code   RO          607    i.my_inti           my.o
    0x1fff5386   0x1fff5386   0x00000002   PAD
    0x1fff5388   0x1fff5388   0x00000168   Code   RO         1249    i.number            my_printf.o
    0x1fff54f0   0x1fff54f0   0x00000024   Code   RO          347    i.osalInitTasks     osal_phyrf.o
    0x1fff5514   0x1fff5514   0x00000090   Code   RO          205    i.phy_hw_go         phy_rf.o
    0x1fff55a4   0x1fff55a4   0x00000054   Code   RO          206    i.phy_hw_pktFmt_Config  phy_rf.o
    0x1fff55f8   0x1fff55f8   0x00000012   Code   RO          208    i.phy_hw_set_stx    phy_rf.o
    0x1fff560a   0x1fff560a   0x00000016   Code   RO          209    i.phy_hw_set_trx    phy_rf.o
    0x1fff5620   0x1fff5620   0x00000028   Code   RO          210    i.phy_hw_stop       phy_rf.o
    0x1fff5648   0x1fff5648   0x00000022   Code   RO          211    i.phy_hw_timing_setting  phy_rf.o
    0x1fff566a   0x1fff566a   0x00000002   PAD
    0x1fff566c   0x1fff566c   0x00000068   Code   RO          213    i.phy_rf_tx         phy_rf.o
    0x1fff56d4   0x1fff56d4   0x00000024   Code   RO          214    i.phy_rx_data_check  phy_rf.o
    0x1fff56f8   0x1fff56f8   0x00000048   Code   RO          216    i.phy_set_channel   phy_rf.o
    0x1fff5740   0x1fff5740   0x00000030   Code   RO          217    i.phy_tx_buf_updata  phy_rf.o
    0x1fff5770   0x1fff5770   0x00000066   Code   RO         1701    i.qma7981_init      qma7981.o
    0x1fff57d6   0x1fff57d6   0x00000040   Code   RO         1703    i.qma_read_reg      qma7981.o
    0x1fff5816   0x1fff5816   0x00000058   Code   RO         1704    i.qma_read_regs     qma7981.o
    0x1fff586e   0x1fff586e   0x0000002e   Code   RO         1705    i.qma_write_reg     qma7981.o
    0x1fff589c   0x1fff589c   0x00000074   Code   RO         1994    i.rc32k_calibration  rf.lib(rf_phy_driver.o)
    0x1fff5910   0x1fff5910   0x00000058   Code   RO         1903    i.rc32k_cap_cal     rf.lib(patch.o)
    0x1fff5968   0x1fff5968   0x00000030   Code   RO         1995    i.rf_calibrate1     rf.lib(rf_phy_driver.o)
    0x1fff5998   0x1fff5998   0x00000118   Code   RO         1996    i.rf_phy_ana_cfg    rf.lib(rf_phy_driver.o)
    0x1fff5ab0   0x1fff5ab0   0x000001a4   Code   RO         1997    i.rf_phy_bb_cfg     rf.lib(rf_phy_driver.o)
    0x1fff5c54   0x1fff5c54   0x000000a8   Code   RO         1998    i.rf_phy_change_cfg0  rf.lib(rf_phy_driver.o)
    0x1fff5cfc   0x1fff5cfc   0x00000030   Code   RO         2012    i.rf_phy_get_pktFoot  rf.lib(rf_phy_driver.o)
    0x1fff5d2c   0x1fff5d2c   0x00000026   Code   RO         2013    i.rf_phy_get_pktFoot_fromPkt  rf.lib(rf_phy_driver.o)
    0x1fff5d52   0x1fff5d52   0x00000002   PAD
    0x1fff5d54   0x1fff5d54   0x0000003c   Code   RO         2014    i.rf_phy_ini        rf.lib(rf_phy_driver.o)
    0x1fff5d90   0x1fff5d90   0x00000074   Code   RO         2015    i.rf_phy_set_txPower  rf.lib(rf_phy_driver.o)
    0x1fff5e04   0x1fff5e04   0x00000120   Code   RO         2016    i.rf_rxDcoc_cfg     rf.lib(rf_phy_driver.o)
    0x1fff5f24   0x1fff5f24   0x0000004c   Code   RO         2019    i.rf_tpCal_gen_cap_arrary  rf.lib(rf_phy_driver.o)
    0x1fff5f70   0x1fff5f70   0x0000011c   Code   RO         2020    i.rf_tp_cal         rf.lib(rf_phy_driver.o)
    0x1fff608c   0x1fff608c   0x00000020   Code   RO         1250    i.skip_atoi         my_printf.o
    0x1fff60ac   0x1fff60ac   0x00000050   Code   RO          608    i.time_cb           my.o
    0x1fff60fc   0x1fff60fc   0x0000006c   Code   RO          660    i.txmit_buf_polling  uart.o
    0x1fff6168   0x1fff6168   0x000000bc   Code   RO          661    i.txmit_buf_use_tx_buf  uart.o
    0x1fff6224   0x1fff6224   0x00000080   Code   RO          662    i.uart_hw_deinit    uart.o
    0x1fff62a4   0x1fff62a4   0x00000158   Code   RO          663    i.uart_hw_init      uart.o
    0x1fff63fc   0x1fff63fc   0x0000000a   Code   RO          664    i.uart_wakeup_process_0  uart.o
    0x1fff6406   0x1fff6406   0x0000000a   Code   RO          665    i.uart_wakeup_process_1  uart.o
    0x1fff6410   0x1fff6410   0x000001dc   Code   RO         1906    i.wakeupProcess1    rf.lib(patch.o)
    0x1fff65ec   0x1fff65ec   0x00000140   Code   RO         1907    i.wakeup_init1      rf.lib(patch.o)
    0x1fff672c   0x1fff672c   0x0000001e   Data   RO            8    .constdata          main.o
    0x1fff674a   0x1fff674a   0x00000002   PAD
    0x1fff674c   0x1fff674c   0x00000004   Data   RO          348    .constdata          osal_phyrf.o
    0x1fff6750   0x1fff6750   0x00000001   Data   RO          349    .constdata          osal_phyrf.o
    0x1fff6751   0x1fff6751   0x00000003   PAD
    0x1fff6754   0x1fff6754   0x00000018   Data   RO          562    .constdata          adc_demo.o
    0x1fff676c   0x1fff676c   0x0000000c   Data   RO          667    .constdata          uart.o
    0x1fff6778   0x1fff6778   0x0000008a   Data   RO          860    .constdata          gpio.o
    0x1fff6802   0x1fff6802   0x00000002   PAD
    0x1fff6804   0x1fff6804   0x00000010   Data   RO         1251    .constdata          my_printf.o
    0x1fff6814   0x1fff6814   0x0000004d   Data   RO         1252    .conststring        my_printf.o
    0x1fff6861   0x1fff6861   0x00000003   PAD
    0x1fff6864   0x1fff6864   0x00000011   Data   RO         2064    .conststring        rf.lib(phy_sec_ext.o)
    0x1fff6875   0x1fff6875   0x00000003   PAD
    0x1fff6878   0x1fff6878   0x00000030   Data   RO         2178    Region$$Table       anon$$obj.o
    0x1fff68a8   0x1fff68a8   0x00000001   Data   RW            9    .data               main.o
    0x1fff68a9   0x1fff68a9   0x00000003   PAD
    0x1fff68ac   0x1fff68ac   0x00000012   Data   RW          219    .data               phy_rf.o
    0x1fff68be   0x1fff68be   0x00000002   PAD
    0x1fff68c0   0x1fff68c0   0x00000004   Data   RW          350    .data               osal_phyrf.o
    0x1fff68c4   0x1fff68c4   0x0000000f   Data   RW          433    .data               adc.o
    0x1fff68d3   0x1fff68d3   0x00000001   PAD
    0x1fff68d4   0x1fff68d4   0x00000010   Data   RW          611    .data               my.o
    0x1fff68e4   0x1fff68e4   0x00000004   Data   RW         1035    .data               timer.o
    0x1fff68e8   0x1fff68e8   0x00000018   Data   RW         1138    .data               pwrmgr.o
    0x1fff6900   0x1fff6900   0x00000008   Data   RW         1253    .data               my_printf.o
    0x1fff6908   0x1fff6908   0x0000001c   Data   RW         1319    .data               flash.o
    0x1fff6924   0x1fff6924   0x00000004   Data   RW         1758    .data               jump_table.o
    0x1fff6928   0x1fff6928   0x00000004   Data   RW         1798    .data               system_armcm0.o
    0x1fff692c   0x1fff692c   0x00000020   Data   RW         1911    .data               rf.lib(patch.o)
    0x1fff694c   0x1fff694c   0x00000004   Data   RW         2065    .data               rf.lib(phy_sec_ext.o)
    0x1fff6950   0x1fff6950   0x00000001   Data   RW         2066    .data               rf.lib(phy_sec_ext.o)
    0x1fff6951   0x1fff6951   0x00000001   PAD
    0x1fff6952   0x1fff6952   0x0000000e   Data   RW         1139    _section_standby_code_  pwrmgr.o
    0x1fff6960        -       0x00000400   Zero   RW            7    .bss                main.o
    0x1fff6d60        -       0x00000244   Zero   RW          218    .bss                phy_rf.o
    0x1fff6fa4        -       0x00000028   Zero   RW          431    .bss                adc.o
    0x1fff6fcc        -       0x00000080   Zero   RW          560    .bss                adc_demo.o
    0x1fff704c        -       0x00000040   Zero   RW          666    .bss                uart.o
    0x1fff708c        -       0x0000012c   Zero   RW          859    .bss                gpio.o
    0x1fff71b8        -       0x00000078   Zero   RW         1137    .bss                pwrmgr.o
    0x1fff7230        -       0x00000020   Zero   RW         1908    .bss                rf.lib(patch.o)
    0x1fff7250        -       0x00000010   Zero   RW         2062    .bss                rf.lib(phy_sec_ext.o)
    0x1fff7260        -       0x00000400   Zero   RW         1787    STACK               startup_armcm0.o



  Load Region LR_ROM_JT_GC (Base: 0x1fff0000, Size: 0x00000800, Max: 0x00000800, ABSOLUTE, COMPRESSED[0x0000040c])

    Execution Region JUMP_TABLE (Exec base: 0x1fff0000, Load base: 0x1fff0000, Size: 0x00000400, Max: 0x00000400, ABSOLUTE)

    Exec Addr    Load Addr    Size         Type   Attr      Idx    E Section Name        Object

    0x1fff0000   0x1fff0000   0x00000400   Data   RO         1760    jump_table_mem_area  jump_table.o


    Execution Region GOLBAL_CONFIG (Exec base: 0x1fff0400, Load base: 0x1fff0400, Size: 0x00000400, Max: 0x00000400, ABSOLUTE, COMPRESSED[0x0000000c])

    Exec Addr    Load Addr    Size         Type   Attr      Idx    E Section Name        Object

    0x1fff0400   COMPRESSED   0x00000400   Data   RW         1759    global_config_area  jump_table.o


==============================================================================

Image component sizes


      Code (inc. data)   RO Data    RW Data    ZI Data      Debug   Object Name

       912         78          0         15         40      16127   adc.o
       382         64         24          0        128       2903   adc_demo.o
       420         22          0          0          0       3442   clock.o
       772         78          0         28          0      14588   flash.o
      1432        158        138          0        300      22944   gpio.o
       484          8          0          0          0       5284   iic_1.o
       536        332       1024       1028          0       1954   jump_table.o
       376         54         30          1       1024      35658   main.o
       178         26          0         16          0       2037   my.o
      1070         22         93          8          0       7159   my_printf.o
        36          6          5          4          0       1540   osal_phyrf.o
      1318        158          0         18        580      12562   phy_rf.o
       704         96          0         38        120       8988   pwrmgr.o
       300          0          0          0          0       2482   qma7981.o
        20         10          8          0       1024        400   startup_armcm0.o
        16          8          0          4          0        655   system_armcm0.o
        72         16          0          4          0       2005   timer.o
      1264        118         12          0         64       8957   uart.o

    ----------------------------------------------------------------------
     11434       1630       1392       1170       3280     149685   Object Totals
      1128        376         48          0          0          0   (incl. Generated)
        14          0         10          6          0          0   (incl. Padding)

    ----------------------------------------------------------------------

      Code (inc. data)   RO Data    RW Data    ZI Data      Debug   Library Member Name

        86          0          0          0          0          0   __dczerorl2.o
         0          0          0          0          0          0   entry.o
         0          0          0          0          0          0   entry10a.o
         0          0          0          0          0          0   entry11a.o
         4          0          0          0          0          0   entry12b.o
         8          4          0          0          0          0   entry2.o
         4          0          0          0          0          0   entry5.o
         0          0          0          0          0          0   entry7b.o
         0          0          0          0          0          0   entry8b.o
         8          4          0          0          0          0   entry9a.o
        30          0          0          0          0          0   handlers.o
        36          8          0          0          0         68   init.o
         0          0          0          0          0          0   iusefp.o
        32          0          0          0          0         68   llshl.o
        38          0          0          0          0         68   llsshr.o
        34          0          0          0          0         68   llushr.o
       360          6          0          0          0        140   dadd.o
       240          6          0          0          0         84   ddiv.o
       236          0          0          0          0        216   depilogue.o
        60         10          0          0          0         68   dfixui.o
        28          4          0          0          0         68   dfltui.o
       208          6          0          0          0         88   dmul.o
      5180        666          0         32         32       2092   patch.o
       224         36         17          5         16        276   phy_sec_ext.o
      1942        382          0          0          0        876   rf_phy_driver.o

    ----------------------------------------------------------------------
      8770       1132         20         38         48       4180   Library Totals
        12          0          3          1          0          0   (incl. Padding)

    ----------------------------------------------------------------------

      Code (inc. data)   RO Data    RW Data    ZI Data      Debug   Library Name

       280         16          0          0          0        272   mc_p.l
      1132         32          0          0          0        664   mf_p.l
      7346       1084         17         37         48       3244   rf.lib

    ----------------------------------------------------------------------
      8770       1132         20         38         48       4180   Library Totals

    ----------------------------------------------------------------------

==============================================================================


      Code (inc. data)   RO Data    RW Data    ZI Data      Debug   

     20204       2762       1412       1208       3328     146865   Grand Totals
     20204       2762       1412        196       3328     146865   ELF Image Totals (compressed)
     20204       2762       1412        196          0          0   ROM Totals

==============================================================================

    Total RO  Size (Code + RO Data)                21616 (  21.11kB)
    Total RW  Size (RW Data + ZI Data)              4536 (   4.43kB)
    Total ROM Size (Code + RO Data + RW Data)      21812 (  21.30kB)

==============================================================================

