Component: ARM Compiler 5.06 update 7 (build 960) Tool: armlink [4d3601]

==============================================================================

Section Cross References

    main.o(i.hal_low_power_io_init) refers to gpio.o(i.hal_gpio_pull_set) for hal_gpio_pull_set
    main.o(i.hal_low_power_io_init) refers to pwrmgr.o(i.hal_pwrmgr_RAM_retention) for hal_pwrmgr_RAM_retention
    main.o(i.hal_low_power_io_init) refers to pwrmgr.o(i.hal_pwrmgr_RAM_retention_set) for hal_pwrmgr_RAM_retention_set
    main.o(i.hal_low_power_io_init) refers to pwrmgr.o(i.hal_pwrmgr_LowCurrentLdo_enable) for hal_pwrmgr_LowCurrentLdo_enable
    main.o(i.hal_low_power_io_init) refers to main.o(.constdata) for .constdata
    main.o(i.hal_rfphy_init) refers to patch.o(i.hal_rom_boot_init) for hal_rom_boot_init
    main.o(i.hal_rfphy_init) refers to main.o(i.__NVIC_SetPriority) for __NVIC_SetPriority
    main.o(i.hal_rfphy_init) refers to main.o(.bss) for .bss
    main.o(i.main) refers to patch.o(_section_xip_code_) for init_config
    main.o(i.main) refers to main.o(i.hal_rfphy_init) for hal_rfphy_init
    main.o(i.main) refers to main.o(i.hal_low_power_io_init) for hal_low_power_io_init
    main.o(i.main) refers to clock.o(i.hal_rtc_clock_config) for hal_rtc_clock_config
    main.o(i.main) refers to pwrmgr.o(i.hal_pwrmgr_init) for hal_pwrmgr_init
    main.o(i.main) refers to flash.o(i.hal_spif_cache_init) for hal_spif_cache_init
    main.o(i.main) refers to my_printf.o(i.dbg_printf_init) for dbg_printf_init
    main.o(i.main) refers to gpio.o(i.hal_gpio_init) for hal_gpio_init
    main.o(i.main) refers to my_printf.o(i.dbg_printf) for dbg_printf
    main.o(i.main) refers to phy_rf.o(i.app_main) for app_main
    main.o(i.main) refers to main.o(.data) for .data
    main.o(i.main) refers to main.o(.constdata) for .constdata
    phy_rf.o(i.PLUSPHY_IRQHandler) refers to rf_phy_driver.o(i.rf_phy_get_pktFoot) for rf_phy_get_pktFoot
    phy_rf.o(i.PLUSPHY_IRQHandler) refers to rf_phy_driver.o(i.rf_phy_get_pktFoot_fromPkt) for rf_phy_get_pktFoot_fromPkt
    phy_rf.o(i.PLUSPHY_IRQHandler) refers to phy_rf.o(i.phy_rx_data_check) for phy_rx_data_check
    phy_rf.o(i.PLUSPHY_IRQHandler) refers to phy_rf.o(.data) for .data
    phy_rf.o(i.PLUSPHY_IRQHandler) refers to phy_rf.o(.bss) for .bss
    phy_rf.o(i.PhyRf_Init) refers to flash.o(i.hal_flash_read) for hal_flash_read
    phy_rf.o(i.PhyRf_Init) refers to phy_rf.o(i.phy_tx_buf_updata) for phy_tx_buf_updata
    phy_rf.o(i.PhyRf_Init) refers to gpio.o(i.hal_gpio_write) for hal_gpio_write
    phy_rf.o(i.PhyRf_Init) refers to gpio.o(i.hal_gpioretention_register) for hal_gpioretention_register
    phy_rf.o(i.PhyRf_Init) refers to phy_rf.o(.data) for .data
    phy_rf.o(i.PhyRf_Init) refers to phy_rf.o(i.PLUSPHY_IRQHandler) for PLUSPHY_IRQHandler
    phy_rf.o(i.PhyRf_Init) refers to phy_rf.o(.bss) for .bss
    phy_rf.o(i.PhyRf_ProcessEvent) refers to gpio.o(i.hal_gpio_write) for hal_gpio_write
    phy_rf.o(i.PhyRf_ProcessEvent) refers to my_printf.o(i.dbg_printf) for dbg_printf
    phy_rf.o(i.PhyRf_ProcessEvent) refers to phy_rf.o(i.phy_rf_rx) for phy_rf_rx
    phy_rf.o(i.PhyRf_ProcessEvent) refers to phy_rf.o(i.phy_rx_data_process) for phy_rx_data_process
    phy_rf.o(i.PhyRf_ProcessEvent) refers to phy_rf.o(i.phy_rf_tx) for phy_rf_tx
    phy_rf.o(i.PhyRf_ProcessEvent) refers to phy_rf.o(i.process_rx_done_evt) for process_rx_done_evt
    phy_rf.o(i.PhyRf_ProcessEvent) refers to phy_rf.o(.bss) for .bss
    phy_rf.o(i.PhyRf_ProcessEvent) refers to phy_rf.o(.data) for .data
    phy_rf.o(i.phy_hw_go) refers to phy_rf.o(.bss) for .bss
    phy_rf.o(i.phy_hw_pktFmt_Config) refers to rf_phy_driver.o(i.rf_phy_bb_cfg) for rf_phy_bb_cfg
    phy_rf.o(i.phy_rf_rx) refers to gpio.o(i.hal_gpio_write) for hal_gpio_write
    phy_rf.o(i.phy_rf_rx) refers to phy_rf.o(i.phy_hw_stop) for phy_hw_stop
    phy_rf.o(i.phy_rf_rx) refers to phy_rf.o(i.phy_hw_pktFmt_Config) for phy_hw_pktFmt_Config
    phy_rf.o(i.phy_rf_rx) refers to phy_rf.o(i.phy_hw_timing_setting) for phy_hw_timing_setting
    phy_rf.o(i.phy_rf_rx) refers to phy_rf.o(i.phy_set_channel) for phy_set_channel
    phy_rf.o(i.phy_rf_rx) refers to phy_rf.o(i.phy_hw_set_srx) for phy_hw_set_srx
    phy_rf.o(i.phy_rf_rx) refers to phy_rf.o(i.phy_hw_go) for phy_hw_go
    phy_rf.o(i.phy_rf_rx) refers to phy_rf.o(.bss) for .bss
    phy_rf.o(i.phy_rf_tx) refers to gpio.o(i.hal_gpio_write) for hal_gpio_write
    phy_rf.o(i.phy_rf_tx) refers to phy_rf.o(i.phy_hw_stop) for phy_hw_stop
    phy_rf.o(i.phy_rf_tx) refers to phy_rf.o(i.phy_hw_pktFmt_Config) for phy_hw_pktFmt_Config
    phy_rf.o(i.phy_rf_tx) refers to phy_rf.o(i.phy_hw_timing_setting) for phy_hw_timing_setting
    phy_rf.o(i.phy_rf_tx) refers to phy_rf.o(i.phy_set_channel) for phy_set_channel
    phy_rf.o(i.phy_rf_tx) refers to phy_rf.o(i.phy_hw_set_stx) for phy_hw_set_stx
    phy_rf.o(i.phy_rf_tx) refers to phy_rf.o(i.phy_hw_go) for phy_hw_go
[...]
    osal_CbTimerStop                         0x00014711   Thumb Code     0  bb_rom_sym_m0.txt ABSOLUTE
    osal_CbTimerUpdate                       0x00014751   Thumb Code     0  bb_rom_sym_m0.txt ABSOLUTE
    osal_ConvertUTCSecs                      0x000147a1   Thumb Code     0  bb_rom_sym_m0.txt ABSOLUTE
    osal_ConvertUTCTime                      0x00014841   Thumb Code     0  bb_rom_sym_m0.txt ABSOLUTE
    osal_GetSystemClock                      0x00014949   Thumb Code     0  bb_rom_sym_m0.txt ABSOLUTE
    osal_bm_adjust_header                    0x00014955   Thumb Code     0  bb_rom_sym_m0.txt ABSOLUTE
    osal_bm_adjust_tail                      0x0001497d   Thumb Code     0  bb_rom_sym_m0.txt ABSOLUTE
    osal_bm_alloc                            0x000149a9   Thumb Code     0  bb_rom_sym_m0.txt ABSOLUTE
    osal_bm_free                             0x000149d9   Thumb Code     0  bb_rom_sym_m0.txt ABSOLUTE
    osal_buffer_uint24                       0x00014a21   Thumb Code     0  bb_rom_sym_m0.txt ABSOLUTE
    osal_buffer_uint32                       0x00014a2f   Thumb Code     0  bb_rom_sym_m0.txt ABSOLUTE
    osal_build_uint16                        0x00014a41   Thumb Code     0  bb_rom_sym_m0.txt ABSOLUTE
    osal_build_uint32                        0x00014a4d   Thumb Code     0  bb_rom_sym_m0.txt ABSOLUTE
    osal_clear_event                         0x00014a89   Thumb Code     0  bb_rom_sym_m0.txt ABSOLUTE
    osal_getClock                            0x00014abd   Thumb Code     0  bb_rom_sym_m0.txt ABSOLUTE
    osal_get_timeoutEx                       0x00014ac9   Thumb Code     0  bb_rom_sym_m0.txt ABSOLUTE
    osal_init_system                         0x00014aed   Thumb Code     0  bb_rom_sym_m0.txt ABSOLUTE
    osal_isbufset                            0x00014b1d   Thumb Code     0  bb_rom_sym_m0.txt ABSOLUTE
    osal_mem_alloc                           0x00014b3d   Thumb Code     0  bb_rom_sym_m0.txt ABSOLUTE
    osal_mem_free                            0x00014c01   Thumb Code     0  bb_rom_sym_m0.txt ABSOLUTE
    osal_mem_init                            0x00014c25   Thumb Code     0  bb_rom_sym_m0.txt ABSOLUTE
    osal_mem_kick                            0x00014c8d   Thumb Code     0  bb_rom_sym_m0.txt ABSOLUTE
    osal_mem_set_heap                        0x00014cb5   Thumb Code     0  bb_rom_sym_m0.txt ABSOLUTE
    osal_memcmp                              0x00014ccd   Thumb Code     0  bb_rom_sym_m0.txt ABSOLUTE
    osal_memcpy                              0x00014ce9   Thumb Code     0  bb_rom_sym_m0.txt ABSOLUTE
    osal_memdup                              0x00014cf9   Thumb Code     0  bb_rom_sym_m0.txt ABSOLUTE
    osal_memset                              0x00014d15   Thumb Code     0  bb_rom_sym_m0.txt ABSOLUTE
    osal_msg_allocate                        0x00014d1d   Thumb Code     0  bb_rom_sym_m0.txt ABSOLUTE
    osal_msg_deallocate                      0x00014d43   Thumb Code     0  bb_rom_sym_m0.txt ABSOLUTE
    osal_msg_dequeue                         0x00014d65   Thumb Code     0  bb_rom_sym_m0.txt ABSOLUTE
    osal_msg_enqueue                         0x00014d91   Thumb Code     0  bb_rom_sym_m0.txt ABSOLUTE
    osal_msg_enqueue_max                     0x00014dc3   Thumb Code     0  bb_rom_sym_m0.txt ABSOLUTE
    osal_msg_extract                         0x00014e6d   Thumb Code     0  bb_rom_sym_m0.txt ABSOLUTE
    osal_msg_find                            0x00014e9d   Thumb Code     0  bb_rom_sym_m0.txt ABSOLUTE
    osal_msg_push                            0x00014ed1   Thumb Code     0  bb_rom_sym_m0.txt ABSOLUTE
    osal_msg_push_front                      0x00014eeb   Thumb Code     0  bb_rom_sym_m0.txt ABSOLUTE
    osal_msg_receive                         0x00014ef5   Thumb Code     0  bb_rom_sym_m0.txt ABSOLUTE
    osal_msg_send                            0x00014f59   Thumb Code     0  bb_rom_sym_m0.txt ABSOLUTE
    osal_next_timeout                        0x00014f7d   Thumb Code     0  bb_rom_sym_m0.txt ABSOLUTE
    osal_pwrmgr_device                       0x00014fa5   Thumb Code     0  bb_rom_sym_m0.txt ABSOLUTE
    osal_pwrmgr_init                         0x00014fb1   Thumb Code     0  bb_rom_sym_m0.txt ABSOLUTE
    osal_pwrmgr_powerconserve                0x00014fc1   Thumb Code     0  bb_rom_sym_m0.txt ABSOLUTE
    osal_pwrmgr_powerconserve0               0x00014fd9   Thumb Code     0  bb_rom_sym_m0.txt ABSOLUTE
    osal_pwrmgr_task_state                   0x000150f9   Thumb Code     0  bb_rom_sym_m0.txt ABSOLUTE
    osal_rand                                0x00015129   Thumb Code     0  bb_rom_sym_m0.txt ABSOLUTE
    osal_revmemcpy                           0x00015145   Thumb Code     0  bb_rom_sym_m0.txt ABSOLUTE
    osal_run_system                          0x00015159   Thumb Code     0  bb_rom_sym_m0.txt ABSOLUTE
    osal_self                                0x000151f5   Thumb Code     0  bb_rom_sym_m0.txt ABSOLUTE
    osal_setClock                            0x00015201   Thumb Code     0  bb_rom_sym_m0.txt ABSOLUTE
    osal_set_event                           0x0001520d   Thumb Code     0  bb_rom_sym_m0.txt ABSOLUTE
    osal_start_reload_timer                  0x00015259   Thumb Code     0  bb_rom_sym_m0.txt ABSOLUTE
    osal_start_system                        0x00015285   Thumb Code     0  bb_rom_sym_m0.txt ABSOLUTE
    osal_start_timerEx                       0x0001528b   Thumb Code     0  bb_rom_sym_m0.txt ABSOLUTE
    osal_stop_timerEx                        0x000152b3   Thumb Code     0  bb_rom_sym_m0.txt ABSOLUTE
    osal_strlen                              0x000152dd   Thumb Code     0  bb_rom_sym_m0.txt ABSOLUTE
    osal_timer_num_active                    0x000152e5   Thumb Code     0  bb_rom_sym_m0.txt ABSOLUTE
    phy_sec_app_key                          0x00015315   Thumb Code     0  bb_rom_sym_m0.txt ABSOLUTE
    phy_sec_decrypt                          0x0001531d   Thumb Code     0  bb_rom_sym_m0.txt ABSOLUTE
    phy_sec_efuse_lock                       0x0001532d   Thumb Code     0  bb_rom_sym_m0.txt ABSOLUTE
    phy_sec_encrypt                          0x00015339   Thumb Code     0  bb_rom_sym_m0.txt ABSOLUTE
    phy_sec_init                             0x00015349   Thumb Code     0  bb_rom_sym_m0.txt ABSOLUTE
    phy_sec_key_valid                        0x0001540d   Thumb Code     0  bb_rom_sym_m0.txt ABSOLUTE
    prog_process_data                        0x00015b19   Thumb Code     0  bb_rom_sym_m0.txt ABSOLUTE
    prog_uart_command                        0x00015c51   Thumb Code     0  bb_rom_sym_m0.txt ABSOLUTE
    prog_uart_fct_command                    0x00015c71   Thumb Code     0  bb_rom_sym_m0.txt ABSOLUTE
    prog_uart_handle                         0x00015c8d   Thumb Code     0  bb_rom_sym_m0.txt ABSOLUTE
    read_LL_remainder_time                   0x00015cbd   Thumb Code     0  bb_rom_sym_m0.txt ABSOLUTE
    read_current_fine_time                   0x00015cc9   Thumb Code     0  bb_rom_sym_m0.txt ABSOLUTE
    read_ll_adv_remainder_time               0x00015cf1   Thumb Code     0  bb_rom_sym_m0.txt ABSOLUTE
    reset_conn_buf                           0x00015cfd   Thumb Code     0  bb_rom_sym_m0.txt ABSOLUTE
    rom_board_init                           0x00016a09   Thumb Code     0  bb_rom_sym_m0.txt ABSOLUTE
    rtc_clear                                0x00016ab5   Thumb Code     0  bb_rom_sym_m0.txt ABSOLUTE
    rtc_config_prescale                      0x00016ad1   Thumb Code     0  bb_rom_sym_m0.txt ABSOLUTE
    rtc_get_counter                          0x00016b15   Thumb Code     0  bb_rom_sym_m0.txt ABSOLUTE
    rtc_start                                0x00016b25   Thumb Code     0  bb_rom_sym_m0.txt ABSOLUTE
    rtc_stop                                 0x00016b35   Thumb Code     0  bb_rom_sym_m0.txt ABSOLUTE
    setSleepMode                             0x00016b45   Thumb Code     0  bb_rom_sym_m0.txt ABSOLUTE
    set_access_address                       0x00016b51   Thumb Code     0  bb_rom_sym_m0.txt ABSOLUTE
    set_channel                              0x00016b5d   Thumb Code     0  bb_rom_sym_m0.txt ABSOLUTE
    set_crc_seed                             0x00016b9d   Thumb Code     0  bb_rom_sym_m0.txt ABSOLUTE
    set_gpio_pull_down_ate                   0x00016bb5   Thumb Code     0  bb_rom_sym_m0.txt ABSOLUTE
    set_gpio_pull_up_ate                     0x00016bcb   Thumb Code     0  bb_rom_sym_m0.txt ABSOLUTE
    set_int                                  0x00016be1   Thumb Code     0  bb_rom_sym_m0.txt ABSOLUTE
    set_max_length                           0x00016bed   Thumb Code     0  bb_rom_sym_m0.txt ABSOLUTE
    set_sleep_flag                           0x00016c01   Thumb Code     0  bb_rom_sym_m0.txt ABSOLUTE
    set_timer                                0x00016c2d   Thumb Code     0  bb_rom_sym_m0.txt ABSOLUTE
    set_whiten_seed                          0x00016cc9   Thumb Code     0  bb_rom_sym_m0.txt ABSOLUTE
    spif_cmd                                 0x00016d49   Thumb Code     0  bb_rom_sym_m0.txt ABSOLUTE
    spif_config                              0x00016dc5   Thumb Code     0  bb_rom_sym_m0.txt ABSOLUTE
    spif_erase_all                           0x00016ea1   Thumb Code     0  bb_rom_sym_m0.txt ABSOLUTE
    spif_erase_block64                       0x00016ed1   Thumb Code     0  bb_rom_sym_m0.txt ABSOLUTE
    spif_erase_chip                          0x00016f55   Thumb Code     0  bb_rom_sym_m0.txt ABSOLUTE
    spif_erase_sector                        0x00016fa9   Thumb Code     0  bb_rom_sym_m0.txt ABSOLUTE
    spif_flash_size                          0x00017029   Thumb Code     0  bb_rom_sym_m0.txt ABSOLUTE
    spif_flash_status_reg_0                  0x0001703d   Thumb Code     0  bb_rom_sym_m0.txt ABSOLUTE
    spif_flash_status_reg_1                  0x00017047   Thumb Code     0  bb_rom_sym_m0.txt ABSOLUTE
    spif_init                                0x00017051   Thumb Code     0  bb_rom_sym_m0.txt ABSOLUTE
    spif_rddata                              0x0001713d   Thumb Code     0  bb_rom_sym_m0.txt ABSOLUTE
    spif_read                                0x00017165   Thumb Code     0  bb_rom_sym_m0.txt ABSOLUTE
    spif_release_deep_sleep                  0x000172cd   Thumb Code     0  bb_rom_sym_m0.txt ABSOLUTE
    spif_set_deep_sleep                      0x00017349   Thumb Code     0  bb_rom_sym_m0.txt ABSOLUTE
    spif_wrdata                              0x0001736d   Thumb Code     0  bb_rom_sym_m0.txt ABSOLUTE
    spif_write                               0x00017395   Thumb Code     0  bb_rom_sym_m0.txt ABSOLUTE
    spif_write_dma                           0x0001744d   Thumb Code     0  bb_rom_sym_m0.txt ABSOLUTE
    spif_write_protect                       0x000174f9   Thumb Code     0  bb_rom_sym_m0.txt ABSOLUTE
    sram_ret_patch                           0x00017591   Thumb Code     0  bb_rom_sym_m0.txt ABSOLUTE
    update_rx_read_ptr                       0x00017609   Thumb Code     0  bb_rom_sym_m0.txt ABSOLUTE
    update_rx_write_ptr                      0x00017635   Thumb Code     0  bb_rom_sym_m0.txt ABSOLUTE
    update_tx_read_ptr                       0x00017659   Thumb Code     0  bb_rom_sym_m0.txt ABSOLUTE
    update_tx_write_ptr                      0x00017685   Thumb Code     0  bb_rom_sym_m0.txt ABSOLUTE
    wakeupProcess                            0x000176a9   Thumb Code     0  bb_rom_sym_m0.txt ABSOLUTE
    wakeupProcess0                           0x000176c5   Thumb Code     0  bb_rom_sym_m0.txt ABSOLUTE
    wakeup_init                              0x000178a5   Thumb Code     0  bb_rom_sym_m0.txt ABSOLUTE
    wakeup_init0                             0x000178bd   Thumb Code     0  bb_rom_sym_m0.txt ABSOLUTE
    zigbee_crc16_gen                         0x0001798d   Thumb Code     0  bb_rom_sym_m0.txt ABSOLUTE
    supportedCmdsTable                       0x00017c00   Data           0  bb_rom_sym_m0.txt ABSOLUTE
    hciCmdTable                              0x00017c44   Data           0  bb_rom_sym_m0.txt ABSOLUTE
    SCA                                      0x00017c4c   Data           0  bb_rom_sym_m0.txt ABSOLUTE
    jump_table_base                          0x1fff0000   Data        1024  jump_table.o(jump_table_mem_area)
    global_config                            0x1fff0400   Data        1024  jump_table.o(global_config_area)
    hclk_per_us                              0x1fff0818   Data           0  bb_rom_sym_m0.txt ABSOLUTE
    hclk_per_us_shift                        0x1fff081c   Data           0  bb_rom_sym_m0.txt ABSOLUTE
    s_prog_time_save                         0x1fff0828   Data           0  bb_rom_sym_m0.txt ABSOLUTE
    s_prog_timeout                           0x1fff082c   Data           0  bb_rom_sym_m0.txt ABSOLUTE
    DFL_ENTRY_BASE                           0x1fff0830   Data           0  bb_rom_sym_m0.txt ABSOLUTE
    receive_timeout_flag                     0x1fff0850   Data           0  bb_rom_sym_m0.txt ABSOLUTE
    osal_sys_tick                            0x1fff0860   Data           0  bb_rom_sym_m0.txt ABSOLUTE
    g_timer4_irq_pending_time                0x1fff0864   Data           0  bb_rom_sym_m0.txt ABSOLUTE
    g_hclk                                   0x1fff0874   Data           0  bb_rom_sym_m0.txt ABSOLUTE
    m_in_critical_region                     0x1fff0878   Data           0  bb_rom_sym_m0.txt ABSOLUTE
    s_rom_debug_level                        0x1fff0888   Data           0  bb_rom_sym_m0.txt ABSOLUTE
    s_spif_ctx                               0x1fff0894   Data           0  bb_rom_sym_m0.txt ABSOLUTE
    osal_qHead                               0x1fff08b8   Data           0  bb_rom_sym_m0.txt ABSOLUTE
    baseTaskID                               0x1fff08c0   Data           0  bb_rom_sym_m0.txt ABSOLUTE
    OSAL_timeSeconds                         0x1fff08cc   Data           0  bb_rom_sym_m0.txt ABSOLUTE
    ll_remain_time                           0x1fff08e4   Data           0  bb_rom_sym_m0.txt ABSOLUTE
    pwrmgr_attribute                         0x1fff08e8   Data           0  bb_rom_sym_m0.txt ABSOLUTE
    timerHead                                0x1fff08f0   Data           0  bb_rom_sym_m0.txt ABSOLUTE
    hciPTMenabled                            0x1fff08f8   Data           0  bb_rom_sym_m0.txt ABSOLUTE
    ctrlToHostEnable                         0x1fff08f9   Data           0  bb_rom_sym_m0.txt ABSOLUTE
    numHostBufs                              0x1fff08fa   Data           0  bb_rom_sym_m0.txt ABSOLUTE
    hciCtrlCmdToken                          0x1fff08fc   Data           0  bb_rom_sym_m0.txt ABSOLUTE
    bleEvtMask                               0x1fff0900   Data           0  bb_rom_sym_m0.txt ABSOLUTE
    pHciEvtMask                              0x1fff0904   Data           0  bb_rom_sym_m0.txt ABSOLUTE
    hciTaskID                                0x1fff090c   Data           0  bb_rom_sym_m0.txt ABSOLUTE
    hciTestTaskID                            0x1fff090d   Data           0  bb_rom_sym_m0.txt ABSOLUTE
    hciGapTaskID                             0x1fff090e   Data           0  bb_rom_sym_m0.txt ABSOLUTE
    hciL2capTaskID                           0x1fff090f   Data           0  bb_rom_sym_m0.txt ABSOLUTE
    hciSmpTaskID                             0x1fff0910   Data           0  bb_rom_sym_m0.txt ABSOLUTE
    hciExtTaskID                             0x1fff0911   Data           0  bb_rom_sym_m0.txt ABSOLUTE
    g_maxConnNum                             0x1fff0914   Data           0  bb_rom_sym_m0.txt ABSOLUTE
    g_maxPktPerEventTx                       0x1fff0915   Data           0  bb_rom_sym_m0.txt ABSOLUTE
    g_maxPktPerEventRx                       0x1fff0916   Data           0  bb_rom_sym_m0.txt ABSOLUTE
    g_blePktVersion                          0x1fff0917   Data           0  bb_rom_sym_m0.txt ABSOLUTE
    g_llRlEnable                             0x1fff0918   Data           0  bb_rom_sym_m0.txt ABSOLUTE
    g_llScanMode                             0x1fff0919   Data           0  bb_rom_sym_m0.txt ABSOLUTE
    g_llAdvMode                              0x1fff091a   Data           0  bb_rom_sym_m0.txt ABSOLUTE
    LL_TaskID                                0x1fff091b   Data           0  bb_rom_sym_m0.txt ABSOLUTE
    llState                                  0x1fff091c   Data           0  bb_rom_sym_m0.txt ABSOLUTE
    numComplPkts                             0x1fff091d   Data           0  bb_rom_sym_m0.txt ABSOLUTE
    numComplPktsLimit                        0x1fff091e   Data           0  bb_rom_sym_m0.txt ABSOLUTE
    fastTxRespTime                           0x1fff091f   Data           0  bb_rom_sym_m0.txt ABSOLUTE
    g_llWlDeviceNum                          0x1fff0920   Data           0  bb_rom_sym_m0.txt ABSOLUTE
    g_llRlDeviceNum                          0x1fff0921   Data           0  bb_rom_sym_m0.txt ABSOLUTE
    rxFifoFlowCtrl                           0x1fff0922   Data           0  bb_rom_sym_m0.txt ABSOLUTE
    llSecondaryState                         0x1fff0923   Data           0  bb_rom_sym_m0.txt ABSOLUTE
    g_extAdvNumber                           0x1fff0924   Data           0  bb_rom_sym_m0.txt ABSOLUTE
    g_perioAdvNumber                         0x1fff0925   Data           0  bb_rom_sym_m0.txt ABSOLUTE
    g_schExtAdvNum                           0x1fff0926   Data           0  bb_rom_sym_m0.txt ABSOLUTE
    g_currentExtAdv                          0x1fff0927   Data           0  bb_rom_sym_m0.txt ABSOLUTE
    g_schExtAdvNum_periodic                  0x1fff0928   Data           0  bb_rom_sym_m0.txt ABSOLUTE
    g_currentExtAdv_periodic                 0x1fff0929   Data           0  bb_rom_sym_m0.txt ABSOLUTE
    g_llRlTimeout                            0x1fff092c   Data           0  bb_rom_sym_m0.txt ABSOLUTE
    g_advSetMaximumLen                       0x1fff0930   Data           0  bb_rom_sym_m0.txt ABSOLUTE
    conn_param                               0x1fff0934   Data           0  bb_rom_sym_m0.txt ABSOLUTE
    g_pExtendedAdvInfo                       0x1fff0938   Data           0  bb_rom_sym_m0.txt ABSOLUTE
    g_pPeriodicAdvInfo                       0x1fff093c   Data           0  bb_rom_sym_m0.txt ABSOLUTE
    g_pLLcteISample                          0x1fff0940   Data           0  bb_rom_sym_m0.txt ABSOLUTE
    g_pLLcteQSample                          0x1fff0944   Data           0  bb_rom_sym_m0.txt ABSOLUTE
    g_llHdcDirAdvTime                        0x1fff0948   Data           0  bb_rom_sym_m0.txt ABSOLUTE
    g_pAdvSchInfo                            0x1fff094c   Data           0  bb_rom_sym_m0.txt ABSOLUTE
    g_advPerSlotTick                         0x1fff0950   Data           0  bb_rom_sym_m0.txt ABSOLUTE
    g_advSlotPeriodic                        0x1fff0954   Data           0  bb_rom_sym_m0.txt ABSOLUTE
    g_pAdvSchInfo_periodic                   0x1fff0958   Data           0  bb_rom_sym_m0.txt ABSOLUTE
    g_timerExpiryTick                        0x1fff095c   Data           0  bb_rom_sym_m0.txt ABSOLUTE
    chanMapUpdate                            0x1fff0960   Data           0  bb_rom_sym_m0.txt ABSOLUTE
    ownPublicAddr                            0x1fff0965   Data           0  bb_rom_sym_m0.txt ABSOLUTE
    ownRandomAddr                            0x1fff096b   Data           0  bb_rom_sym_m0.txt ABSOLUTE
    verInfo                                  0x1fff0972   Data           0  bb_rom_sym_m0.txt ABSOLUTE
    peerInfo                                 0x1fff0978   Data           0  bb_rom_sym_m0.txt ABSOLUTE
    g_currentAdvTimer                        0x1fff0980   Data           0  bb_rom_sym_m0.txt ABSOLUTE
    g_currentTimerTask                       0x1fff0984   Data           0  bb_rom_sym_m0.txt ABSOLUTE
    g_adv_taskID                             0x1fff0988   Data           0  bb_rom_sym_m0.txt ABSOLUTE
    g_conn_taskID                            0x1fff0989   Data           0  bb_rom_sym_m0.txt ABSOLUTE
    g_smartWindowRTOCnt                      0x1fff098a   Data           0  bb_rom_sym_m0.txt ABSOLUTE
    isPeerRpaStore                           0x1fff098b   Data           0  bb_rom_sym_m0.txt ABSOLUTE
    g_same_rf_channel_flag                   0x1fff098c   Data           0  bb_rom_sym_m0.txt ABSOLUTE
    g_currentPeerAddrType                    0x1fff098d   Data           0  bb_rom_sym_m0.txt ABSOLUTE
    g_currentLocalAddrType                   0x1fff098e   Data           0  bb_rom_sym_m0.txt ABSOLUTE
    storeRpaListIndex                        0x1fff098f   Data           0  bb_rom_sym_m0.txt ABSOLUTE
    llTaskState                              0x1fff0990   Data           0  bb_rom_sym_m0.txt ABSOLUTE
    g_adv_taskEvent                          0x1fff0992   Data           0  bb_rom_sym_m0.txt ABSOLUTE
    g_conn_taskEvent                         0x1fff0994   Data           0  bb_rom_sym_m0.txt ABSOLUTE
    llWaitingIrq                             0x1fff0998   Data           0  bb_rom_sym_m0.txt ABSOLUTE
    ISR_entry_time                           0x1fff099c   Data           0  bb_rom_sym_m0.txt ABSOLUTE
    slave_conn_event_recv_delay              0x1fff09a0   Data           0  bb_rom_sym_m0.txt ABSOLUTE
    g_smartWindowLater                       0x1fff09a4   Data           0  bb_rom_sym_m0.txt ABSOLUTE
    g_smartWindowActiveCnt                   0x1fff09a8   Data           0  bb_rom_sym_m0.txt ABSOLUTE
    g_smartWindowPreAnchPoint                0x1fff09ac   Data           0  bb_rom_sym_m0.txt ABSOLUTE
    g_getPn23_cnt                            0x1fff09b0   Data           0  bb_rom_sym_m0.txt ABSOLUTE
    g_getPn23_seed                           0x1fff09b4   Data           0  bb_rom_sym_m0.txt ABSOLUTE
    llScanTime                               0x1fff09b8   Data           0  bb_rom_sym_m0.txt ABSOLUTE
    p_perStatsByChan                         0x1fff09bc   Data           0  bb_rom_sym_m0.txt ABSOLUTE
    LL_PLUS_AdvDataFilterCBack               0x1fff09c0   Data           0  bb_rom_sym_m0.txt ABSOLUTE
    LL_PLUS_ScanRequestFilterCBack           0x1fff09c4   Data           0  bb_rom_sym_m0.txt ABSOLUTE
    g_new_master_delta                       0x1fff09c8   Data           0  bb_rom_sym_m0.txt ABSOLUTE
    llScanT1                                 0x1fff09cc   Data           0  bb_rom_sym_m0.txt ABSOLUTE
    llCurrentScanChn                         0x1fff09d0   Data           0  bb_rom_sym_m0.txt ABSOLUTE
    g_currentLocalRpa                        0x1fff09d4   Data           0  bb_rom_sym_m0.txt ABSOLUTE
    g_currentPeerRpa                         0x1fff09da   Data           0  bb_rom_sym_m0.txt ABSOLUTE
    currentPeerRpa                           0x1fff09e0   Data           0  bb_rom_sym_m0.txt ABSOLUTE
    g_dle_taskID                             0x1fff09e6   Data           0  bb_rom_sym_m0.txt ABSOLUTE
    g_dle_taskEvent                          0x1fff09e8   Data           0  bb_rom_sym_m0.txt ABSOLUTE
    g_phyChg_taskID                          0x1fff09ea   Data           0  bb_rom_sym_m0.txt ABSOLUTE
    g_phyChg_taskEvent                       0x1fff09ec   Data           0  bb_rom_sym_m0.txt ABSOLUTE
    g_smartWindowSize                        0x1fff09f0   Data           0  bb_rom_sym_m0.txt ABSOLUTE
    g_smartWindowSizeNew                     0x1fff09f4   Data           0  bb_rom_sym_m0.txt ABSOLUTE
    g_smartWindowActive                      0x1fff09f8   Data           0  bb_rom_sym_m0.txt ABSOLUTE
    g_interAuxPduDuration                    0x1fff09fc   Data           0  bb_rom_sym_m0.txt ABSOLUTE
    connUpdateTimer                          0x1fff0a04   Data           0  bb_rom_sym_m0.txt ABSOLUTE
    sleep_flag                               0x1fff0a0c   Data           0  bb_rom_sym_m0.txt ABSOLUTE
    g_wakeup_rtc_tick                        0x1fff0a10   Data           0  bb_rom_sym_m0.txt ABSOLUTE
    g_counter_traking_avg                    0x1fff0a14   Data           0  bb_rom_sym_m0.txt ABSOLUTE
    g_TIM2_IRQ_TIM3_CurrCount                0x1fff0a18   Data           0  bb_rom_sym_m0.txt ABSOLUTE
    g_TIM2_IRQ_to_Sleep_DeltTick             0x1fff0a1c   Data           0  bb_rom_sym_m0.txt ABSOLUTE
    g_TIM2_IRQ_PendingTick                   0x1fff0a20   Data           0  bb_rom_sym_m0.txt ABSOLUTE
    g_osal_tick_trim                         0x1fff0a24   Data           0  bb_rom_sym_m0.txt ABSOLUTE
    g_osalTickTrim_mod                       0x1fff0a28   Data           0  bb_rom_sym_m0.txt ABSOLUTE
    rtc_mod_value                            0x1fff0a2c   Data           0  bb_rom_sym_m0.txt ABSOLUTE
    g_counter_traking_cnt                    0x1fff0a30   Data           0  bb_rom_sym_m0.txt ABSOLUTE
    sleep_tick                               0x1fff0a34   Data           0  bb_rom_sym_m0.txt ABSOLUTE
    counter_tracking                         0x1fff0a38   Data           0  bb_rom_sym_m0.txt ABSOLUTE
    forever_write                            0x1fff0a3c   Data           0  bb_rom_sym_m0.txt ABSOLUTE
    g_TIM2_wakeup_delay                      0x1fff0a40   Data           0  bb_rom_sym_m0.txt ABSOLUTE
    g_rfPhyTpCal0                            0x1fff0a44   Data           0  bb_rom_sym_m0.txt ABSOLUTE
    g_rfPhyTpCal1                            0x1fff0a45   Data           0  bb_rom_sym_m0.txt ABSOLUTE
    g_rfPhyTpCal0_2Mbps                      0x1fff0a46   Data           0  bb_rom_sym_m0.txt ABSOLUTE
    g_rfPhyTpCal1_2Mbps                      0x1fff0a47   Data           0  bb_rom_sym_m0.txt ABSOLUTE
    g_rfPhyTxPower                           0x1fff0a48   Data           0  bb_rom_sym_m0.txt ABSOLUTE
    g_rfPhyPktFmt                            0x1fff0a49   Data           0  bb_rom_sym_m0.txt ABSOLUTE
    g_system_clk                             0x1fff0a4a   Data           0  bb_rom_sym_m0.txt ABSOLUTE
    g_rfPhyClkSel                            0x1fff0a4b   Data           0  bb_rom_sym_m0.txt ABSOLUTE
    g_rxAdcClkSel                            0x1fff0a4c   Data           0  bb_rom_sym_m0.txt ABSOLUTE
    g_dtmModeType                            0x1fff0a4d   Data           0  bb_rom_sym_m0.txt ABSOLUTE
    g_dtmLength                              0x1fff0a4e   Data           0  bb_rom_sym_m0.txt ABSOLUTE
    g_dtmExtLen                              0x1fff0a4f   Data           0  bb_rom_sym_m0.txt ABSOLUTE
    g_dtmPKT                                 0x1fff0a50   Data           0  bb_rom_sym_m0.txt ABSOLUTE
    g_dtmTxPower                             0x1fff0a51   Data           0  bb_rom_sym_m0.txt ABSOLUTE
    g_dtmRssi                                0x1fff0a52   Data           0  bb_rom_sym_m0.txt ABSOLUTE
    g_dtmCarrSens                            0x1fff0a53   Data           0  bb_rom_sym_m0.txt ABSOLUTE
    g_dtmPktIntv                             0x1fff0a54   Data           0  bb_rom_sym_m0.txt ABSOLUTE
    g_dtmPktCount                            0x1fff0a56   Data           0  bb_rom_sym_m0.txt ABSOLUTE
    g_dtmRxCrcNum                            0x1fff0a58   Data           0  bb_rom_sym_m0.txt ABSOLUTE
    g_dtmRxTONum                             0x1fff0a5a   Data           0  bb_rom_sym_m0.txt ABSOLUTE
    g_dtmRsp                                 0x1fff0a5c   Data           0  bb_rom_sym_m0.txt ABSOLUTE
    g_dtmFoff                                0x1fff0a5e   Data           0  bb_rom_sym_m0.txt ABSOLUTE
    g_rfPhyRxDcIQ                            0x1fff0a60   Data           0  bb_rom_sym_m0.txt ABSOLUTE
    g_dtmTick                                0x1fff0a64   Data           0  bb_rom_sym_m0.txt ABSOLUTE
    g_rfPhyFreqOffSet                        0x1fff0a68   Data           0  bb_rom_sym_m0.txt ABSOLUTE
    g_rfPhyDtmCmd                            0x1fff0a69   Data           0  bb_rom_sym_m0.txt ABSOLUTE
    g_rfPhyDtmEvt                            0x1fff0a6b   Data           0  bb_rom_sym_m0.txt ABSOLUTE
    g_dtmCmd                                 0x1fff0a6d   Data           0  bb_rom_sym_m0.txt ABSOLUTE
    g_dtmFreq                                0x1fff0a6e   Data           0  bb_rom_sym_m0.txt ABSOLUTE
    g_dtmCtrl                                0x1fff0a6f   Data           0  bb_rom_sym_m0.txt ABSOLUTE
    g_dtmPara                                0x1fff0a70   Data           0  bb_rom_sym_m0.txt ABSOLUTE
    g_dtmEvt                                 0x1fff0a71   Data           0  bb_rom_sym_m0.txt ABSOLUTE
    g_dtmStatus                              0x1fff0a72   Data           0  bb_rom_sym_m0.txt ABSOLUTE
    g_dtmTpCalEnable                         0x1fff0a73   Data           0  bb_rom_sym_m0.txt ABSOLUTE
    g_dtmPerAutoIntv                         0x1fff0a74   Data           0  bb_rom_sym_m0.txt ABSOLUTE
    g_dtmAccessCode                          0x1fff0a78   Data           0  bb_rom_sym_m0.txt ABSOLUTE
    g_system_reset_cause                     0x1fff0a80   Data           0  bb_rom_sym_m0.txt ABSOLUTE
    cbTimers                                 0x1fff0afc   Data           0  bb_rom_sym_m0.txt ABSOLUTE
    g_llSleepContext                         0x1fff0b74   Data           0  bb_rom_sym_m0.txt ABSOLUTE
    syncInfo                                 0x1fff0b84   Data           0  bb_rom_sym_m0.txt ABSOLUTE
    scanSyncInfo                             0x1fff0b96   Data           0  bb_rom_sym_m0.txt ABSOLUTE
    adv_param                                0x1fff0ba6   Data           0  bb_rom_sym_m0.txt ABSOLUTE
    scanInfo                                 0x1fff0bbc   Data           0  bb_rom_sym_m0.txt ABSOLUTE
    initInfo                                 0x1fff0bd4   Data           0  bb_rom_sym_m0.txt ABSOLUTE
    extScanInfo                              0x1fff0be8   Data           0  bb_rom_sym_m0.txt ABSOLUTE
    extInitInfo                              0x1fff0c10   Data           0  bb_rom_sym_m0.txt ABSOLUTE
    g_llPeriodAdvSyncInfo                    0x1fff0c50   Data           0  bb_rom_sym_m0.txt ABSOLUTE
    g_ll_conn_ctx                            0x1fff0d30   Data           0  bb_rom_sym_m0.txt ABSOLUTE
    deviceFeatureSet                         0x1fff0e48   Data           0  bb_rom_sym_m0.txt ABSOLUTE
    g_llWhitelist                            0x1fff0e51   Data           0  bb_rom_sym_m0.txt ABSOLUTE
    g_llResolvinglist                        0x1fff0e89   Data           0  bb_rom_sym_m0.txt ABSOLUTE
    g_pmCounters                             0x1fff0ffc   Data           0  bb_rom_sym_m0.txt ABSOLUTE
    g_llPduLen                               0x1fff1084   Data           0  bb_rom_sym_m0.txt ABSOLUTE
    rfCounters                               0x1fff10e0   Data           0  bb_rom_sym_m0.txt ABSOLUTE
    ext_adv_hdr                              0x1fff10ec   Data           0  bb_rom_sym_m0.txt ABSOLUTE
    dataPkt                                  0x1fff1118   Data           0  bb_rom_sym_m0.txt ABSOLUTE
    cachedTRNGdata                           0x1fff1138   Data           0  bb_rom_sym_m0.txt ABSOLUTE
    whiten_seed                              0x1fff1144   Data           0  bb_rom_sym_m0.txt ABSOLUTE
    g_tx_adv_buf                             0x1fff116c   Data           0  bb_rom_sym_m0.txt ABSOLUTE
    g_tx_ext_adv_buf                         0x1fff1278   Data           0  bb_rom_sym_m0.txt ABSOLUTE
    tx_scanRsp_desc                          0x1fff1384   Data           0  bb_rom_sym_m0.txt ABSOLUTE
    g_rx_adv_buf                             0x1fff1490   Data           0  bb_rom_sym_m0.txt ABSOLUTE
    __Vectors                                0x1fff1838   Data           4  startup_armcm0.o(RESET)
    __Vectors_End                            0x1fff1840   Data           0  startup_armcm0.o(RESET)
    __main                                   0x1fff1841   Thumb Code     0  entry.o(.ARM.Collect$$$$00000000)
    _main_stk                                0x1fff1841   Thumb Code     0  entry2.o(.ARM.Collect$$$$00000001)
    _main_scatterload                        0x1fff1845   Thumb Code     0  entry5.o(.ARM.Collect$$$$00000004)
    __main_after_scatterload                 0x1fff1849   Thumb Code     0  entry5.o(.ARM.Collect$$$$00000004)
    _main_clock                              0x1fff1849   Thumb Code     0  entry7b.o(.ARM.Collect$$$$00000008)
    _main_cpp_init                           0x1fff1849   Thumb Code     0  entry8b.o(.ARM.Collect$$$$0000000A)
    _main_init                               0x1fff1849   Thumb Code     0  entry9a.o(.ARM.Collect$$$$0000000B)
    __rt_lib_shutdown_fini                   0x1fff1851   Thumb Code     0  entry12b.o(.ARM.Collect$$$$0000000E)
    __rt_final_cpp                           0x1fff1855   Thumb Code     0  entry10a.o(.ARM.Collect$$$$0000000F)
    __rt_final_exit                          0x1fff1855   Thumb Code     0  entry11a.o(.ARM.Collect$$$$00000011)
    hard_fault                               0x1fff1859   Thumb Code    40  jump_table.o(.emb_text)
    Reset_Handler                            0x1fff1889   Thumb Code     8  startup_armcm0.o(.text)
    __scatterload                            0x1fff189d   Thumb Code    28  init.o(.text)
    __scatterload_rt2                        0x1fff189d   Thumb Code     0  init.o(.text)
    __decompress                             0x1fff18c1   Thumb Code     0  __dczerorl.o(.text)
    __decompress0                            0x1fff18c1   Thumb Code    58  __dczerorl.o(.text)
    Long Thumb to Thumb Veneer to osal_pwrmgr_powerconserve0 0x1fff18fd   Thumb Code    12  anon$$obj.o(Veneer$$Code)
    Long Thumb to Thumb Veneer to drv_disable_irq 0x1fff1909   Thumb Code    12  anon$$obj.o(Veneer$$Code)
    Long Thumb to Thumb Veneer to config_RTC 0x1fff1915   Thumb Code    12  anon$$obj.o(Veneer$$Code)
    Long Thumb to Thumb Veneer to enter_sleep_off_mode 0x1fff1921   Thumb Code    12  anon$$obj.o(Veneer$$Code)
    Long Thumb to Thumb Veneer to drv_enable_irq 0x1fff192d   Thumb Code    12  anon$$obj.o(Veneer$$Code)
    Long Thumb to Thumb Veneer to enableSleep 0x1fff1939   Thumb Code    12  anon$$obj.o(Veneer$$Code)
    Long Thumb to Thumb Veneer to setSleepMode 0x1fff1945   Thumb Code    12  anon$$obj.o(Veneer$$Code)
    Long Thumb to Thumb Veneer to WaitRTCCount 0x1fff1951   Thumb Code    12  anon$$obj.o(Veneer$$Code)
    Long Thumb to Thumb Veneer to LL_ENC_AES128_Encrypt 0x1fff195d   Thumb Code    12  anon$$obj.o(Veneer$$Code)
    Long Thumb to Thumb Veneer to osal_memcpy 0x1fff1969   Thumb Code    12  anon$$obj.o(Veneer$$Code)
    Long Thumb to Thumb Veneer to read_current_fine_time 0x1fff1975   Thumb Code    12  anon$$obj.o(Veneer$$Code)
    Long Thumb to Thumb Veneer to LL_ENC_AES128_Encrypt0 0x1fff1981   Thumb Code    12  anon$$obj.o(Veneer$$Code)
    Long Thumb to Thumb Veneer to LL_ENC_LoadKey 0x1fff198d   Thumb Code    12  anon$$obj.o(Veneer$$Code)
    Long Thumb to Thumb Veneer to LL_ENC_GenerateNonce 0x1fff1999   Thumb Code    12  anon$$obj.o(Veneer$$Code)
    Long Thumb to Thumb Veneer to __aeabi_uread4 0x1fff19a5   Thumb Code    12  anon$$obj.o(Veneer$$Code)
    Long Thumb to Thumb Veneer to ll_debug_output 0x1fff19b1   Thumb Code    12  anon$$obj.o(Veneer$$Code)
    Long Thumb to Thumb Veneer to ll_hw_get_irq_status 0x1fff19bd   Thumb Code    12  anon$$obj.o(Veneer$$Code)
    Long Thumb to Thumb Veneer to ll_hw_get_tr_mode 0x1fff19c9   Thumb Code    12  anon$$obj.o(Veneer$$Code)
    Long Thumb to Thumb Veneer to ll_hw_clr_irq 0x1fff19d5   Thumb Code    12  anon$$obj.o(Veneer$$Code)
    Long Thumb to Thumb Veneer to ll_processExtAdvIRQ 0x1fff19e1   Thumb Code    12  anon$$obj.o(Veneer$$Code)
    Long Thumb to Thumb Veneer to ll_processExtScanIRQ 0x1fff19ed   Thumb Code    12  anon$$obj.o(Veneer$$Code)
    Long Thumb to Thumb Veneer to ll_processExtInitIRQ 0x1fff19f9   Thumb Code    12  anon$$obj.o(Veneer$$Code)
    Long Thumb to Thumb Veneer to ll_processPrdAdvIRQ 0x1fff1a05   Thumb Code    12  anon$$obj.o(Veneer$$Code)
    Long Thumb to Thumb Veneer to ll_processPrdScanIRQ 0x1fff1a11   Thumb Code    12  anon$$obj.o(Veneer$$Code)
    Long Thumb to Thumb Veneer to ll_processBasicIRQ 0x1fff1a1d   Thumb Code    12  anon$$obj.o(Veneer$$Code)
    Long Thumb to Thumb Veneer to ll_schedule_next_event 0x1fff1a29   Thumb Code    12  anon$$obj.o(Veneer$$Code)
    Long Thumb to Thumb Veneer to llSecAdvAllow 0x1fff1a35   Thumb Code    12  anon$$obj.o(Veneer$$Code)
    Long Thumb to Thumb Veneer to llSetupSecAdvEvt 0x1fff1a41   Thumb Code    12  anon$$obj.o(Veneer$$Code)
    Long Thumb to Thumb Veneer to ll_hw_set_rx_timeout 0x1fff1a4d   Thumb Code    12  anon$$obj.o(Veneer$$Code)
    Long Thumb to Thumb Veneer to llSetupSecScan 0x1fff1a59   Thumb Code    12  anon$$obj.o(Veneer$$Code)
    Long Thumb to Thumb Veneer to llSetupSecInit 0x1fff1a65   Thumb Code    12  anon$$obj.o(Veneer$$Code)
    Long Thumb to Thumb Veneer to LL_SetDataLengh0 0x1fff1a71   Thumb Code    12  anon$$obj.o(Veneer$$Code)
    Long Thumb to Thumb Veneer to LL_set_default_conn_params0 0x1fff1a7d   Thumb Code    12  anon$$obj.o(Veneer$$Code)
    Long Thumb to Thumb Veneer to ll_hw_read_rfifo 0x1fff1a89   Thumb Code    12  anon$$obj.o(Veneer$$Code)
    Long Thumb to Thumb Veneer to ll_hw_read_rfifo_pplus 0x1fff1a95   Thumb Code    12  anon$$obj.o(Veneer$$Code)
    Long Thumb to Thumb Veneer to osal_set_event 0x1fff1aa1   Thumb Code    12  anon$$obj.o(Veneer$$Code)
    Long Thumb to Thumb Veneer to osal_start_timerEx 0x1fff1aad   Thumb Code    12  anon$$obj.o(Veneer$$Code)
    Long Thumb to Thumb Veneer to __aeabi_idivmod 0x1fff1ab9   Thumb Code    12  anon$$obj.o(Veneer$$Code)
    Long Thumb to Thumb Veneer to osal_msg_receive 0x1fff1ac5   Thumb Code    12  anon$$obj.o(Veneer$$Code)
    Long Thumb to Thumb Veneer to osal_msg_deallocate 0x1fff1ad1   Thumb Code    12  anon$$obj.o(Veneer$$Code)
    Long Thumb to Thumb Veneer to efuse_read 0x1fff1add   Thumb Code    12  anon$$obj.o(Veneer$$Code)
    Long Thumb to Thumb Veneer to log_printf 0x1fff1ae9   Thumb Code    12  anon$$obj.o(Veneer$$Code)
    Long Thumb to Thumb Veneer to spif_cmd   0x1fff1af5   Thumb Code    12  anon$$obj.o(Veneer$$Code)
    Long Thumb to Thumb Veneer to spif_rddata 0x1fff1b01   Thumb Code    12  anon$$obj.o(Veneer$$Code)
    Long Thumb to Thumb Veneer to osal_init_system 0x1fff1b0d   Thumb Code    12  anon$$obj.o(Veneer$$Code)
    Long Thumb to Thumb Veneer to osal_pwrmgr_device 0x1fff1b19   Thumb Code    12  anon$$obj.o(Veneer$$Code)
    Long Thumb to Thumb Veneer to osal_start_system 0x1fff1b25   Thumb Code    12  anon$$obj.o(Veneer$$Code)
    Long Thumb to Thumb Veneer to rtc_get_counter 0x1fff1b31   Thumb Code    12  anon$$obj.o(Veneer$$Code)
    Long Thumb to Thumb Veneer to set_sleep_flag 0x1fff1b3d   Thumb Code    12  anon$$obj.o(Veneer$$Code)
    Long Thumb to Thumb Veneer to read_LL_remainder_time 0x1fff1b49   Thumb Code    12  anon$$obj.o(Veneer$$Code)
    Long Thumb to Thumb Veneer to enterSleepProcess0 0x1fff1b55   Thumb Code    12  anon$$obj.o(Veneer$$Code)
    Long Thumb to Thumb Veneer to osal_memcmp 0x1fff1b61   Thumb Code    12  anon$$obj.o(Veneer$$Code)
    Long Thumb to Thumb Veneer to __aeabi_memclr4 0x1fff1b6d   Thumb Code    12  anon$$obj.o(Veneer$$Code)
    Long Thumb to Thumb Veneer to __aeabi_memcpy4 0x1fff1b79   Thumb Code    12  anon$$obj.o(Veneer$$Code)
    Long Thumb to Thumb Veneer to disableSleep 0x1fff1b85   Thumb Code    12  anon$$obj.o(Veneer$$Code)
    Long Thumb to Thumb Veneer to osal_mem_set_heap 0x1fff1b91   Thumb Code    12  anon$$obj.o(Veneer$$Code)
    Long Thumb to Thumb Veneer to spif_config 0x1fff1b9d   Thumb Code    12  anon$$obj.o(Veneer$$Code)
    Long Thumb to Thumb Veneer to llConnTerminate0 0x1fff1ba9   Thumb Code    12  anon$$obj.o(Veneer$$Code)
    Long Thumb to Thumb Veneer to llProcessChanMap 0x1fff1bb5   Thumb Code    12  anon$$obj.o(Veneer$$Code)
    Long Thumb to Thumb Veneer to llProcessTxData0 0x1fff1bc1   Thumb Code    12  anon$$obj.o(Veneer$$Code)
    Long Thumb to Thumb Veneer to ll_hw_get_loop_cycle 0x1fff1bcd   Thumb Code    12  anon$$obj.o(Veneer$$Code)
    Long Thumb to Thumb Veneer to __aeabi_uidivmod 0x1fff1bd9   Thumb Code    12  anon$$obj.o(Veneer$$Code)
    Long Thumb to Thumb Veneer to ll_hw_get_anchor 0x1fff1be5   Thumb Code    12  anon$$obj.o(Veneer$$Code)
    Long Thumb to Thumb Veneer to ll_hw_write_tfifo 0x1fff1bf1   Thumb Code    12  anon$$obj.o(Veneer$$Code)
    Long Thumb to Thumb Veneer to ll_hw_get_tfifo_wrptr 0x1fff1bfd   Thumb Code    12  anon$$obj.o(Veneer$$Code)
    Long Thumb to Thumb Veneer to getTxBufferSize 0x1fff1c09   Thumb Code    12  anon$$obj.o(Veneer$$Code)
    Long Thumb to Thumb Veneer to get_tx_read_ptr 0x1fff1c15   Thumb Code    12  anon$$obj.o(Veneer$$Code)
    Long Thumb to Thumb Veneer to update_tx_read_ptr 0x1fff1c21   Thumb Code    12  anon$$obj.o(Veneer$$Code)
    Long Thumb to Thumb Veneer to llEnqueueCtrlPkt 0x1fff1c2d   Thumb Code    12  anon$$obj.o(Veneer$$Code)
    Long Thumb to Thumb Veneer to set_max_length 0x1fff1c39   Thumb Code    12  anon$$obj.o(Veneer$$Code)
    Long Thumb to Thumb Veneer to drv_irq_init 0x1fff1c45   Thumb Code    12  anon$$obj.o(Veneer$$Code)
    Long Thumb to Thumb Veneer to clk_init   0x1fff1c51   Thumb Code    12  anon$$obj.o(Veneer$$Code)
    Long Thumb to Thumb Veneer to osal_mem_alloc 0x1fff1c5d   Thumb Code    12  anon$$obj.o(Veneer$$Code)
    Long Thumb to Thumb Veneer to osal_memset 0x1fff1c69   Thumb Code    12  anon$$obj.o(Veneer$$Code)
    Long Thumb to Thumb Veneer to ll_hw_set_crc_fmt 0x1fff1c75   Thumb Code    12  anon$$obj.o(Veneer$$Code)
    Long Thumb to Thumb Veneer to ll_hw_ign_rfifo 0x1fff1c81   Thumb Code    12  anon$$obj.o(Veneer$$Code)
    Long Thumb to Thumb Veneer to ll_hw_set_pplus_pktfmt 0x1fff1c8d   Thumb Code    12  anon$$obj.o(Veneer$$Code)
    Long Thumb to Thumb Veneer to ll_hw_set_srx 0x1fff1c99   Thumb Code    12  anon$$obj.o(Veneer$$Code)
    Long Thumb to Thumb Veneer to ll_hw_set_trx_settle 0x1fff1ca5   Thumb Code    12  anon$$obj.o(Veneer$$Code)
    Long Thumb to Thumb Veneer to ll_hw_set_stx 0x1fff1cb1   Thumb Code    12  anon$$obj.o(Veneer$$Code)
    Long Thumb to Thumb Veneer to ll_hw_set_trx 0x1fff1cbd   Thumb Code    12  anon$$obj.o(Veneer$$Code)
    Long Thumb to Thumb Veneer to ll_hw_set_tx_rx_release 0x1fff1cc9   Thumb Code    12  anon$$obj.o(Veneer$$Code)
    Long Thumb to Thumb Veneer to ll_hw_set_rx_tx_interval 0x1fff1cd5   Thumb Code    12  anon$$obj.o(Veneer$$Code)
    Long Thumb to Thumb Veneer to ll_hw_set_tx_rx_interval 0x1fff1ce1   Thumb Code    12  anon$$obj.o(Veneer$$Code)
    Long Thumb to Thumb Veneer to ll_hw_rst_tfifo 0x1fff1ced   Thumb Code    12  anon$$obj.o(Veneer$$Code)
    Long Thumb to Thumb Veneer to ll_hw_rst_rfifo 0x1fff1cf9   Thumb Code    12  anon$$obj.o(Veneer$$Code)
    Long Thumb to Thumb Veneer to ll_hw_tx2rx_timing_config 0x1fff1d05   Thumb Code    12  anon$$obj.o(Veneer$$Code)
    Long Thumb to Thumb Veneer to __ARM_common_switch8 0x1fff1d11   Thumb Code    12  anon$$obj.o(Veneer$$Code)
    Long Thumb to Thumb Veneer to __aeabi_memcpy 0x1fff1d1d   Thumb Code    12  anon$$obj.o(Veneer$$Code)
    Long Thumb to Thumb Veneer to clk_get_pclk 0x1fff1d29   Thumb Code    12  anon$$obj.o(Veneer$$Code)
    Long Thumb to Thumb Veneer to osalTimeUpdate 0x1fff1d35   Thumb Code    12  anon$$obj.o(Veneer$$Code)
    Long Thumb to Thumb Veneer to set_timer  0x1fff1d41   Thumb Code    12  anon$$obj.o(Veneer$$Code)
    Long Thumb to Thumb Veneer to app_wakeup_process 0x1fff1d4d   Thumb Code    12  anon$$obj.o(Veneer$$Code)
    Long Thumb to Thumb Veneer to ll_hw_set_empty_head 0x1fff1d59   Thumb Code    12  anon$$obj.o(Veneer$$Code)
    Long Thumb to Thumb Veneer to ll_hw_set_rx_timeout_1st 0x1fff1d65   Thumb Code    12  anon$$obj.o(Veneer$$Code)
    Long Thumb to Thumb Veneer to ll_hw_set_loop_timeout 0x1fff1d71   Thumb Code    12  anon$$obj.o(Veneer$$Code)
    Long Thumb to Thumb Veneer to ll_hw_set_timing 0x1fff1d7d   Thumb Code    12  anon$$obj.o(Veneer$$Code)
    hal_UART1_IRQHandler                     0x1fff1e67   Thumb Code    52  uart.o(_section_sram_code_)
    hal_UART0_IRQHandler                     0x1fff1e9b   Thumb Code    52  uart.o(_section_sram_code_)
    osal_idle_task                           0x1fff1ee1   Thumb Code    14  pwrmgr.o(_section_sram_code_)
    hal_pwrmgr_enter_sleep_rtc_reset         0x1fff1eef   Thumb Code    42  pwrmgr.o(_section_sram_code_)
    init_config                              0x1fff1f59   Thumb Code   588  patch.o(_section_xip_code_)
    TRNG_INIT                                0x1fff21ed   Thumb Code    34  patch.o(_section_xip_code_)
    TRNG_Rand                                0x1fff220f   Thumb Code   152  patch.o(_section_xip_code_)
    LL_ENC_AES128_Encrypt1                   0x1fff2351   Thumb Code    26  patch.o(i.LL_ENC_AES128_Encrypt1)
    LL_ENC_Decrypt1                          0x1fff236d   Thumb Code   364  patch.o(i.LL_ENC_Decrypt1)
    LL_ENC_Encrypt1                          0x1fff24e5   Thumb Code   342  patch.o(i.LL_ENC_Encrypt1)
    LL_IRQHandler1                           0x1fff2645   Thumb Code   350  patch.o(i.LL_IRQHandler1)
    LL_SetDataLengh1                         0x1fff27c5   Thumb Code    40  patch.o(i.LL_SetDataLengh1)
    LL_set_default_conn_params1              0x1fff27f5   Thumb Code    14  patch.o(i.LL_set_default_conn_params1)
    PLUSPHY_IRQHandler                       0x1fff281d   Thumb Code   250  phy_rf.o(i.PLUSPHY_IRQHandler)
    PhyRf_Init                               0x1fff2929   Thumb Code   278  phy_rf.o(i.PhyRf_Init)
    PhyRf_ProcessEvent                       0x1fff2a69   Thumb Code   286  phy_rf.o(i.PhyRf_ProcessEvent)
    SmartRf_App_Init                         0x1fff2ba5   Thumb Code     6  smart_rf_app.o(i.SmartRf_App_Init)
    SmartRf_App_ProcessEvent                 0x1fff2bb1   Thumb Code    66  smart_rf_app.o(i.SmartRf_App_ProcessEvent)
    SystemInit                               0x1fff2bf9   Thumb Code     8  system_armcm0.o(i.SystemInit)
    __scatterload_copy                       0x1fff2ced   Thumb Code    14  handlers.o(i.__scatterload_copy)
    __scatterload_null                       0x1fff2cfb   Thumb Code     2  handlers.o(i.__scatterload_null)
    __scatterload_zeroinit                   0x1fff2cfd   Thumb Code    14  handlers.o(i.__scatterload_zeroinit)
    __wdt_init                               0x1fff2d0d   Thumb Code    12  patch.o(i.__wdt_init)
    _efuse_chip_version_check                0x1fff2d1d   Thumb Code    26  phy_sec_ext.o(i._efuse_chip_version_check)
    _hard_fault                              0x1fff2d3d   Thumb Code   166  jump_table.o(i._hard_fault)
    _rom_sec_boot_init                       0x1fff2f25   Thumb Code    22  phy_sec_ext.o(i._rom_sec_boot_init)
    app_main                                 0x1fff2fb7   Thumb Code    20  phy_rf.o(i.app_main)
    config_RTC1                              0x1fff3231   Thumb Code   110  patch.o(i.config_RTC1)
    dbg_printf                               0x1fff32c1   Thumb Code    22  my_printf.o(i.dbg_printf)
    dbg_printf_init                          0x1fff32dd   Thumb Code    16  my_printf.o(i.dbg_printf_init)
    efuse_init                               0x1fff32f1   Thumb Code    14  phy_sec_ext.o(i.efuse_init)
    enterSleepProcess1                       0x1fff3309   Thumb Code    34  patch.o(i.enterSleepProcess1)
    finidv                                   0x1fff3335   Thumb Code   126  phy_sec_ext.o(i.finidv)
    hal_GPIO_IRQHandler                      0x1fff33c1   Thumb Code    20  gpio.o(i.hal_GPIO_IRQHandler)
    hal_TIMER5_IRQHandler                    0x1fff33d9   Thumb Code    28  timer.o(i.hal_TIMER5_IRQHandler)
    hal_TIMER6_IRQHandler                    0x1fff33fd   Thumb Code    28  timer.o(i.hal_TIMER6_IRQHandler)
    hal_clk_gate_disable                     0x1fff3469   Thumb Code    52  clock.o(i.hal_clk_gate_disable)
    hal_clk_gate_enable                      0x1fff349d   Thumb Code    52  clock.o(i.hal_clk_gate_enable)
    hal_clk_reset                            0x1fff34d1   Thumb Code   122  clock.o(i.hal_clk_reset)
    hal_flash_read                           0x1fff354d   Thumb Code   164  flash.o(i.hal_flash_read)
    hal_get_flash_info                       0x1fff35fd   Thumb Code   188  flash.o(i.hal_get_flash_info)
    hal_gpio_cfg_analog_io                   0x1fff36c9   Thumb Code    44  gpio.o(i.hal_gpio_cfg_analog_io)
    hal_gpio_fmux                            0x1fff36f9   Thumb Code    22  gpio.o(i.hal_gpio_fmux)
    hal_gpio_fmux_set                        0x1fff3715   Thumb Code    50  gpio.o(i.hal_gpio_fmux_set)
    hal_gpio_init                            0x1fff374d   Thumb Code    70  gpio.o(i.hal_gpio_init)
    hal_gpio_pin2pin3_control                0x1fff37e9   Thumb Code    24  gpio.o(i.hal_gpio_pin2pin3_control)
    hal_gpio_pin_init                        0x1fff3805   Thumb Code    88  gpio.o(i.hal_gpio_pin_init)
    hal_gpio_pull_set                        0x1fff3865   Thumb Code    60  gpio.o(i.hal_gpio_pull_set)
    hal_gpio_read                            0x1fff38a9   Thumb Code    30  gpio.o(i.hal_gpio_read)
    hal_gpio_wakeup_set                      0x1fff3a3d   Thumb Code   104  gpio.o(i.hal_gpio_wakeup_set)
    hal_gpio_write                           0x1fff3ab5   Thumb Code    30  gpio.o(i.hal_gpio_write)
    hal_gpioin_enable                        0x1fff3ad9   Thumb Code    94  gpio.o(i.hal_gpioin_enable)
    hal_gpioretention_register               0x1fff3bc9   Thumb Code    30  gpio.o(i.hal_gpioretention_register)
    hal_pwrmgr_LowCurrentLdo_enable          0x1fff3c59   Thumb Code     4  pwrmgr.o(i.hal_pwrmgr_LowCurrentLdo_enable)
    hal_pwrmgr_RAM_retention                 0x1fff3c5d   Thumb Code    20  pwrmgr.o(i.hal_pwrmgr_RAM_retention)
    hal_pwrmgr_RAM_retention_clr             0x1fff3c75   Thumb Code    16  pwrmgr.o(i.hal_pwrmgr_RAM_retention_clr)
    hal_pwrmgr_RAM_retention_set             0x1fff3c89   Thumb Code    24  pwrmgr.o(i.hal_pwrmgr_RAM_retention_set)
    hal_pwrmgr_init                          0x1fff3ca9   Thumb Code    54  pwrmgr.o(i.hal_pwrmgr_init)
    hal_pwrmgr_lock                          0x1fff3cf5   Thumb Code    80  pwrmgr.o(i.hal_pwrmgr_lock)
    hal_pwrmgr_register                      0x1fff3d4d   Thumb Code    56  pwrmgr.o(i.hal_pwrmgr_register)
    hal_pwrmgr_sleep_process                 0x1fff3d89   Thumb Code    42  pwrmgr.o(i.hal_pwrmgr_sleep_process)
    hal_pwrmgr_unlock                        0x1fff3db9   Thumb Code    94  pwrmgr.o(i.hal_pwrmgr_unlock)
    hal_pwrmgr_wakeup_process                0x1fff3e21   Thumb Code   102  pwrmgr.o(i.hal_pwrmgr_wakeup_process)
    hal_rom_boot_init                        0x1fff3f05   Thumb Code     8  patch.o(i.hal_rom_boot_init)
    hal_rtc_clock_config                     0x1fff3f0d   Thumb Code   118  clock.o(i.hal_rtc_clock_config)
    hal_spif_cache_init                      0x1fff3f91   Thumb Code    26  flash.o(i.hal_spif_cache_init)
    hal_uart_init                            0x1fff3fb5   Thumb Code    88  uart.o(i.hal_uart_init)
    hal_uart_send_buff                       0x1fff4019   Thumb Code    26  uart.o(i.hal_uart_send_buff)
    l2capPocessFragmentTxData                0x1fff40b5   Thumb Code     2  patch.o(i.l2capPocessFragmentTxData)
    llConnTerminate1                         0x1fff40b9   Thumb Code    64  patch.o(i.llConnTerminate1)
    llProcessTxData1                         0x1fff40fd   Thumb Code    12  patch.o(i.llProcessTxData1)
    ll_adptive_adj_next_time1                0x1fff4109   Thumb Code   154  patch.o(i.ll_adptive_adj_next_time1)
    ll_generateTxBuffer1                     0x1fff41c5   Thumb Code   410  patch.o(i.ll_generateTxBuffer1)
    ll_hw_go1                                0x1fff4371   Thumb Code   314  patch.o(i.ll_hw_go1)
    ll_processBasicIRQ_SRX                   0x1fff450d   Thumb Code    20  patch.o(i.ll_processBasicIRQ_SRX)
    ll_processBasicIRQ_ScanTRX               0x1fff4525   Thumb Code    20  patch.o(i.ll_processBasicIRQ_ScanTRX)
    ll_processBasicIRQ_secondaryAdvTRX       0x1fff453d   Thumb Code    20  patch.o(i.ll_processBasicIRQ_secondaryAdvTRX)
    ll_processBasicIRQ_secondaryInitSRX      0x1fff4555   Thumb Code    20  patch.o(i.ll_processBasicIRQ_secondaryInitSRX)
    ll_processBasicIRQ_secondaryScanSRX      0x1fff456d   Thumb Code    20  patch.o(i.ll_processBasicIRQ_secondaryScanSRX)
    main                                     0x1fff47ed   Thumb Code   104  main.o(i.main)
    osalInitTasks                            0x1fff4a21   Thumb Code    38  osal_phyrf.o(i.osalInitTasks)
    phy_hw_go                                0x1fff4a4d   Thumb Code   106  phy_rf.o(i.phy_hw_go)
    phy_hw_pktFmt_Config                     0x1fff4add   Thumb Code    78  phy_rf.o(i.phy_hw_pktFmt_Config)
    phy_hw_set_srx                           0x1fff4b31   Thumb Code    22  phy_rf.o(i.phy_hw_set_srx)
    phy_hw_set_stx                           0x1fff4b47   Thumb Code    18  phy_rf.o(i.phy_hw_set_stx)
    phy_hw_set_trx                           0x1fff4b59   Thumb Code    22  phy_rf.o(i.phy_hw_set_trx)
    phy_hw_stop                              0x1fff4b71   Thumb Code    36  phy_rf.o(i.phy_hw_stop)
    phy_hw_timing_setting                    0x1fff4b99   Thumb Code    34  phy_rf.o(i.phy_hw_timing_setting)
    phy_rf_rx                                0x1fff4bbd   Thumb Code    76  phy_rf.o(i.phy_rf_rx)
    phy_rf_tx                                0x1fff4c11   Thumb Code    98  phy_rf.o(i.phy_rf_tx)
    phy_rx_data_process                      0x1fff4ca5   Thumb Code    38  phy_rf.o(i.phy_rx_data_process)
    phy_set_channel                          0x1fff4cd1   Thumb Code    54  phy_rf.o(i.phy_set_channel)
    phy_tx_buf_updata                        0x1fff4d19   Thumb Code    58  phy_rf.o(i.phy_tx_buf_updata)
    rc32k_calibration                        0x1fff4db9   Thumb Code   112  rf_phy_driver.o(i.rc32k_calibration)
    rc32k_cap_cal                            0x1fff4e2d   Thumb Code    74  patch.o(i.rc32k_cap_cal)
    rf_calibrate1                            0x1fff4e85   Thumb Code    32  rf_phy_driver.o(i.rf_calibrate1)
    rf_phy_ana_cfg                           0x1fff4eb5   Thumb Code   228  rf_phy_driver.o(i.rf_phy_ana_cfg)
    rf_phy_bb_cfg                            0x1fff4fcd   Thumb Code   304  rf_phy_driver.o(i.rf_phy_bb_cfg)
    rf_phy_change_cfg0                       0x1fff5171   Thumb Code   138  rf_phy_driver.o(i.rf_phy_change_cfg0)
    rf_phy_get_pktFoot                       0x1fff5219   Thumb Code    42  rf_phy_driver.o(i.rf_phy_get_pktFoot)
    rf_phy_get_pktFoot_fromPkt               0x1fff5249   Thumb Code    38  rf_phy_driver.o(i.rf_phy_get_pktFoot_fromPkt)
    rf_phy_ini                               0x1fff5271   Thumb Code    42  rf_phy_driver.o(i.rf_phy_ini)
    rf_phy_set_txPower                       0x1fff52ad   Thumb Code   108  rf_phy_driver.o(i.rf_phy_set_txPower)
    rf_rxDcoc_cfg                            0x1fff5321   Thumb Code   236  rf_phy_driver.o(i.rf_rxDcoc_cfg)
    rf_tpCal_gen_cap_arrary                  0x1fff5441   Thumb Code    60  rf_phy_driver.o(i.rf_tpCal_gen_cap_arrary)
    rf_tp_cal                                0x1fff548d   Thumb Code   236  rf_phy_driver.o(i.rf_tp_cal)
    wakeupProcess1                           0x1fff58dd   Thumb Code   392  patch.o(i.wakeupProcess1)
    wakeup_init1                             0x1fff5ab9   Thumb Code   270  patch.o(i.wakeup_init1)
    tasksArr                                 0x1fff5c18   Data           8  osal_phyrf.o(.constdata)
    tasksCnt                                 0x1fff5c20   Data           1  osal_phyrf.o(.constdata)
    c_gpio_index                             0x1fff5c30   Data          23  gpio.o(.constdata)
    c_gpio_pull                              0x1fff5c47   Data          69  gpio.o(.constdata)
    retention_reg                            0x1fff5c8c   Data          46  gpio.o(.constdata)
    Region$$Table$$Base                      0x1fff5d30   Number         0  anon$$obj.o(Region$$Table)
    Region$$Table$$Limit                     0x1fff5d60   Number         0  anon$$obj.o(Region$$Table)
    g_clk32K_config                          0x1fff5d60   Data           1  main.o(.data)
    phyCarrSens                              0x1fff5d64   Data           1  phy_rf.o(.data)
    phyRssi                                  0x1fff5d65   Data           1  phy_rf.o(.data)
    PhyRf_TaskID                             0x1fff5d66   Data           1  phy_rf.o(.data)
    phyFoff                                  0x1fff5d68   Data           2  phy_rf.o(.data)
    advHead                                  0x1fff5d6a   Data           2  phy_rf.o(.data)
    read_time                                0x1fff5d6c   Data           4  phy_rf.o(.data)
    PHY_ISR_entry_time                       0x1fff5d70   Data           4  phy_rf.o(.data)
    tasksEvents                              0x1fff5d88   Data           4  osal_phyrf.o(.data)
    SmartRfApp_TaskID                        0x1fff5d8c   Data           1  smart_rf_app.o(.data)
    s_config_swClk1                          0x1fff5d9c   Data           4  pwrmgr.o(.data)
    s_gpio_wakeup_src_group1                 0x1fff5da4   Data           4  pwrmgr.o(.data)
    s_gpio_wakeup_src_group2                 0x1fff5da8   Data           4  pwrmgr.o(.data)
    g_chipMAddr                              0x1fff5db4   Data           7  flash.o(.data)
    phy_flash                                0x1fff5dc4   Data          12  flash.o(.data)
    trap_c_callback                          0x1fff5dd0   Data           4  jump_table.o(.data)
    SystemCoreClock                          0x1fff5dd4   Data           4  system_armcm0.o(.data)
    CreateConn_Flag                          0x1fff5dd8   Data           1  patch.o(.data)
    g_lastSlaveLatency                       0x1fff5dda   Data           2  patch.o(.data)
    pGlobal_config                           0x1fff5ddc   Data           4  patch.o(.data)
    g_t_llhwgo                               0x1fff5de0   Data           4  patch.o(.data)
    g_xtal16M_tmp                            0x1fff5de4   Data           4  patch.o(.data)
    g_xtal96M_temp                           0x1fff5de8   Data           4  patch.o(.data)
    DLL_enable_num                           0x1fff5dec   Data           4  patch.o(.data)
    tracking_cnt                             0x1fff5df0   Data           4  patch.o(.data)
    sleep_total                              0x1fff5df4   Data           4  patch.o(.data)
    s_company_id                             0x1fff5df8   Data           4  phy_sec_ext.o(.data)
    g_ota_sec_key_valid                      0x1fff5dfc   Data           1  phy_sec_ext.o(.data)
    pwroff_register_number                   0x1fff5dfe   Data           1  pwrmgr.o(_section_standby_code_)
    s_pwroff_cfg                             0x1fff5e00   Data          12  pwrmgr.o(_section_standby_code_)
    g_largeHeap                              0x1fff5e0c   Data        1024  main.o(.bss)
    phyBufRx                                 0x1fff620c   Data         256  phy_rf.o(.bss)
    phyBufTx                                 0x1fff630c   Data         256  phy_rf.o(.bss)
    adv_buffer                               0x1fff640c   Data          32  phy_rf.o(.bss)
    g_ota_sec_key                            0x1fff6654   Data          16  phy_sec_ext.o(.bss)
    __initial_sp                             0x1fff6a68   Data           0  startup_armcm0.o(STACK)



==============================================================================

Memory Map of the image

  Image Entry point : 0x1fff1841

  Load Region LR_IROM1 (Base: 0x1fff1838, Size: 0x000045d4, Max: 0x00006000, ABSOLUTE)

    Execution Region ER_IROM1 (Exec base: 0x1fff1838, Load base: 0x1fff1838, Size: 0x00005230, Max: 0x00006000, ABSOLUTE)

    Exec Addr    Load Addr    Size         Type   Attr      Idx    E Section Name        Object

    0x1fff1838   0x1fff1838   0x00000008   Data   RO         1328    RESET               startup_armcm0.o
    0x1fff1840   0x1fff1840   0x00000000   Code   RO         1655  * .ARM.Collect$$$$00000000  mc_p.l(entry.o)
    0x1fff1840   0x1fff1840   0x00000004   Code   RO         1658    .ARM.Collect$$$$00000001  mc_p.l(entry2.o)
    0x1fff1844   0x1fff1844   0x00000004   Code   RO         1661    .ARM.Collect$$$$00000004  mc_p.l(entry5.o)
    0x1fff1848   0x1fff1848   0x00000000   Code   RO         1663    .ARM.Collect$$$$00000008  mc_p.l(entry7b.o)
    0x1fff1848   0x1fff1848   0x00000000   Code   RO         1665    .ARM.Collect$$$$0000000A  mc_p.l(entry8b.o)
    0x1fff1848   0x1fff1848   0x00000008   Code   RO         1666    .ARM.Collect$$$$0000000B  mc_p.l(entry9a.o)
    0x1fff1850   0x1fff1850   0x00000004   Code   RO         1673    .ARM.Collect$$$$0000000E  mc_p.l(entry12b.o)
    0x1fff1854   0x1fff1854   0x00000000   Code   RO         1668    .ARM.Collect$$$$0000000F  mc_p.l(entry10a.o)
    0x1fff1854   0x1fff1854   0x00000000   Code   RO         1670    .ARM.Collect$$$$00000011  mc_p.l(entry11a.o)
    0x1fff1854   0x1fff1854   0x00000004   Code   RO         1659    .ARM.Collect$$$$00002712  mc_p.l(entry2.o)
    0x1fff1858   0x1fff1858   0x00000030   Code   RO         1295    .emb_text           jump_table.o
    0x1fff1888   0x1fff1888   0x00000014   Code   RO         1329    .text               startup_armcm0.o
    0x1fff189c   0x1fff189c   0x00000024   Code   RO         1674    .text               mc_p.l(init.o)
    0x1fff18c0   0x1fff18c0   0x0000003a   Code   RO         1684    .text               mc_p.l(__dczerorl.o)
    0x1fff18fa   0x1fff18fa   0x00000002   PAD
    0x1fff18fc   0x1fff18fc   0x0000000c   Ven    RO         1686    Veneer$$Code        anon$$obj.o
    0x1fff1908   0x1fff1908   0x0000000c   Ven    RO         1687    Veneer$$Code        anon$$obj.o
    0x1fff1914   0x1fff1914   0x0000000c   Ven    RO         1688    Veneer$$Code        anon$$obj.o
    0x1fff1920   0x1fff1920   0x0000000c   Ven    RO         1689    Veneer$$Code        anon$$obj.o
    0x1fff192c   0x1fff192c   0x0000000c   Ven    RO         1690    Veneer$$Code        anon$$obj.o
    0x1fff1938   0x1fff1938   0x0000000c   Ven    RO         1691    Veneer$$Code        anon$$obj.o
    0x1fff1944   0x1fff1944   0x0000000c   Ven    RO         1692    Veneer$$Code        anon$$obj.o
    0x1fff1950   0x1fff1950   0x0000000c   Ven    RO         1693    Veneer$$Code        anon$$obj.o
    0x1fff195c   0x1fff195c   0x0000000c   Ven    RO         1694    Veneer$$Code        anon$$obj.o
    0x1fff1968   0x1fff1968   0x0000000c   Ven    RO         1695    Veneer$$Code        anon$$obj.o
    0x1fff1974   0x1fff1974   0x0000000c   Ven    RO         1696    Veneer$$Code        anon$$obj.o
    0x1fff1980   0x1fff1980   0x0000000c   Ven    RO         1697    Veneer$$Code        anon$$obj.o
    0x1fff198c   0x1fff198c   0x0000000c   Ven    RO         1698    Veneer$$Code        anon$$obj.o
    0x1fff1998   0x1fff1998   0x0000000c   Ven    RO         1699    Veneer$$Code        anon$$obj.o
    0x1fff19a4   0x1fff19a4   0x0000000c   Ven    RO         1700    Veneer$$Code        anon$$obj.o
    0x1fff19b0   0x1fff19b0   0x0000000c   Ven    RO         1701    Veneer$$Code        anon$$obj.o
    0x1fff19bc   0x1fff19bc   0x0000000c   Ven    RO         1702    Veneer$$Code        anon$$obj.o
    0x1fff19c8   0x1fff19c8   0x0000000c   Ven    RO         1703    Veneer$$Code        anon$$obj.o
    0x1fff19d4   0x1fff19d4   0x0000000c   Ven    RO         1704    Veneer$$Code        anon$$obj.o
    0x1fff19e0   0x1fff19e0   0x0000000c   Ven    RO         1705    Veneer$$Code        anon$$obj.o
    0x1fff19ec   0x1fff19ec   0x0000000c   Ven    RO         1706    Veneer$$Code        anon$$obj.o
    0x1fff19f8   0x1fff19f8   0x0000000c   Ven    RO         1707    Veneer$$Code        anon$$obj.o
    0x1fff1a04   0x1fff1a04   0x0000000c   Ven    RO         1708    Veneer$$Code        anon$$obj.o
    0x1fff1a10   0x1fff1a10   0x0000000c   Ven    RO         1709    Veneer$$Code        anon$$obj.o
    0x1fff1a1c   0x1fff1a1c   0x0000000c   Ven    RO         1710    Veneer$$Code        anon$$obj.o
    0x1fff1a28   0x1fff1a28   0x0000000c   Ven    RO         1711    Veneer$$Code        anon$$obj.o
    0x1fff1a34   0x1fff1a34   0x0000000c   Ven    RO         1712    Veneer$$Code        anon$$obj.o
    0x1fff1a40   0x1fff1a40   0x0000000c   Ven    RO         1713    Veneer$$Code        anon$$obj.o
    0x1fff1a4c   0x1fff1a4c   0x0000000c   Ven    RO         1714    Veneer$$Code        anon$$obj.o
    0x1fff1a58   0x1fff1a58   0x0000000c   Ven    RO         1715    Veneer$$Code        anon$$obj.o
    0x1fff1a64   0x1fff1a64   0x0000000c   Ven    RO         1716    Veneer$$Code        anon$$obj.o
    0x1fff1a70   0x1fff1a70   0x0000000c   Ven    RO         1717    Veneer$$Code        anon$$obj.o
    0x1fff1a7c   0x1fff1a7c   0x0000000c   Ven    RO         1718    Veneer$$Code        anon$$obj.o
    0x1fff1a88   0x1fff1a88   0x0000000c   Ven    RO         1719    Veneer$$Code        anon$$obj.o
    0x1fff1a94   0x1fff1a94   0x0000000c   Ven    RO         1720    Veneer$$Code        anon$$obj.o
    0x1fff1aa0   0x1fff1aa0   0x0000000c   Ven    RO         1721    Veneer$$Code        anon$$obj.o
    0x1fff1aac   0x1fff1aac   0x0000000c   Ven    RO         1722    Veneer$$Code        anon$$obj.o
    0x1fff1ab8   0x1fff1ab8   0x0000000c   Ven    RO         1723    Veneer$$Code        anon$$obj.o
    0x1fff1ac4   0x1fff1ac4   0x0000000c   Ven    RO         1724    Veneer$$Code        anon$$obj.o
    0x1fff1ad0   0x1fff1ad0   0x0000000c   Ven    RO         1725    Veneer$$Code        anon$$obj.o
    0x1fff1adc   0x1fff1adc   0x0000000c   Ven    RO         1726    Veneer$$Code        anon$$obj.o
    0x1fff1ae8   0x1fff1ae8   0x0000000c   Ven    RO         1727    Veneer$$Code        anon$$obj.o
    0x1fff1af4   0x1fff1af4   0x0000000c   Ven    RO         1728    Veneer$$Code        anon$$obj.o
    0x1fff1b00   0x1fff1b00   0x0000000c   Ven    RO         1729    Veneer$$Code        anon$$obj.o
    0x1fff1b0c   0x1fff1b0c   0x0000000c   Ven    RO         1730    Veneer$$Code        anon$$obj.o
    0x1fff1b18   0x1fff1b18   0x0000000c   Ven    RO         1731    Veneer$$Code        anon$$obj.o
    0x1fff1b24   0x1fff1b24   0x0000000c   Ven    RO         1732    Veneer$$Code        anon$$obj.o
    0x1fff1b30   0x1fff1b30   0x0000000c   Ven    RO         1733    Veneer$$Code        anon$$obj.o
    0x1fff1b3c   0x1fff1b3c   0x0000000c   Ven    RO         1734    Veneer$$Code        anon$$obj.o
    0x1fff1b48   0x1fff1b48   0x0000000c   Ven    RO         1735    Veneer$$Code        anon$$obj.o
    0x1fff1b54   0x1fff1b54   0x0000000c   Ven    RO         1736    Veneer$$Code        anon$$obj.o
    0x1fff1b60   0x1fff1b60   0x0000000c   Ven    RO         1737    Veneer$$Code        anon$$obj.o
    0x1fff1b6c   0x1fff1b6c   0x0000000c   Ven    RO         1738    Veneer$$Code        anon$$obj.o
    0x1fff1b78   0x1fff1b78   0x0000000c   Ven    RO         1739    Veneer$$Code        anon$$obj.o
    0x1fff1b84   0x1fff1b84   0x0000000c   Ven    RO         1740    Veneer$$Code        anon$$obj.o
    0x1fff1b90   0x1fff1b90   0x0000000c   Ven    RO         1741    Veneer$$Code        anon$$obj.o
    0x1fff1b9c   0x1fff1b9c   0x0000000c   Ven    RO         1742    Veneer$$Code        anon$$obj.o
    0x1fff1ba8   0x1fff1ba8   0x0000000c   Ven    RO         1743    Veneer$$Code        anon$$obj.o
    0x1fff1bb4   0x1fff1bb4   0x0000000c   Ven    RO         1744    Veneer$$Code        anon$$obj.o
    0x1fff1bc0   0x1fff1bc0   0x0000000c   Ven    RO         1745    Veneer$$Code        anon$$obj.o
    0x1fff1bcc   0x1fff1bcc   0x0000000c   Ven    RO         1746    Veneer$$Code        anon$$obj.o
    0x1fff1bd8   0x1fff1bd8   0x0000000c   Ven    RO         1747    Veneer$$Code        anon$$obj.o
    0x1fff1be4   0x1fff1be4   0x0000000c   Ven    RO         1748    Veneer$$Code        anon$$obj.o
    0x1fff1bf0   0x1fff1bf0   0x0000000c   Ven    RO         1749    Veneer$$Code        anon$$obj.o
    0x1fff1bfc   0x1fff1bfc   0x0000000c   Ven    RO         1750    Veneer$$Code        anon$$obj.o
    0x1fff1c08   0x1fff1c08   0x0000000c   Ven    RO         1751    Veneer$$Code        anon$$obj.o
    0x1fff1c14   0x1fff1c14   0x0000000c   Ven    RO         1752    Veneer$$Code        anon$$obj.o
    0x1fff1c20   0x1fff1c20   0x0000000c   Ven    RO         1753    Veneer$$Code        anon$$obj.o
    0x1fff1c2c   0x1fff1c2c   0x0000000c   Ven    RO         1754    Veneer$$Code        anon$$obj.o
    0x1fff1c38   0x1fff1c38   0x0000000c   Ven    RO         1755    Veneer$$Code        anon$$obj.o
    0x1fff1c44   0x1fff1c44   0x0000000c   Ven    RO         1756    Veneer$$Code        anon$$obj.o
    0x1fff1c50   0x1fff1c50   0x0000000c   Ven    RO         1757    Veneer$$Code        anon$$obj.o
    0x1fff1c5c   0x1fff1c5c   0x0000000c   Ven    RO         1758    Veneer$$Code        anon$$obj.o
    0x1fff1c68   0x1fff1c68   0x0000000c   Ven    RO         1759    Veneer$$Code        anon$$obj.o
    0x1fff1c74   0x1fff1c74   0x0000000c   Ven    RO         1760    Veneer$$Code        anon$$obj.o
    0x1fff1c80   0x1fff1c80   0x0000000c   Ven    RO         1761    Veneer$$Code        anon$$obj.o
    0x1fff1c8c   0x1fff1c8c   0x0000000c   Ven    RO         1762    Veneer$$Code        anon$$obj.o
    0x1fff1c98   0x1fff1c98   0x0000000c   Ven    RO         1763    Veneer$$Code        anon$$obj.o
    0x1fff1ca4   0x1fff1ca4   0x0000000c   Ven    RO         1764    Veneer$$Code        anon$$obj.o
    0x1fff1cb0   0x1fff1cb0   0x0000000c   Ven    RO         1765    Veneer$$Code        anon$$obj.o
    0x1fff1cbc   0x1fff1cbc   0x0000000c   Ven    RO         1766    Veneer$$Code        anon$$obj.o
    0x1fff1cc8   0x1fff1cc8   0x0000000c   Ven    RO         1767    Veneer$$Code        anon$$obj.o
    0x1fff1cd4   0x1fff1cd4   0x0000000c   Ven    RO         1768    Veneer$$Code        anon$$obj.o
    0x1fff1ce0   0x1fff1ce0   0x0000000c   Ven    RO         1769    Veneer$$Code        anon$$obj.o
    0x1fff1cec   0x1fff1cec   0x0000000c   Ven    RO         1770    Veneer$$Code        anon$$obj.o
    0x1fff1cf8   0x1fff1cf8   0x0000000c   Ven    RO         1771    Veneer$$Code        anon$$obj.o
    0x1fff1d04   0x1fff1d04   0x0000000c   Ven    RO         1772    Veneer$$Code        anon$$obj.o
    0x1fff1d10   0x1fff1d10   0x0000000c   Ven    RO         1773    Veneer$$Code        anon$$obj.o
    0x1fff1d1c   0x1fff1d1c   0x0000000c   Ven    RO         1774    Veneer$$Code        anon$$obj.o
    0x1fff1d28   0x1fff1d28   0x0000000c   Ven    RO         1775    Veneer$$Code        anon$$obj.o
    0x1fff1d34   0x1fff1d34   0x0000000c   Ven    RO         1776    Veneer$$Code        anon$$obj.o
    0x1fff1d40   0x1fff1d40   0x0000000c   Ven    RO         1777    Veneer$$Code        anon$$obj.o
    0x1fff1d4c   0x1fff1d4c   0x0000000c   Ven    RO         1778    Veneer$$Code        anon$$obj.o
    0x1fff1d58   0x1fff1d58   0x0000000c   Ven    RO         1779    Veneer$$Code        anon$$obj.o
    0x1fff1d64   0x1fff1d64   0x0000000c   Ven    RO         1780    Veneer$$Code        anon$$obj.o
    0x1fff1d70   0x1fff1d70   0x0000000c   Ven    RO         1781    Veneer$$Code        anon$$obj.o
    0x1fff1d7c   0x1fff1d7c   0x0000000c   Ven    RO         1782    Veneer$$Code        anon$$obj.o
    0x1fff1d88   0x1fff1d88   0x00000158   Code   RO          383    _section_sram_code_  uart.o
    0x1fff1ee0   0x1fff1ee0   0x00000040   Code   RO          891    _section_sram_code_  pwrmgr.o
    0x1fff1f20   0x1fff1f20   0x00000038   Code   RO         1075    _section_sram_code_  flash.o
    0x1fff1f58   0x1fff1f58   0x000003f8   Code   RO         1373    _section_xip_code_  rf.lib(patch.o)
    0x1fff2350   0x1fff2350   0x0000001a   Code   RO         1380    i.LL_ENC_AES128_Encrypt1  rf.lib(patch.o)
    0x1fff236a   0x1fff236a   0x00000002   PAD
    0x1fff236c   0x1fff236c   0x00000178   Code   RO         1381    i.LL_ENC_Decrypt1   rf.lib(patch.o)
    0x1fff24e4   0x1fff24e4   0x00000160   Code   RO         1382    i.LL_ENC_Encrypt1   rf.lib(patch.o)
    0x1fff2644   0x1fff2644   0x00000180   Code   RO         1385    i.LL_IRQHandler1    rf.lib(patch.o)
    0x1fff27c4   0x1fff27c4   0x00000030   Code   RO         1392    i.LL_SetDataLengh1  rf.lib(patch.o)
    0x1fff27f4   0x1fff27f4   0x00000014   Code   RO         1396    i.LL_set_default_conn_params1  rf.lib(patch.o)
    0x1fff2808   0x1fff2808   0x00000014   Code   RO         1398    i.NVIC_EnableIRQ    rf.lib(patch.o)
    0x1fff281c   0x1fff281c   0x0000010c   Code   RO          169    i.PLUSPHY_IRQHandler  phy_rf.o
    0x1fff2928   0x1fff2928   0x00000140   Code   RO          170    i.PhyRf_Init        phy_rf.o
    0x1fff2a68   0x1fff2a68   0x0000013c   Code   RO          171    i.PhyRf_ProcessEvent  phy_rf.o
    0x1fff2ba4   0x1fff2ba4   0x0000000c   Code   RO          327    i.SmartRf_App_Init  smart_rf_app.o
    0x1fff2bb0   0x1fff2bb0   0x00000048   Code   RO          328    i.SmartRf_App_ProcessEvent  smart_rf_app.o
    0x1fff2bf8   0x1fff2bf8   0x00000010   Code   RO         1336    i.SystemInit        system_armcm0.o
    0x1fff2c08   0x1fff2c08   0x00000018   Code   RO          601    i.__NVIC_EnableIRQ  gpio.o
    0x1fff2c20   0x1fff2c20   0x00000044   Code   RO            3    i.__NVIC_SetPriority  main.o
    0x1fff2c64   0x1fff2c64   0x00000044   Code   RO          602    i.__NVIC_SetPriority  gpio.o
    0x1fff2ca8   0x1fff2ca8   0x00000044   Code   RO          893    i.__NVIC_SetPriority  pwrmgr.o
    0x1fff2cec   0x1fff2cec   0x0000000e   Code   RO         1678    i.__scatterload_copy  mc_p.l(handlers.o)
    0x1fff2cfa   0x1fff2cfa   0x00000002   Code   RO         1679    i.__scatterload_null  mc_p.l(handlers.o)
    0x1fff2cfc   0x1fff2cfc   0x0000000e   Code   RO         1680    i.__scatterload_zeroinit  mc_p.l(handlers.o)
    0x1fff2d0a   0x1fff2d0a   0x00000002   PAD
    0x1fff2d0c   0x1fff2d0c   0x00000010   Code   RO         1399    i.__wdt_init        rf.lib(patch.o)
    0x1fff2d1c   0x1fff2d1c   0x00000020   Code   RO         1598    i._efuse_chip_version_check  rf.lib(phy_sec_ext.o)
    0x1fff2d3c   0x1fff2d3c   0x000001e8   Code   RO         1296    i._hard_fault       jump_table.o
    0x1fff2f24   0x1fff2f24   0x0000001c   Code   RO         1599    i._rom_sec_boot_init  rf.lib(phy_sec_ext.o)
    0x1fff2f40   0x1fff2f40   0x00000068   Code   RO         1077    i._spif_wait_nobusy_x  flash.o
    0x1fff2fa8   0x1fff2fa8   0x0000000e   Code   RO         1016    i._uart_putc        my_printf.o
    0x1fff2fb6   0x1fff2fb6   0x00000014   Code   RO          172    i.app_main          phy_rf.o
    0x1fff2fca   0x1fff2fca   0x00000002   PAD
    0x1fff2fcc   0x1fff2fcc   0x00000154   Code   RO         1400    i.check_16MXtal_by_rcTracking  rf.lib(patch.o)
    0x1fff3120   0x1fff3120   0x00000110   Code   RO         1401    i.check_96MXtal_by_rcTracking  rf.lib(patch.o)
    0x1fff3230   0x1fff3230   0x00000090   Code   RO         1403    i.config_RTC1       rf.lib(patch.o)
    0x1fff32c0   0x1fff32c0   0x0000001c   Code   RO         1017    i.dbg_printf        my_printf.o
    0x1fff32dc   0x1fff32dc   0x00000014   Code   RO         1018    i.dbg_printf_init   my_printf.o
    0x1fff32f0   0x1fff32f0   0x00000018   Code   RO         1600    i.efuse_init        rf.lib(phy_sec_ext.o)
    0x1fff3308   0x1fff3308   0x0000002c   Code   RO         1405    i.enterSleepProcess1  rf.lib(patch.o)
    0x1fff3334   0x1fff3334   0x0000008c   Code   RO         1601    i.finidv            rf.lib(phy_sec_ext.o)
    0x1fff33c0   0x1fff33c0   0x00000018   Code   RO          603    i.hal_GPIO_IRQHandler  gpio.o
    0x1fff33d8   0x1fff33d8   0x00000024   Code   RO          795    i.hal_TIMER5_IRQHandler  timer.o
    0x1fff33fc   0x1fff33fc   0x00000024   Code   RO          796    i.hal_TIMER6_IRQHandler  timer.o
    0x1fff3420   0x1fff3420   0x00000048   Code   RO         1080    i.hal_cache_tag_flush  flash.o
    0x1fff3468   0x1fff3468   0x00000034   Code   RO          517    i.hal_clk_gate_disable  clock.o
    0x1fff349c   0x1fff349c   0x00000034   Code   RO          518    i.hal_clk_gate_enable  clock.o
    0x1fff34d0   0x1fff34d0   0x0000007a   Code   RO          521    i.hal_clk_reset     clock.o
    0x1fff354a   0x1fff354a   0x00000002   PAD
    0x1fff354c   0x1fff354c   0x000000b0   Code   RO         1084    i.hal_flash_read    flash.o
    0x1fff35fc   0x1fff35fc   0x000000cc   Code   RO         1087    i.hal_get_flash_info  flash.o
    0x1fff36c8   0x1fff36c8   0x00000030   Code   RO          604    i.hal_gpio_cfg_analog_io  gpio.o
    0x1fff36f8   0x1fff36f8   0x0000001c   Code   RO          608    i.hal_gpio_fmux     gpio.o
    0x1fff3714   0x1fff3714   0x00000038   Code   RO          609    i.hal_gpio_fmux_set  gpio.o
    0x1fff374c   0x1fff374c   0x0000005c   Code   RO          610    i.hal_gpio_init     gpio.o
    0x1fff37a8   0x1fff37a8   0x00000040   Code   RO          611    i.hal_gpio_interrupt_enable  gpio.o
    0x1fff37e8   0x1fff37e8   0x0000001c   Code   RO          612    i.hal_gpio_pin2pin3_control  gpio.o
    0x1fff3804   0x1fff3804   0x00000060   Code   RO          613    i.hal_gpio_pin_init  gpio.o
    0x1fff3864   0x1fff3864   0x00000044   Code   RO          614    i.hal_gpio_pull_set  gpio.o
    0x1fff38a8   0x1fff38a8   0x00000024   Code   RO          615    i.hal_gpio_read     gpio.o
    0x1fff38cc   0x1fff38cc   0x0000005c   Code   RO          616    i.hal_gpio_retention_enable  gpio.o
    0x1fff3928   0x1fff3928   0x00000048   Code   RO          617    i.hal_gpio_sleep_handler  gpio.o
    0x1fff3970   0x1fff3970   0x00000044   Code   RO          618    i.hal_gpio_wakeup_control  gpio.o
    0x1fff39b4   0x1fff39b4   0x00000088   Code   RO          619    i.hal_gpio_wakeup_handler  gpio.o
    0x1fff3a3c   0x1fff3a3c   0x00000078   Code   RO          620    i.hal_gpio_wakeup_set  gpio.o
    0x1fff3ab4   0x1fff3ab4   0x00000024   Code   RO          621    i.hal_gpio_write    gpio.o
    0x1fff3ad8   0x1fff3ad8   0x00000064   Code   RO          623    i.hal_gpioin_enable  gpio.o
    0x1fff3b3c   0x1fff3b3c   0x00000068   Code   RO          624    i.hal_gpioin_event  gpio.o
    0x1fff3ba4   0x1fff3ba4   0x00000024   Code   RO          625    i.hal_gpioin_event_pin  gpio.o
    0x1fff3bc8   0x1fff3bc8   0x00000024   Code   RO          629    i.hal_gpioretention_register  gpio.o
    0x1fff3bec   0x1fff3bec   0x0000006c   Code   RO            4    i.hal_low_power_io_init  main.o
    0x1fff3c58   0x1fff3c58   0x00000004   Code   RO          895    i.hal_pwrmgr_LowCurrentLdo_enable  pwrmgr.o
    0x1fff3c5c   0x1fff3c5c   0x00000018   Code   RO          896    i.hal_pwrmgr_RAM_retention  pwrmgr.o
    0x1fff3c74   0x1fff3c74   0x00000014   Code   RO          897    i.hal_pwrmgr_RAM_retention_clr  pwrmgr.o
    0x1fff3c88   0x1fff3c88   0x00000020   Code   RO          898    i.hal_pwrmgr_RAM_retention_set  pwrmgr.o
    0x1fff3ca8   0x1fff3ca8   0x0000004c   Code   RO          900    i.hal_pwrmgr_init   pwrmgr.o
    0x1fff3cf4   0x1fff3cf4   0x00000058   Code   RO          902    i.hal_pwrmgr_lock   pwrmgr.o
    0x1fff3d4c   0x1fff3d4c   0x0000003c   Code   RO          904    i.hal_pwrmgr_register  pwrmgr.o
    0x1fff3d88   0x1fff3d88   0x00000030   Code   RO          905    i.hal_pwrmgr_sleep_process  pwrmgr.o
    0x1fff3db8   0x1fff3db8   0x00000068   Code   RO          906    i.hal_pwrmgr_unlock  pwrmgr.o
    0x1fff3e20   0x1fff3e20   0x00000074   Code   RO          908    i.hal_pwrmgr_wakeup_process  pwrmgr.o
    0x1fff3e94   0x1fff3e94   0x00000070   Code   RO            5    i.hal_rfphy_init    main.o
    0x1fff3f04   0x1fff3f04   0x00000008   Code   RO         1407    i.hal_rom_boot_init  rf.lib(patch.o)
    0x1fff3f0c   0x1fff3f0c   0x00000084   Code   RO          523    i.hal_rtc_clock_config  clock.o
    0x1fff3f90   0x1fff3f90   0x00000024   Code   RO         1088    i.hal_spif_cache_init  flash.o
    0x1fff3fb4   0x1fff3fb4   0x00000064   Code   RO          386    i.hal_uart_init     uart.o
    0x1fff4018   0x1fff4018   0x00000020   Code   RO          387    i.hal_uart_send_buff  uart.o
    0x1fff4038   0x1fff4038   0x0000007c   Code   RO         1089    i.hw_spif_cache_config  flash.o
    0x1fff40b4   0x1fff40b4   0x00000002   Code   RO         1408    i.l2capPocessFragmentTxData  rf.lib(patch.o)
    0x1fff40b6   0x1fff40b6   0x00000002   PAD
    0x1fff40b8   0x1fff40b8   0x00000044   Code   RO         1411    i.llConnTerminate1  rf.lib(patch.o)
    0x1fff40fc   0x1fff40fc   0x0000000c   Code   RO         1415    i.llProcessTxData1  rf.lib(patch.o)
    0x1fff4108   0x1fff4108   0x000000bc   Code   RO         1421    i.ll_adptive_adj_next_time1  rf.lib(patch.o)
    0x1fff41c4   0x1fff41c4   0x000001ac   Code   RO         1422    i.ll_generateTxBuffer1  rf.lib(patch.o)
    0x1fff4370   0x1fff4370   0x0000019c   Code   RO         1423    i.ll_hw_go1         rf.lib(patch.o)
    0x1fff450c   0x1fff450c   0x00000018   Code   RO         1428    i.ll_processBasicIRQ_SRX  rf.lib(patch.o)
    0x1fff4524   0x1fff4524   0x00000018   Code   RO         1430    i.ll_processBasicIRQ_ScanTRX  rf.lib(patch.o)
    0x1fff453c   0x1fff453c   0x00000018   Code   RO         1432    i.ll_processBasicIRQ_secondaryAdvTRX  rf.lib(patch.o)
    0x1fff4554   0x1fff4554   0x00000018   Code   RO         1434    i.ll_processBasicIRQ_secondaryInitSRX  rf.lib(patch.o)
    0x1fff456c   0x1fff456c   0x00000018   Code   RO         1436    i.ll_processBasicIRQ_secondaryScanSRX  rf.lib(patch.o)
    0x1fff4584   0x1fff4584   0x00000268   Code   RO         1019    i.log_vsprintf      my_printf.o
    0x1fff47ec   0x1fff47ec   0x000000cc   Code   RO            6    i.main              main.o
    0x1fff48b8   0x1fff48b8   0x00000168   Code   RO         1021    i.number            my_printf.o
    0x1fff4a20   0x1fff4a20   0x0000002c   Code   RO          301    i.osalInitTasks     osal_phyrf.o
    0x1fff4a4c   0x1fff4a4c   0x00000090   Code   RO          173    i.phy_hw_go         phy_rf.o
    0x1fff4adc   0x1fff4adc   0x00000054   Code   RO          174    i.phy_hw_pktFmt_Config  phy_rf.o
    0x1fff4b30   0x1fff4b30   0x00000016   Code   RO          175    i.phy_hw_set_srx    phy_rf.o
    0x1fff4b46   0x1fff4b46   0x00000012   Code   RO          176    i.phy_hw_set_stx    phy_rf.o
    0x1fff4b58   0x1fff4b58   0x00000016   Code   RO          177    i.phy_hw_set_trx    phy_rf.o
    0x1fff4b6e   0x1fff4b6e   0x00000002   PAD
    0x1fff4b70   0x1fff4b70   0x00000028   Code   RO          178    i.phy_hw_stop       phy_rf.o
    0x1fff4b98   0x1fff4b98   0x00000022   Code   RO          179    i.phy_hw_timing_setting  phy_rf.o
    0x1fff4bba   0x1fff4bba   0x00000002   PAD
    0x1fff4bbc   0x1fff4bbc   0x00000054   Code   RO          180    i.phy_rf_rx         phy_rf.o
    0x1fff4c10   0x1fff4c10   0x00000070   Code   RO          181    i.phy_rf_tx         phy_rf.o
    0x1fff4c80   0x1fff4c80   0x00000024   Code   RO          182    i.phy_rx_data_check  phy_rf.o
    0x1fff4ca4   0x1fff4ca4   0x0000002c   Code   RO          183    i.phy_rx_data_process  phy_rf.o
    0x1fff4cd0   0x1fff4cd0   0x00000048   Code   RO          184    i.phy_set_channel   phy_rf.o
    0x1fff4d18   0x1fff4d18   0x00000040   Code   RO          185    i.phy_tx_buf_updata  phy_rf.o
    0x1fff4d58   0x1fff4d58   0x00000060   Code   RO          186    i.process_rx_done_evt  phy_rf.o
    0x1fff4db8   0x1fff4db8   0x00000074   Code   RO         1535    i.rc32k_calibration  rf.lib(rf_phy_driver.o)
    0x1fff4e2c   0x1fff4e2c   0x00000058   Code   RO         1442    i.rc32k_cap_cal     rf.lib(patch.o)
    0x1fff4e84   0x1fff4e84   0x00000030   Code   RO         1536    i.rf_calibrate1     rf.lib(rf_phy_driver.o)
    0x1fff4eb4   0x1fff4eb4   0x00000118   Code   RO         1537    i.rf_phy_ana_cfg    rf.lib(rf_phy_driver.o)
    0x1fff4fcc   0x1fff4fcc   0x000001a4   Code   RO         1538    i.rf_phy_bb_cfg     rf.lib(rf_phy_driver.o)
    0x1fff5170   0x1fff5170   0x000000a8   Code   RO         1539    i.rf_phy_change_cfg0  rf.lib(rf_phy_driver.o)
    0x1fff5218   0x1fff5218   0x00000030   Code   RO         1553    i.rf_phy_get_pktFoot  rf.lib(rf_phy_driver.o)
    0x1fff5248   0x1fff5248   0x00000026   Code   RO         1554    i.rf_phy_get_pktFoot_fromPkt  rf.lib(rf_phy_driver.o)
    0x1fff526e   0x1fff526e   0x00000002   PAD
    0x1fff5270   0x1fff5270   0x0000003c   Code   RO         1555    i.rf_phy_ini        rf.lib(rf_phy_driver.o)
    0x1fff52ac   0x1fff52ac   0x00000074   Code   RO         1556    i.rf_phy_set_txPower  rf.lib(rf_phy_driver.o)
    0x1fff5320   0x1fff5320   0x00000120   Code   RO         1557    i.rf_rxDcoc_cfg     rf.lib(rf_phy_driver.o)
    0x1fff5440   0x1fff5440   0x0000004c   Code   RO         1560    i.rf_tpCal_gen_cap_arrary  rf.lib(rf_phy_driver.o)
    0x1fff548c   0x1fff548c   0x0000011c   Code   RO         1561    i.rf_tp_cal         rf.lib(rf_phy_driver.o)
    0x1fff55a8   0x1fff55a8   0x00000020   Code   RO         1022    i.skip_atoi         my_printf.o
    0x1fff55c8   0x1fff55c8   0x0000006c   Code   RO          390    i.txmit_buf_polling  uart.o
    0x1fff5634   0x1fff5634   0x000000bc   Code   RO          391    i.txmit_buf_use_tx_buf  uart.o
    0x1fff56f0   0x1fff56f0   0x00000080   Code   RO          392    i.uart_hw_deinit    uart.o
    0x1fff5770   0x1fff5770   0x00000158   Code   RO          393    i.uart_hw_init      uart.o
    0x1fff58c8   0x1fff58c8   0x0000000a   Code   RO          394    i.uart_wakeup_process_0  uart.o
    0x1fff58d2   0x1fff58d2   0x0000000a   Code   RO          395    i.uart_wakeup_process_1  uart.o
    0x1fff58dc   0x1fff58dc   0x000001dc   Code   RO         1445    i.wakeupProcess1    rf.lib(patch.o)
    0x1fff5ab8   0x1fff5ab8   0x00000140   Code   RO         1446    i.wakeup_init1      rf.lib(patch.o)
    0x1fff5bf8   0x1fff5bf8   0x0000001e   Data   RO            8    .constdata          main.o
    0x1fff5c16   0x1fff5c16   0x00000002   PAD
    0x1fff5c18   0x1fff5c18   0x00000008   Data   RO          302    .constdata          osal_phyrf.o
    0x1fff5c20   0x1fff5c20   0x00000001   Data   RO          303    .constdata          osal_phyrf.o
    0x1fff5c21   0x1fff5c21   0x00000003   PAD
    0x1fff5c24   0x1fff5c24   0x0000000c   Data   RO          397    .constdata          uart.o
    0x1fff5c30   0x1fff5c30   0x0000008a   Data   RO          632    .constdata          gpio.o
    0x1fff5cba   0x1fff5cba   0x00000002   PAD
    0x1fff5cbc   0x1fff5cbc   0x00000010   Data   RO         1023    .constdata          my_printf.o
    0x1fff5ccc   0x1fff5ccc   0x0000004d   Data   RO         1024    .conststring        my_printf.o
    0x1fff5d19   0x1fff5d19   0x00000003   PAD
    0x1fff5d1c   0x1fff5d1c   0x00000011   Data   RO         1605    .conststring        rf.lib(phy_sec_ext.o)
    0x1fff5d2d   0x1fff5d2d   0x00000003   PAD
    0x1fff5d30   0x1fff5d30   0x00000030   Data   RO         1676    Region$$Table       anon$$obj.o
    0x1fff5d60   0x1fff5d60   0x00000001   Data   RW            9    .data               main.o
    0x1fff5d61   0x1fff5d61   0x00000003   PAD
    0x1fff5d64   0x1fff5d64   0x00000022   Data   RW          188    .data               phy_rf.o
    0x1fff5d86   0x1fff5d86   0x00000002   PAD
    0x1fff5d88   0x1fff5d88   0x00000004   Data   RW          304    .data               osal_phyrf.o
    0x1fff5d8c   0x1fff5d8c   0x00000001   Data   RW          332    .data               smart_rf_app.o
    0x1fff5d8d   0x1fff5d8d   0x00000003   PAD
    0x1fff5d90   0x1fff5d90   0x00000004   Data   RW          807    .data               timer.o
    0x1fff5d94   0x1fff5d94   0x00000018   Data   RW          910    .data               pwrmgr.o
    0x1fff5dac   0x1fff5dac   0x00000008   Data   RW         1025    .data               my_printf.o
    0x1fff5db4   0x1fff5db4   0x0000001c   Data   RW         1091    .data               flash.o
    0x1fff5dd0   0x1fff5dd0   0x00000004   Data   RW         1297    .data               jump_table.o
    0x1fff5dd4   0x1fff5dd4   0x00000004   Data   RW         1337    .data               system_armcm0.o
    0x1fff5dd8   0x1fff5dd8   0x00000020   Data   RW         1450    .data               rf.lib(patch.o)
    0x1fff5df8   0x1fff5df8   0x00000004   Data   RW         1606    .data               rf.lib(phy_sec_ext.o)
    0x1fff5dfc   0x1fff5dfc   0x00000001   Data   RW         1607    .data               rf.lib(phy_sec_ext.o)
    0x1fff5dfd   0x1fff5dfd   0x00000001   PAD
    0x1fff5dfe   0x1fff5dfe   0x0000000e   Data   RW          911    _section_standby_code_  pwrmgr.o
    0x1fff5e0c        -       0x00000400   Zero   RW            7    .bss                main.o
    0x1fff620c        -       0x00000244   Zero   RW          187    .bss                phy_rf.o
    0x1fff6450        -       0x00000040   Zero   RW          396    .bss                uart.o
    0x1fff6490        -       0x0000012c   Zero   RW          631    .bss                gpio.o
    0x1fff65bc        -       0x00000078   Zero   RW          909    .bss                pwrmgr.o
    0x1fff6634        -       0x00000020   Zero   RW         1447    .bss                rf.lib(patch.o)
    0x1fff6654        -       0x00000010   Zero   RW         1603    .bss                rf.lib(phy_sec_ext.o)
    0x1fff6664   0x1fff5e0c   0x00000004   PAD
    0x1fff6668        -       0x00000400   Zero   RW         1326    STACK               startup_armcm0.o



  Load Region LR_ROM_JT_GC (Base: 0x1fff0000, Size: 0x00000800, Max: 0x00000800, ABSOLUTE, COMPRESSED[0x0000040c])

    Execution Region JUMP_TABLE (Exec base: 0x1fff0000, Load base: 0x1fff0000, Size: 0x00000400, Max: 0x00000400, ABSOLUTE)

    Exec Addr    Load Addr    Size         Type   Attr      Idx    E Section Name        Object

    0x1fff0000   0x1fff0000   0x00000400   Data   RO         1299    jump_table_mem_area  jump_table.o


    Execution Region GOLBAL_CONFIG (Exec base: 0x1fff0400, Load base: 0x1fff0400, Size: 0x00000400, Max: 0x00000400, ABSOLUTE, COMPRESSED[0x0000000c])

    Exec Addr    Load Addr    Size         Type   Attr      Idx    E Section Name        Object

    0x1fff0400   COMPRESSED   0x00000400   Data   RW         1298    global_config_area  jump_table.o


==============================================================================

Image component sizes


      Code (inc. data)   RO Data    RW Data    ZI Data      Debug   Object Name

       358         14          0          0          0       2404   clock.o
       772         78          0         28          0      14672   flash.o
      1432        158        138          0        300      23196   gpio.o
       536        332       1024       1028          0       1994   jump_table.o
       492        140         30          1       1024      35794   main.o
      1070         22         93          8          0       7235   my_printf.o
        44          6          9          4          0       1604   osal_phyrf.o
      1796        206          0         34        580      12973   phy_rf.o
       704         96          0         38        120       9124   pwrmgr.o
        84         12          0          1          0       3183   smart_rf_app.o
        20         10          8          0       1024        400   startup_armcm0.o
        16          8          0          4          0        655   system_armcm0.o
        72         16          0          4          0       2041   timer.o
      1264        118         12          0         64      17225   uart.o

    ----------------------------------------------------------------------
      9832       1604       1372       1158       3112     132500   Object Totals
      1164        388         48          0          0          0   (incl. Generated)
         8          0         10          8          0          0   (incl. Padding)

    ----------------------------------------------------------------------

      Code (inc. data)   RO Data    RW Data    ZI Data      Debug   Library Member Name

        58          0          0          0          0          0   __dczerorl.o
         0          0          0          0          0          0   entry.o
         0          0          0          0          0          0   entry10a.o
         0          0          0          0          0          0   entry11a.o
         4          0          0          0          0          0   entry12b.o
         8          4          0          0          0          0   entry2.o
         4          0          0          0          0          0   entry5.o
         0          0          0          0          0          0   entry7b.o
         0          0          0          0          0          0   entry8b.o
         8          4          0          0          0          0   entry9a.o
        30          0          0          0          0          0   handlers.o
        36          8          0          0          0         68   init.o
      5180        666          0         32         32       2092   patch.o
       224         36         17          5         16        276   phy_sec_ext.o
      1942        382          0          0          0        876   rf_phy_driver.o

    ----------------------------------------------------------------------
      7504       1100         20         38         52       3312   Library Totals
        10          0          3          1          4          0   (incl. Padding)

    ----------------------------------------------------------------------

      Code (inc. data)   RO Data    RW Data    ZI Data      Debug   Library Name

       148         16          0          0          0         68   mc_p.l
      7346       1084         17         37         48       3244   rf.lib

    ----------------------------------------------------------------------
      7504       1100         20         38         52       3312   Library Totals

    ----------------------------------------------------------------------

==============================================================================


      Code (inc. data)   RO Data    RW Data    ZI Data      Debug   

     17336       2704       1392       1196       3164     130352   Grand Totals
     17336       2704       1392        184       3164     130352   ELF Image Totals (compressed)
     17336       2704       1392        184          0          0   ROM Totals

==============================================================================

    Total RO  Size (Code + RO Data)                18728 (  18.29kB)
    Total RW  Size (RW Data + ZI Data)              4360 (   4.26kB)
    Total ROM Size (Code + RO Data + RW Data)      18912 (  18.47kB)

==============================================================================

